Archive member included to satisfy reference by file (symbol)

.\CortexM3\ARM_GCC_541\Debug\Saturimetro.a(I2C_Master.o)
                              .\CortexM3\ARM_GCC_541\Debug\I2C_Interface.o (I2C_Master_Start)
.\CortexM3\ARM_GCC_541\Debug\Saturimetro.a(I2C_Master_INT.o)
                              .\CortexM3\ARM_GCC_541\Debug\Saturimetro.a(I2C_Master.o) (I2C_Master_ISR)
.\CortexM3\ARM_GCC_541\Debug\Saturimetro.a(I2C_Master_PM.o)
                              .\CortexM3\ARM_GCC_541\Debug\Saturimetro.a(I2C_Master.o) (I2C_Master_backup)
.\CortexM3\ARM_GCC_541\Debug\Saturimetro.a(I2C_Master_MASTER.o)
                              .\CortexM3\ARM_GCC_541\Debug\Saturimetro.a(I2C_Master.o) (I2C_Master_mstrStatus)
.\CortexM3\ARM_GCC_541\Debug\Saturimetro.a(UART_Debug.o)
                              .\CortexM3\ARM_GCC_541\Debug\main.o (UART_Debug_Start)
.\CortexM3\ARM_GCC_541\Debug\Saturimetro.a(Connection_LED.o)
                              .\CortexM3\ARM_GCC_541\Debug\main.o (Connection_LED_Write)
.\CortexM3\ARM_GCC_541\Debug\Saturimetro.a(isr_MAX30101.o)
                              .\CortexM3\ARM_GCC_541\Debug\main.o (isr_MAX30101_StartEx)
.\CortexM3\ARM_GCC_541\Debug\Saturimetro.a(MAX30101_INT.o)
                              .\CortexM3\ARM_GCC_541\Debug\USER.o (MAX30101_INT_Read)
.\CortexM3\ARM_GCC_541\Debug\Saturimetro.a(UART_Debug_IntClock.o)
                              .\CortexM3\ARM_GCC_541\Debug\Saturimetro.a(UART_Debug.o) (UART_Debug_IntClock_Start)
.\CortexM3\ARM_GCC_541\Debug\Saturimetro.a(CyFlash.o)
                              .\CortexM3\ARM_GCC_541\Debug\CyPm.o (CyFlash_SetWaitCycles)
.\CortexM3\ARM_GCC_541\Debug\Saturimetro.a(CyLib.o)
                              .\CortexM3\ARM_GCC_541\Debug\Cm3Start.o (CyResetStatus)
.\CortexM3\ARM_GCC_541\Debug\Saturimetro.a(CySpc.o)
                              .\CortexM3\ARM_GCC_541\Debug\Saturimetro.a(CyFlash.o) (CySpcStart)
.\CortexM3\ARM_GCC_541\Debug\Saturimetro.a(SleepTimer.o)
                              .\CortexM3\ARM_GCC_541\Debug\main.o (SleepTimer_Start)
.\CortexM3\ARM_GCC_541\Debug\Saturimetro.a(isr_RX.o)
                              .\CortexM3\ARM_GCC_541\Debug\main.o (isr_RX_StartEx)
.\CortexM3\ARM_GCC_541\Debug\Saturimetro.a(CyBootAsmGnu.o)
                              .\CortexM3\ARM_GCC_541\Debug\CyPm.o (CyDelayCycles)
c:/program files (x86)/cypress/psoc creator/4.4/psoc creator/import/gnu/arm/5.4.1/bin/../lib/gcc/arm-none-eabi/5.4.1/armv7-m\libgcc.a(_arm_addsubdf3.o)
                              .\CortexM3\ARM_GCC_541\Debug\MAX30101.o (__aeabi_dadd)
c:/program files (x86)/cypress/psoc creator/4.4/psoc creator/import/gnu/arm/5.4.1/bin/../lib/gcc/arm-none-eabi/5.4.1/armv7-m\libgcc.a(_arm_muldivdf3.o)
                              .\CortexM3\ARM_GCC_541\Debug\MAX30101.o (__aeabi_dmul)
c:/program files (x86)/cypress/psoc creator/4.4/psoc creator/import/gnu/arm/5.4.1/bin/../lib/gcc/arm-none-eabi/5.4.1/armv7-m\libgcc.a(_arm_fixdfsi.o)
                              .\CortexM3\ARM_GCC_541\Debug\SpO2.o (__aeabi_d2iz)
c:/program files (x86)/cypress/psoc creator/4.4/psoc creator/import/gnu/arm/5.4.1/bin/../lib/gcc/arm-none-eabi/5.4.1/armv7-m\libgcc.a(_arm_truncdfsf2.o)
                              .\CortexM3\ARM_GCC_541\Debug\MAX30101.o (__aeabi_d2f)
c:/program files (x86)/cypress/psoc creator/4.4/psoc creator/import/gnu/arm/5.4.1/bin/../lib/gcc/arm-none-eabi/5.4.1/armv7-m\libgcc.a(_arm_addsubsf3.o)
                              .\CortexM3\ARM_GCC_541\Debug\MAX30101.o (__aeabi_ui2f)
c:/program files (x86)/cypress/psoc creator/4.4/psoc creator/import/gnu/arm/5.4.1/bin/../lib/gcc/arm-none-eabi/5.4.1/../../../../arm-none-eabi/lib/armv7-m\libg_nano.a(lib_a-errno.o)
                              .\CortexM3\ARM_GCC_541\Debug\Cm3Start.o (__errno)
c:/program files (x86)/cypress/psoc creator/4.4/psoc creator/import/gnu/arm/5.4.1/bin/../lib/gcc/arm-none-eabi/5.4.1/../../../../arm-none-eabi/lib/armv7-m\libg_nano.a(lib_a-exit.o)
                              c:/program files (x86)/cypress/psoc creator/4.4/psoc creator/import/gnu/arm/5.4.1/bin/../lib/gcc/arm-none-eabi/5.4.1/../../../../arm-none-eabi/lib/armv7-m/crt0.o (exit)
c:/program files (x86)/cypress/psoc creator/4.4/psoc creator/import/gnu/arm/5.4.1/bin/../lib/gcc/arm-none-eabi/5.4.1/../../../../arm-none-eabi/lib/armv7-m\libg_nano.a(lib_a-impure.o)
                              c:/program files (x86)/cypress/psoc creator/4.4/psoc creator/import/gnu/arm/5.4.1/bin/../lib/gcc/arm-none-eabi/5.4.1/../../../../arm-none-eabi/lib/armv7-m\libg_nano.a(lib_a-exit.o) (_global_impure_ptr)
c:/program files (x86)/cypress/psoc creator/4.4/psoc creator/import/gnu/arm/5.4.1/bin/../lib/gcc/arm-none-eabi/5.4.1/../../../../arm-none-eabi/lib/armv7-m\libg_nano.a(lib_a-init.o)
                              c:/program files (x86)/cypress/psoc creator/4.4/psoc creator/import/gnu/arm/5.4.1/bin/../lib/gcc/arm-none-eabi/5.4.1/../../../../arm-none-eabi/lib/armv7-m/crt0.o (__libc_init_array)
[...]
Memory Configuration

Name             Origin             Length             Attributes
rom              0x00000000         0x00040000         xr
ram              0x1fff8000         0x00010000         xrw
*default*        0x00000000         0xffffffff

Linker script and memory map

LOAD c:/program files (x86)/cypress/psoc creator/4.4/psoc creator/import/gnu/arm/5.4.1/bin/../lib/gcc/arm-none-eabi/5.4.1/armv7-m/crti.o
LOAD c:/program files (x86)/cypress/psoc creator/4.4/psoc creator/import/gnu/arm/5.4.1/bin/../lib/gcc/arm-none-eabi/5.4.1/armv7-m/crtbegin.o
LOAD c:/program files (x86)/cypress/psoc creator/4.4/psoc creator/import/gnu/arm/5.4.1/bin/../lib/gcc/arm-none-eabi/5.4.1/../../../../arm-none-eabi/lib/armv7-m/crt0.o
START GROUP
LOAD .\CortexM3\ARM_GCC_541\Debug\main.o
LOAD .\CortexM3\ARM_GCC_541\Debug\I2C_Interface.o
LOAD .\CortexM3\ARM_GCC_541\Debug\MAX30101.o
LOAD .\CortexM3\ARM_GCC_541\Debug\SpO2.o
LOAD .\CortexM3\ARM_GCC_541\Debug\isr.o
LOAD .\CortexM3\ARM_GCC_541\Debug\HeartRate.o
LOAD .\CortexM3\ARM_GCC_541\Debug\millis.o
LOAD .\CortexM3\ARM_GCC_541\Debug\CyPm.o
LOAD .\CortexM3\ARM_GCC_541\Debug\USER.o
LOAD .\CortexM3\ARM_GCC_541\Debug\cyfitter_cfg.o
LOAD .\CortexM3\ARM_GCC_541\Debug\cymetadata.o
LOAD .\CortexM3\ARM_GCC_541\Debug\Cm3Start.o
LOAD .\CortexM3\ARM_GCC_541\Debug\Saturimetro.a
LOAD C:\Program Files (x86)\Cypress\PSoC Creator\4.4\PSoC Creator\psoc\content\cycomponentlibrary\CyComponentLibrary.cylib\CortexM3\ARM_GCC_541\Debug\CyComponentLibrary.a
LOAD c:/program files (x86)/cypress/psoc creator/4.4/psoc creator/import/gnu/arm/5.4.1/bin/../lib/gcc/arm-none-eabi/5.4.1/../../../../arm-none-eabi/lib/armv7-m\libm.a
END GROUP
START GROUP
LOAD c:/program files (x86)/cypress/psoc creator/4.4/psoc creator/import/gnu/arm/5.4.1/bin/../lib/gcc/arm-none-eabi/5.4.1/armv7-m\libgcc.a
LOAD c:/program files (x86)/cypress/psoc creator/4.4/psoc creator/import/gnu/arm/5.4.1/bin/../lib/gcc/arm-none-eabi/5.4.1/../../../../arm-none-eabi/lib/armv7-m\libg_nano.a
LOAD c:/program files (x86)/cypress/psoc creator/4.4/psoc creator/import/gnu/arm/5.4.1/bin/../lib/gcc/arm-none-eabi/5.4.1/../../../../arm-none-eabi/lib/armv7-m\libc_nano.a
END GROUP
START GROUP
LOAD c:/program files (x86)/cypress/psoc creator/4.4/psoc creator/import/gnu/arm/5.4.1/bin/../lib/gcc/arm-none-eabi/5.4.1/armv7-m\libgcc.a
LOAD c:/program files (x86)/cypress/psoc creator/4.4/psoc creator/import/gnu/arm/5.4.1/bin/../lib/gcc/arm-none-eabi/5.4.1/../../../../arm-none-eabi/lib/armv7-m\libc_nano.a
END GROUP
LOAD c:/program files (x86)/cypress/psoc creator/4.4/psoc creator/import/gnu/arm/5.4.1/bin/../lib/gcc/arm-none-eabi/5.4.1/armv7-m/crtend.o
LOAD c:/program files (x86)/cypress/psoc creator/4.4/psoc creator/import/gnu/arm/5.4.1/bin/../lib/gcc/arm-none-eabi/5.4.1/armv7-m/crtn.o
START GROUP
LOAD c:/program files (x86)/cypress/psoc creator/4.4/psoc creator/import/gnu/arm/5.4.1/bin/../lib/gcc/arm-none-eabi/5.4.1/armv7-m\libgcc.a
LOAD c:/program files (x86)/cypress/psoc creator/4.4/psoc creator/import/gnu/arm/5.4.1/bin/../lib/gcc/arm-none-eabi/5.4.1/../../../../arm-none-eabi/lib/armv7-m\libc.a
LOAD c:/program files (x86)/cypress/psoc creator/4.4/psoc creator/import/gnu/arm/5.4.1/bin/../lib/gcc/arm-none-eabi/5.4.1/../../../../arm-none-eabi/lib/armv7-m\libnosys.a
END GROUP
                0x00000000                CY_APPL_ORIGIN = 0x0
                0x00000100                CY_FLASH_ROW_SIZE = 0x100
                0x00000020                CY_ECC_ROW_SIZE = 0x20
                0x00000000                CY_EE_IN_BTLDR = 0x0
                0x00000000                CY_APPL_LOADABLE = 0x0
                0x00000800                CY_EE_SIZE = 0x800
                0x00000001                CY_APPL_NUM = 0x1
                0x00000001                CY_APPL_MAX = 0x1
                0x00000040                CY_METADATA_SIZE = 0x40
                0x00000000                CY_APPL_LOADABLE = 0x0
                0x00000000                CY_CHECKSUM_EXCLUDE_SIZE = ALIGN (0x0, CY_FLASH_ROW_SIZE)
                [!provide]                PROVIDE (__cy_heap_start, _end)
                0x00000001                PROVIDE (__cy_region_num, ((__cy_regions_end - __cy_regions) / 0x10))
                0x20008000                PROVIDE (__cy_stack, (ORIGIN (ram) + LENGTH (ram)))
                [!provide]                PROVIDE (__cy_heap_end, (__cy_stack - 0x800))

.cybootloader   0x00000000        0x0
 *(.cybootloader)
                0x00000000                appl1_start = CY_APPL_ORIGIN?CY_APPL_ORIGIN:ALIGN (CY_FLASH_ROW_SIZE)
                0x0001ff00                appl2_start = (appl1_start + ALIGN ((((LENGTH (rom) - appl1_start) - (0x2 * CY_FLASH_ROW_SIZE)) / 0x2), CY_FLASH_ROW_SIZE))
                0x00000000                appl_start = (CY_APPL_NUM == 0x1)?appl1_start:appl2_start
                0x00000000                ecc_offset = ((appl_start / CY_FLASH_ROW_SIZE) * CY_ECC_ROW_SIZE)
                0x00000000                ee_offset = (CY_APPL_LOADABLE && ! (CY_EE_IN_BTLDR))?((CY_EE_SIZE / CY_APPL_MAX) * (CY_APPL_NUM - 0x1)):0x0
                0x00000800                ee_size = (CY_APPL_LOADABLE && ! (CY_EE_IN_BTLDR))?(CY_EE_SIZE / CY_APPL_MAX):CY_EE_SIZE
                [!provide]                PROVIDE (CY_ECC_OFFSET, ecc_offset)

.text           0x00000000     0x544c
 CREATE_OBJECT_SYMBOLS
                0x00000000                PROVIDE (__cy_interrupt_vector, RomVectors)
 *(.romvectors)
 .romvectors    0x00000000       0x10 .\CortexM3\ARM_GCC_541\Debug\Cm3Start.o
                0x00000000                RomVectors
                0x00000001                ASSERT ((. != __cy_interrupt_vector), No interrupt vector)
                0x00000001                ASSERT (CY_APPL_ORIGIN?(SIZEOF (.cybootloader) <= CY_APPL_ORIGIN):0x1, Wrong image location)
                0x00000010                PROVIDE (__cy_reset, Reset)
 *(.text.Reset)
 .text.Reset    0x00000010       0x18 .\CortexM3\ARM_GCC_541\Debug\Cm3Start.o
                0x00000010                Reset
                0x00000001                ASSERT ((. != __cy_reset), No reset code)
 *(.dma_init)
                0x00000001                ASSERT ((((appl_start + .) <= 0x10000) || 0x1), DMA Init must be within the first 64k of flash)
 *(.text .text.* .gnu.linkonce.t.*)
 .text          0x00000028       0x5c c:/program files (x86)/cypress/psoc creator/4.4/psoc creator/import/gnu/arm/5.4.1/bin/../lib/gcc/arm-none-eabi/5.4.1/armv7-m/crtbegin.o
 .text.main     0x00000084      0x3d8 .\CortexM3\ARM_GCC_541\Debug\main.o
                0x00000084                main
 .text.MAX30101_ISR
                0x0000045c       0x24 .\CortexM3\ARM_GCC_541\Debug\main.o
                0x0000045c                MAX30101_ISR
 .text.I2C_Peripheral_Start
                0x00000480       0x10 .\CortexM3\ARM_GCC_541\Debug\I2C_Interface.o
                0x00000480                I2C_Peripheral_Start
 .text.I2C_Peripheral_ReadRegister
                0x00000490       0x70 .\CortexM3\ARM_GCC_541\Debug\I2C_Interface.o
                0x00000490                I2C_Peripheral_ReadRegister
 .text.I2C_Peripheral_ReadRegisterMulti
                0x00000500       0xa0 .\CortexM3\ARM_GCC_541\Debug\I2C_Interface.o
                0x00000500                I2C_Peripheral_ReadRegisterMulti
 .text.I2C_Peripheral_WriteRegister
                0x000005a0       0x60 .\CortexM3\ARM_GCC_541\Debug\I2C_Interface.o
                0x000005a0                I2C_Peripheral_WriteRegister
 .text.I2C_Peripheral_IsDeviceConnected
                0x00000600       0x30 .\CortexM3\ARM_GCC_541\Debug\I2C_Interface.o
                0x00000600                I2C_Peripheral_IsDeviceConnected
 .text.MAX30101_Start
                0x00000630       0x14 .\CortexM3\ARM_GCC_541\Debug\MAX30101.o
                0x00000630                MAX30101_Start
 .text.MAX30101_IsDevicePresent
                0x00000644       0x1c .\CortexM3\ARM_GCC_541\Debug\MAX30101.o
                0x00000644                MAX30101_IsDevicePresent
 .text.MAX30101_IsFIFOAFull
                0x00000660       0x30 .\CortexM3\ARM_GCC_541\Debug\MAX30101.o
                0x00000660                MAX30101_IsFIFOAFull
 .text.MAX30101_EnableFIFOAFullInt
                0x00000690       0x14 .\CortexM3\ARM_GCC_541\Debug\MAX30101.o
                0x00000690                MAX30101_EnableFIFOAFullInt
 .text.MAX30101_ReadWritePointer
                0x000006a4       0x1c .\CortexM3\ARM_GCC_541\Debug\MAX30101.o
                0x000006a4                MAX30101_ReadWritePointer
 .text.MAX30101_ReadReadPointer
                0x000006c0       0x1c .\CortexM3\ARM_GCC_541\Debug\MAX30101.o
                0x000006c0                MAX30101_ReadReadPointer
 .text.MAX30101_ClearFIFO
                0x000006dc       0xc8 .\CortexM3\ARM_GCC_541\Debug\MAX30101.o
                0x000006dc                MAX30101_ClearFIFO
 .text.MAX30101_ReadRawFIFOBytes
                0x000007a4       0x48 .\CortexM3\ARM_GCC_541\Debug\MAX30101.o
                0x000007a4                MAX30101_ReadRawFIFOBytes
 .text.MAX30101_ReadFIFO
                0x000007ec      0x164 .\CortexM3\ARM_GCC_541\Debug\MAX30101.o
                0x000007ec                MAX30101_ReadFIFO
 .text.MAX30101_SetSampleAverage
                0x00000950       0x20 .\CortexM3\ARM_GCC_541\Debug\MAX30101.o
                0x00000950                MAX30101_SetSampleAverage
 .text.MAX30101_EnableFIFORollover
                0x00000970       0x14 .\CortexM3\ARM_GCC_541\Debug\MAX30101.o
                0x00000970                MAX30101_EnableFIFORollover
 .text.MAX30101_SetFIFOAlmostFull
                0x00000984       0x28 .\CortexM3\ARM_GCC_541\Debug\MAX30101.o
                0x00000984                MAX30101_SetFIFOAlmostFull
 .text.MAX30101_WakeUp
                0x000009ac       0x14 .\CortexM3\ARM_GCC_541\Debug\MAX30101.o
                0x000009ac                MAX30101_WakeUp
 .text.MAX30101_Reset
                0x000009c0       0x14 .\CortexM3\ARM_GCC_541\Debug\MAX30101.o
                0x000009c0                MAX30101_Reset
 .text.MAX30101_SetMode
                0x000009d4       0x20 .\CortexM3\ARM_GCC_541\Debug\MAX30101.o
                0x000009d4                MAX30101_SetMode
 .text.MAX30101_SetSpO2ADCRange
                0x000009f4       0x20 .\CortexM3\ARM_GCC_541\Debug\MAX30101.o
                0x000009f4                MAX30101_SetSpO2ADCRange
 .text.MAX30101_SetSpO2SampleRate
                0x00000a14       0x20 .\CortexM3\ARM_GCC_541\Debug\MAX30101.o
                0x00000a14                MAX30101_SetSpO2SampleRate
 .text.MAX30101_SetSpO2PulseWidth
                0x00000a34       0x20 .\CortexM3\ARM_GCC_541\Debug\MAX30101.o
                0x00000a34                MAX30101_SetSpO2PulseWidth
 .text.MAX30101_SetLEDPulseAmplitude
                0x00000a54       0x64 .\CortexM3\ARM_GCC_541\Debug\MAX30101.o
                0x00000a54                MAX30101_SetLEDPulseAmplitude
 .text.MAX30101_DisableSlots
                0x00000ab8       0x30 .\CortexM3\ARM_GCC_541\Debug\MAX30101.o
                0x00000ab8                MAX30101_DisableSlots
 .text.MAX30101_ReadPartID
                0x00000ae8       0x1c .\CortexM3\ARM_GCC_541\Debug\MAX30101.o
                0x00000ae8                MAX30101_ReadPartID
 .text.MAX30101_ReadRevisionID
                0x00000b04       0x1c .\CortexM3\ARM_GCC_541\Debug\MAX30101.o
                0x00000b04                MAX30101_ReadRevisionID
 .text.MAX30101_ReadRegister
                0x00000b20       0x3c .\CortexM3\ARM_GCC_541\Debug\MAX30101.o
                0x00000b20                MAX30101_ReadRegister
 .text.MAX30101_LogRegisters
                0x00000b5c       0x68 .\CortexM3\ARM_GCC_541\Debug\MAX30101.o
                0x00000b5c                MAX30101_LogRegisters
 .text.MAX30101_PrintRegister
                0x00000bc4       0x4c .\CortexM3\ARM_GCC_541\Debug\MAX30101.o
                0x00000bc4                MAX30101_PrintRegister
 .text.MAX30101_WriteRegister
                0x00000c10       0x34 .\CortexM3\ARM_GCC_541\Debug\MAX30101.o
 .text.MAX30101_BitMask
                0x00000c44       0x54 .\CortexM3\ARM_GCC_541\Debug\MAX30101.o
 .text.maxim_heart_rate_and_oxygen_saturation
                0x00000c98      0x6dc .\CortexM3\ARM_GCC_541\Debug\SpO2.o
                0x00000c98                maxim_heart_rate_and_oxygen_saturation
 .text.maxim_find_peaks
                0x00001374       0x44 .\CortexM3\ARM_GCC_541\Debug\SpO2.o
                0x00001374                maxim_find_peaks
 .text.maxim_peaks_above_min_height
                0x000013b8       0xe4 .\CortexM3\ARM_GCC_541\Debug\SpO2.o
                0x000013b8                maxim_peaks_above_min_height
 .text.maxim_remove_close_peaks
                0x0000149c       0xc0 .\CortexM3\ARM_GCC_541\Debug\SpO2.o
                0x0000149c                maxim_remove_close_peaks
 .text.maxim_sort_ascend
                0x0000155c       0x84 .\CortexM3\ARM_GCC_541\Debug\SpO2.o
                0x0000155c                maxim_sort_ascend
 .text.maxim_sort_indices_descend
                0x000015e0       0x94 .\CortexM3\ARM_GCC_541\Debug\SpO2.o
                0x000015e0                maxim_sort_indices_descend
 .text.Custom_ISR_RX
                0x00001674       0x24 .\CortexM3\ARM_GCC_541\Debug\isr.o
                0x00001674                Custom_ISR_RX
 .text.USER     0x00001698      0x1a8 .\CortexM3\ARM_GCC_541\Debug\USER.o
                0x00001698                USER
 .text.CYMEMZERO
                0x00001840       0x1c .\CortexM3\ARM_GCC_541\Debug\cyfitter_cfg.o
 .text.CYCONFIGCPY
                0x0000185c       0x20 .\CortexM3\ARM_GCC_541\Debug\cyfitter_cfg.o
 .text.CyClockStartupError
                0x0000187c        0xc .\CortexM3\ARM_GCC_541\Debug\cyfitter_cfg.o
 .text.cfg_write_bytes32
                0x00001888       0x74 .\CortexM3\ARM_GCC_541\Debug\cyfitter_cfg.o
 .text.ClockSetup
                0x000018fc      0x118 .\CortexM3\ARM_GCC_541\Debug\cyfitter_cfg.o
 .text.AnalogSetDefault
                0x00001a14       0x44 .\CortexM3\ARM_GCC_541\Debug\cyfitter_cfg.o
 .text.cyfitter_cfg
                0x00001a58      0x180 .\CortexM3\ARM_GCC_541\Debug\cyfitter_cfg.o
                0x00001a58                cyfitter_cfg
 .text.IntDefaultHandler
                0x00001bd8       0x14 .\CortexM3\ARM_GCC_541\Debug\Cm3Start.o
                0x00001bd8                IntDefaultHandler
 .text._sbrk    0x00001bec       0x50 .\CortexM3\ARM_GCC_541\Debug\Cm3Start.o
                0x00001bec                _sbrk
 .text.Start_c  0x00001c3c       0x98 .\CortexM3\ARM_GCC_541\Debug\Cm3Start.o
                0x00001c3c                Start_c
 .text.initialize_psoc
                0x00001cd4       0x90 .\CortexM3\ARM_GCC_541\Debug\Cm3Start.o
                0x00001cd4                initialize_psoc
 .text.I2C_Master_Init
                0x00001d64       0x84 .\CortexM3\ARM_GCC_541\Debug\Saturimetro.a(I2C_Master.o)
                0x00001d64                I2C_Master_Init
 .text.I2C_Master_Enable
                0x00001de8       0x48 .\CortexM3\ARM_GCC_541\Debug\Saturimetro.a(I2C_Master.o)
                0x00001de8                I2C_Master_Enable
 .text.I2C_Master_Start
                0x00001e30       0x30 .\CortexM3\ARM_GCC_541\Debug\Saturimetro.a(I2C_Master.o)
                0x00001e30                I2C_Master_Start
 .text.I2C_Master_ISR
                0x00001e60      0x3a8 .\CortexM3\ARM_GCC_541\Debug\Saturimetro.a(I2C_Master_INT.o)
                0x00001e60                I2C_Master_ISR
 .text.I2C_Master_MasterSendStart
                0x00002208       0xb8 .\CortexM3\ARM_GCC_541\Debug\Saturimetro.a(I2C_Master_MASTER.o)
                0x00002208                I2C_Master_MasterSendStart
 .text.I2C_Master_MasterSendRestart
                0x000022c0       0xa4 .\CortexM3\ARM_GCC_541\Debug\Saturimetro.a(I2C_Master_MASTER.o)
                0x000022c0                I2C_Master_MasterSendRestart
 .text.I2C_Master_MasterSendStop
                0x00002364       0x58 .\CortexM3\ARM_GCC_541\Debug\Saturimetro.a(I2C_Master_MASTER.o)
                0x00002364                I2C_Master_MasterSendStop
 .text.I2C_Master_MasterWriteByte
                0x000023bc       0x80 .\CortexM3\ARM_GCC_541\Debug\Saturimetro.a(I2C_Master_MASTER.o)
                0x000023bc                I2C_Master_MasterWriteByte
 .text.I2C_Master_MasterReadByte
                0x0000243c       0x78 .\CortexM3\ARM_GCC_541\Debug\Saturimetro.a(I2C_Master_MASTER.o)
                0x0000243c                I2C_Master_MasterReadByte
 .text.UART_Debug_Start
                0x000024b4       0x24 .\CortexM3\ARM_GCC_541\Debug\Saturimetro.a(UART_Debug.o)
                0x000024b4                UART_Debug_Start
 .text.UART_Debug_Init
                0x000024d8       0x40 .\CortexM3\ARM_GCC_541\Debug\Saturimetro.a(UART_Debug.o)
                0x000024d8                UART_Debug_Init
 .text.UART_Debug_Enable
                0x00002518       0x60 .\CortexM3\ARM_GCC_541\Debug\Saturimetro.a(UART_Debug.o)
                0x00002518                UART_Debug_Enable
 .text.UART_Debug_GetChar
                0x00002578       0x44 .\CortexM3\ARM_GCC_541\Debug\Saturimetro.a(UART_Debug.o)
                0x00002578                UART_Debug_GetChar
 .text.UART_Debug_PutChar
                0x000025bc       0x34 .\CortexM3\ARM_GCC_541\Debug\Saturimetro.a(UART_Debug.o)
                0x000025bc                UART_Debug_PutChar
 .text.UART_Debug_PutString
                0x000025f0       0x44 .\CortexM3\ARM_GCC_541\Debug\Saturimetro.a(UART_Debug.o)
                0x000025f0                UART_Debug_PutString
 .text.Connection_LED_Write
                0x00002634       0x3c .\CortexM3\ARM_GCC_541\Debug\Saturimetro.a(Connection_LED.o)
                0x00002634                Connection_LED_Write
 .text.Connection_LED_Read
                0x00002670       0x20 .\CortexM3\ARM_GCC_541\Debug\Saturimetro.a(Connection_LED.o)
                0x00002670                Connection_LED_Read
 .text.isr_MAX30101_StartEx
                0x00002690       0x24 .\CortexM3\ARM_GCC_541\Debug\Saturimetro.a(isr_MAX30101.o)
                0x00002690                isr_MAX30101_StartEx
 .text.isr_MAX30101_SetVector
                0x000026b4       0x24 .\CortexM3\ARM_GCC_541\Debug\Saturimetro.a(isr_MAX30101.o)
                0x000026b4                isr_MAX30101_SetVector
 .text.isr_MAX30101_SetPriority
                0x000026d8       0x24 .\CortexM3\ARM_GCC_541\Debug\Saturimetro.a(isr_MAX30101.o)
                0x000026d8                isr_MAX30101_SetPriority
 .text.isr_MAX30101_Enable
                0x000026fc       0x18 .\CortexM3\ARM_GCC_541\Debug\Saturimetro.a(isr_MAX30101.o)
                0x000026fc                isr_MAX30101_Enable
 .text.isr_MAX30101_Disable
                0x00002714       0x18 .\CortexM3\ARM_GCC_541\Debug\Saturimetro.a(isr_MAX30101.o)
                0x00002714                isr_MAX30101_Disable
 .text.MAX30101_INT_Read
                0x0000272c       0x20 .\CortexM3\ARM_GCC_541\Debug\Saturimetro.a(MAX30101_INT.o)
                0x0000272c                MAX30101_INT_Read
 .text.MAX30101_INT_ClearInterrupt
                0x0000274c       0x20 .\CortexM3\ARM_GCC_541\Debug\Saturimetro.a(MAX30101_INT.o)
                0x0000274c                MAX30101_INT_ClearInterrupt
 .text.UART_Debug_IntClock_Start
                0x0000276c       0x34 .\CortexM3\ARM_GCC_541\Debug\Saturimetro.a(UART_Debug_IntClock.o)
                0x0000276c                UART_Debug_IntClock_Start
 .text.CyHalt   0x000027a0       0x18 .\CortexM3\ARM_GCC_541\Debug\Saturimetro.a(CyLib.o)
                0x000027a0                CyHalt
 .text.CyDelay  0x000027b8       0x44 .\CortexM3\ARM_GCC_541\Debug\Saturimetro.a(CyLib.o)
                0x000027b8                CyDelay
 .text.CyIntSetVector
                0x000027fc       0x50 .\CortexM3\ARM_GCC_541\Debug\Saturimetro.a(CyLib.o)
                0x000027fc                CyIntSetVector
 .text.CyIntSetPriority
                0x0000284c       0x48 .\CortexM3\ARM_GCC_541\Debug\Saturimetro.a(CyLib.o)
                0x0000284c                CyIntSetPriority
 .text.SleepTimer_Start
                0x00002894       0x24 .\CortexM3\ARM_GCC_541\Debug\Saturimetro.a(SleepTimer.o)
                0x00002894                SleepTimer_Start
 .text.SleepTimer_Init
                0x000028b8       0x14 .\CortexM3\ARM_GCC_541\Debug\Saturimetro.a(SleepTimer.o)
                0x000028b8                SleepTimer_Init
 .text.SleepTimer_Enable
                0x000028cc       0x78 .\CortexM3\ARM_GCC_541\Debug\Saturimetro.a(SleepTimer.o)
                0x000028cc                SleepTimer_Enable
 .text.SleepTimer_EnableInt
                0x00002944       0x34 .\CortexM3\ARM_GCC_541\Debug\Saturimetro.a(SleepTimer.o)
                0x00002944                SleepTimer_EnableInt
 .text.SleepTimer_SetInterval
                0x00002978       0x48 .\CortexM3\ARM_GCC_541\Debug\Saturimetro.a(SleepTimer.o)
                0x00002978                SleepTimer_SetInterval
 .text.isr_RX_StartEx
                0x000029c0       0x24 .\CortexM3\ARM_GCC_541\Debug\Saturimetro.a(isr_RX.o)
                0x000029c0                isr_RX_StartEx
 .text.isr_RX_SetVector
                0x000029e4       0x24 .\CortexM3\ARM_GCC_541\Debug\Saturimetro.a(isr_RX.o)
                0x000029e4                isr_RX_SetVector
 .text.isr_RX_SetPriority
                0x00002a08       0x24 .\CortexM3\ARM_GCC_541\Debug\Saturimetro.a(isr_RX.o)
                0x00002a08                isr_RX_SetPriority
 .text.isr_RX_Enable
                0x00002a2c       0x18 .\CortexM3\ARM_GCC_541\Debug\Saturimetro.a(isr_RX.o)
                0x00002a2c                isr_RX_Enable
 .text.isr_RX_Disable
                0x00002a44       0x18 .\CortexM3\ARM_GCC_541\Debug\Saturimetro.a(isr_RX.o)
                0x00002a44                isr_RX_Disable
 *fill*         0x00002a5c        0x4 
 .text          0x00002a60       0x20 .\CortexM3\ARM_GCC_541\Debug\Saturimetro.a(CyBootAsmGnu.o)
                0x00002a60                CyDelayCycles
                0x00002a70                CyEnterCriticalSection
                0x00002a78                CyExitCriticalSection
 .text          0x00002a80      0x370 c:/program files (x86)/cypress/psoc creator/4.4/psoc creator/import/gnu/arm/5.4.1/bin/../lib/gcc/arm-none-eabi/5.4.1/armv7-m\libgcc.a(_arm_addsubdf3.o)
                0x00002a80                __aeabi_drsub
                0x00002a88                __aeabi_dsub
                0x00002a88                __subdf3
                0x00002a8c                __aeabi_dadd
                0x00002a8c                __adddf3
                0x00002d04                __floatunsidf
                0x00002d04                __aeabi_ui2d
                0x00002d24                __floatsidf
                0x00002d24                __aeabi_i2d
                0x00002d48                __aeabi_f2d
                0x00002d48                __extendsfdf2
                0x00002d84                __floatundidf
                0x00002d84                __aeabi_ul2d
                0x00002d94                __floatdidf
                0x00002d94                __aeabi_l2d
 .text          0x00002df0      0x424 c:/program files (x86)/cypress/psoc creator/4.4/psoc creator/import/gnu/arm/5.4.1/bin/../lib/gcc/arm-none-eabi/5.4.1/armv7-m\libgcc.a(_arm_muldivdf3.o)
                0x00002df0                __aeabi_dmul
                0x00002df0                __muldf3
                0x00003044                __divdf3
                0x00003044                __aeabi_ddiv
 .text          0x00003214       0x50 c:/program files (x86)/cypress/psoc creator/4.4/psoc creator/import/gnu/arm/5.4.1/bin/../lib/gcc/arm-none-eabi/5.4.1/armv7-m\libgcc.a(_arm_fixdfsi.o)
                0x00003214                __aeabi_d2iz
                0x00003214                __fixdfsi
 .text.__errno  0x00003264        0xc c:/program files (x86)/cypress/psoc creator/4.4/psoc creator/import/gnu/arm/5.4.1/bin/../lib/gcc/arm-none-eabi/5.4.1/../../../../arm-none-eabi/lib/armv7-m\libg_nano.a(lib_a-errno.o)
                0x00003264                __errno
 .text.__libc_init_array
                0x00003270       0x4c c:/program files (x86)/cypress/psoc creator/4.4/psoc creator/import/gnu/arm/5.4.1/bin/../lib/gcc/arm-none-eabi/5.4.1/../../../../arm-none-eabi/lib/armv7-m\libg_nano.a(lib_a-init.o)
                0x00003270                __libc_init_array
 .text.memcpy   0x000032bc       0x16 c:/program files (x86)/cypress/psoc creator/4.4/psoc creator/import/gnu/arm/5.4.1/bin/../lib/gcc/arm-none-eabi/5.4.1/../../../../arm-none-eabi/lib/armv7-m\libg_nano.a(lib_a-memcpy-stub.o)
                0x000032bc                memcpy
 .text.memset   0x000032d2       0x10 c:/program files (x86)/cypress/psoc creator/4.4/psoc creator/import/gnu/arm/5.4.1/bin/../lib/gcc/arm-none-eabi/5.4.1/../../../../arm-none-eabi/lib/armv7-m\libg_nano.a(lib_a-memset.o)
                0x000032d2                memset
 .text.__cvt    0x000032e2       0xc0 c:/program files (x86)/cypress/psoc creator/4.4/psoc creator/import/gnu/arm/5.4.1/bin/../lib/gcc/arm-none-eabi/5.4.1/../../../../arm-none-eabi/lib/armv7-m\libg_nano.a(lib_a-nano-vfprintf_float.o)
                0x000032e2                __cvt
 .text.__exponent
                0x000033a2       0x62 c:/program files (x86)/cypress/psoc creator/4.4/psoc creator/import/gnu/arm/5.4.1/bin/../lib/gcc/arm-none-eabi/5.4.1/../../../../arm-none-eabi/lib/armv7-m\libg_nano.a(lib_a-nano-vfprintf_float.o)
                0x000033a2                __exponent
 .text._printf_float
                0x00003404      0x488 c:/program files (x86)/cypress/psoc creator/4.4/psoc creator/import/gnu/arm/5.4.1/bin/../lib/gcc/arm-none-eabi/5.4.1/../../../../arm-none-eabi/lib/armv7-m\libg_nano.a(lib_a-nano-vfprintf_float.o)
                0x00003404                _printf_float
 .text._printf_common
                0x0000388c       0xec c:/program files (x86)/cypress/psoc creator/4.4/psoc creator/import/gnu/arm/5.4.1/bin/../lib/gcc/arm-none-eabi/5.4.1/../../../../arm-none-eabi/lib/armv7-m\libg_nano.a(lib_a-nano-vfprintf_i.o)
                0x0000388c                _printf_common
 .text._printf_i
                0x00003978      0x24c c:/program files (x86)/cypress/psoc creator/4.4/psoc creator/import/gnu/arm/5.4.1/bin/../lib/gcc/arm-none-eabi/5.4.1/../../../../arm-none-eabi/lib/armv7-m\libg_nano.a(lib_a-nano-vfprintf_i.o)
                0x00003978                _printf_i
 .text.sprintf  0x00003bc4       0x48 c:/program files (x86)/cypress/psoc creator/4.4/psoc creator/import/gnu/arm/5.4.1/bin/../lib/gcc/arm-none-eabi/5.4.1/../../../../arm-none-eabi/lib/armv7-m\libg_nano.a(lib_a-sprintf.o)
                0x00003bc4                siprintf
                0x00003bc4                sprintf
 .text          0x00003c0c       0x10 c:/program files (x86)/cypress/psoc creator/4.4/psoc creator/import/gnu/arm/5.4.1/bin/../lib/gcc/arm-none-eabi/5.4.1/../../../../arm-none-eabi/lib/armv7-m\libg_nano.a(lib_a-strlen.o)
                0x00003c0c                strlen
 .text.quorem   0x00003c1c      0x116 c:/program files (x86)/cypress/psoc creator/4.4/psoc creator/import/gnu/arm/5.4.1/bin/../lib/gcc/arm-none-eabi/5.4.1/../../../../arm-none-eabi/lib/armv7-m\libg_nano.a(lib_a-dtoa.o)
 *fill*         0x00003d32        0x6 
 .text._dtoa_r  0x00003d38      0xb30 c:/program files (x86)/cypress/psoc creator/4.4/psoc creator/import/gnu/arm/5.4.1/bin/../lib/gcc/arm-none-eabi/5.4.1/../../../../arm-none-eabi/lib/armv7-m\libg_nano.a(lib_a-dtoa.o)
                0x00003d38                _dtoa_r
 .text._localeconv_r
                0x00004868        0x8 c:/program files (x86)/cypress/psoc creator/4.4/psoc creator/import/gnu/arm/5.4.1/bin/../lib/gcc/arm-none-eabi/5.4.1/../../../../arm-none-eabi/lib/armv7-m\libg_nano.a(lib_a-locale.o)
                0x00004868                _localeconv_r
 .text.malloc   0x00004870       0x10 c:/program files (x86)/cypress/psoc creator/4.4/psoc creator/import/gnu/arm/5.4.1/bin/../lib/gcc/arm-none-eabi/5.4.1/../../../../arm-none-eabi/lib/armv7-m\libg_nano.a(lib_a-malloc.o)
                0x00004870                malloc
 .text.memchr   0x00004880       0x1c c:/program files (x86)/cypress/psoc creator/4.4/psoc creator/import/gnu/arm/5.4.1/bin/../lib/gcc/arm-none-eabi/5.4.1/../../../../arm-none-eabi/lib/armv7-m\libg_nano.a(lib_a-memchr-stub.o)
                0x00004880                memchr
 .text._Balloc  0x0000489c       0x6a c:/program files (x86)/cypress/psoc creator/4.4/psoc creator/import/gnu/arm/5.4.1/bin/../lib/gcc/arm-none-eabi/5.4.1/../../../../arm-none-eabi/lib/armv7-m\libg_nano.a(lib_a-mprec.o)
                0x0000489c                _Balloc
 .text._Bfree   0x00004906       0x2e c:/program files (x86)/cypress/psoc creator/4.4/psoc creator/import/gnu/arm/5.4.1/bin/../lib/gcc/arm-none-eabi/5.4.1/../../../../arm-none-eabi/lib/armv7-m\libg_nano.a(lib_a-mprec.o)
                0x00004906                _Bfree
 .text.__multadd
                0x00004934       0x76 c:/program files (x86)/cypress/psoc creator/4.4/psoc creator/import/gnu/arm/5.4.1/bin/../lib/gcc/arm-none-eabi/5.4.1/../../../../arm-none-eabi/lib/armv7-m\libg_nano.a(lib_a-mprec.o)
                0x00004934                __multadd
 .text.__hi0bits
                0x000049aa       0x40 c:/program files (x86)/cypress/psoc creator/4.4/psoc creator/import/gnu/arm/5.4.1/bin/../lib/gcc/arm-none-eabi/5.4.1/../../../../arm-none-eabi/lib/armv7-m\libg_nano.a(lib_a-mprec.o)
                0x000049aa                __hi0bits
 .text.__lo0bits
                0x000049ea       0x5a c:/program files (x86)/cypress/psoc creator/4.4/psoc creator/import/gnu/arm/5.4.1/bin/../lib/gcc/arm-none-eabi/5.4.1/../../../../arm-none-eabi/lib/armv7-m\libg_nano.a(lib_a-mprec.o)
                0x000049ea                __lo0bits
 .text.__i2b    0x00004a44       0x12 c:/program files (x86)/cypress/psoc creator/4.4/psoc creator/import/gnu/arm/5.4.1/bin/../lib/gcc/arm-none-eabi/5.4.1/../../../../arm-none-eabi/lib/armv7-m\libg_nano.a(lib_a-mprec.o)
                0x00004a44                __i2b
 .text.__multiply
                0x00004a56      0x120 c:/program files (x86)/cypress/psoc creator/4.4/psoc creator/import/gnu/arm/5.4.1/bin/../lib/gcc/arm-none-eabi/5.4.1/../../../../arm-none-eabi/lib/armv7-m\libg_nano.a(lib_a-mprec.o)
                0x00004a56                __multiply
 *fill*         0x00004b76        0x2 
 .text.__pow5mult
                0x00004b78       0x9c c:/program files (x86)/cypress/psoc creator/4.4/psoc creator/import/gnu/arm/5.4.1/bin/../lib/gcc/arm-none-eabi/5.4.1/../../../../arm-none-eabi/lib/armv7-m\libg_nano.a(lib_a-mprec.o)
                0x00004b78                __pow5mult
 .text.__lshift
                0x00004c14       0xa2 c:/program files (x86)/cypress/psoc creator/4.4/psoc creator/import/gnu/arm/5.4.1/bin/../lib/gcc/arm-none-eabi/5.4.1/../../../../arm-none-eabi/lib/armv7-m\libg_nano.a(lib_a-mprec.o)
                0x00004c14                __lshift
 .text.__mcmp   0x00004cb6       0x38 c:/program files (x86)/cypress/psoc creator/4.4/psoc creator/import/gnu/arm/5.4.1/bin/../lib/gcc/arm-none-eabi/5.4.1/../../../../arm-none-eabi/lib/armv7-m\libg_nano.a(lib_a-mprec.o)
                0x00004cb6                __mcmp
 .text.__mdiff  0x00004cee       0xbe c:/program files (x86)/cypress/psoc creator/4.4/psoc creator/import/gnu/arm/5.4.1/bin/../lib/gcc/arm-none-eabi/5.4.1/../../../../arm-none-eabi/lib/armv7-m\libg_nano.a(lib_a-mprec.o)
                0x00004cee                __mdiff
 .text.__d2b    0x00004dac       0x9c c:/program files (x86)/cypress/psoc creator/4.4/psoc creator/import/gnu/arm/5.4.1/bin/../lib/gcc/arm-none-eabi/5.4.1/../../../../arm-none-eabi/lib/armv7-m\libg_nano.a(lib_a-mprec.o)
                0x00004dac                __d2b
 .text._calloc_r
                0x00004e48       0x1c c:/program files (x86)/cypress/psoc creator/4.4/psoc creator/import/gnu/arm/5.4.1/bin/../lib/gcc/arm-none-eabi/5.4.1/../../../../arm-none-eabi/lib/armv7-m\libg_nano.a(lib_a-nano-callocr.o)
                0x00004e48                _calloc_r
 .text._free_r  0x00004e64       0x98 c:/program files (x86)/cypress/psoc creator/4.4/psoc creator/import/gnu/arm/5.4.1/bin/../lib/gcc/arm-none-eabi/5.4.1/../../../../arm-none-eabi/lib/armv7-m\libg_nano.a(lib_a-nano-freer.o)
                0x00004e64                _free_r
 .text._malloc_r
                0x00004efc       0xbc c:/program files (x86)/cypress/psoc creator/4.4/psoc creator/import/gnu/arm/5.4.1/bin/../lib/gcc/arm-none-eabi/5.4.1/../../../../arm-none-eabi/lib/armv7-m\libg_nano.a(lib_a-nano-mallocr.o)
                0x00004efc                _malloc_r
 .text.__ssputs_r
                0x00004fb8       0xb2 c:/program files (x86)/cypress/psoc creator/4.4/psoc creator/import/gnu/arm/5.4.1/bin/../lib/gcc/arm-none-eabi/5.4.1/../../../../arm-none-eabi/lib/armv7-m\libg_nano.a(lib_a-nano-svfprintf.o)
                0x00004fb8                __ssputs_r
 *fill*         0x0000506a        0x2 
 .text._svfprintf_r
                0x0000506c      0x1e8 c:/program files (x86)/cypress/psoc creator/4.4/psoc creator/import/gnu/arm/5.4.1/bin/../lib/gcc/arm-none-eabi/5.4.1/../../../../arm-none-eabi/lib/armv7-m\libg_nano.a(lib_a-nano-svfprintf.o)
                0x0000506c                _svfiprintf_r
                0x0000506c                _svfprintf_r
 .text._sbrk_r  0x00005254       0x20 c:/program files (x86)/cypress/psoc creator/4.4/psoc creator/import/gnu/arm/5.4.1/bin/../lib/gcc/arm-none-eabi/5.4.1/../../../../arm-none-eabi/lib/armv7-m\libg_nano.a(lib_a-sbrkr.o)
                0x00005254                _sbrk_r
 .text.memmove  0x00005274       0x36 c:/program files (x86)/cypress/psoc creator/4.4/psoc creator/import/gnu/arm/5.4.1/bin/../lib/gcc/arm-none-eabi/5.4.1/../../../../arm-none-eabi/lib/armv7-m\libg_nano.a(lib_a-memmove.o)
                0x00005274                memmove
 .text.__malloc_lock
                0x000052aa        0x2 c:/program files (x86)/cypress/psoc creator/4.4/psoc creator/import/gnu/arm/5.4.1/bin/../lib/gcc/arm-none-eabi/5.4.1/../../../../arm-none-eabi/lib/armv7-m\libg_nano.a(lib_a-mlock.o)
                0x000052aa                __malloc_lock
 .text.__malloc_unlock
                0x000052ac        0x2 c:/program files (x86)/cypress/psoc creator/4.4/psoc creator/import/gnu/arm/5.4.1/bin/../lib/gcc/arm-none-eabi/5.4.1/../../../../arm-none-eabi/lib/armv7-m\libg_nano.a(lib_a-mlock.o)
                0x000052ac                __malloc_unlock
 .text._realloc_r
                0x000052ae       0x4c c:/program files (x86)/cypress/psoc creator/4.4/psoc creator/import/gnu/arm/5.4.1/bin/../lib/gcc/arm-none-eabi/5.4.1/../../../../arm-none-eabi/lib/armv7-m\libg_nano.a(lib_a-nano-reallocr.o)
                0x000052ae                _realloc_r
 .text._malloc_usable_size_r
                0x000052fa       0x14 c:/program files (x86)/cypress/psoc creator/4.4/psoc creator/import/gnu/arm/5.4.1/bin/../lib/gcc/arm-none-eabi/5.4.1/../../../../arm-none-eabi/lib/armv7-m\libg_nano.a(lib_a-nano-msizer.o)
                0x000052fa                _malloc_usable_size_r
 *fill*         0x0000530e        0x2 
 .text          0x00005310      0x110 c:/program files (x86)/cypress/psoc creator/4.4/psoc creator/import/gnu/arm/5.4.1/bin/../lib/gcc/arm-none-eabi/5.4.1/armv7-m\libgcc.a(_arm_cmpdf2.o)
                0x00005310                __gtdf2
                0x00005310                __gedf2
                0x00005318                __ltdf2
                0x00005318                __ledf2
                0x00005320                __nedf2
                0x00005320                __eqdf2
                0x00005320                __cmpdf2
                0x0000539c                __aeabi_cdrcmple
                0x000053ac                __aeabi_cdcmpeq
                0x000053ac                __aeabi_cdcmple
                0x000053bc                __aeabi_dcmpeq
                0x000053d0                __aeabi_dcmplt
                0x000053e4                __aeabi_dcmple
                0x000053f8                __aeabi_dcmpge
                0x0000540c                __aeabi_dcmpgt
 .text          0x00005420       0x2c c:/program files (x86)/cypress/psoc creator/4.4/psoc creator/import/gnu/arm/5.4.1/bin/../lib/gcc/arm-none-eabi/5.4.1/armv7-m\libgcc.a(_arm_unorddf2.o)
                0x00005420                __unorddf2
                0x00005420                __aeabi_dcmpun
 *(.plt)
 *(.gnu.warning)
 *(.glue_7t)
 .glue_7t       0x0000544c        0x0 linker stubs
 *(.glue_7)
 .glue_7        0x0000544c        0x0 linker stubs
 *(.vfp11_veneer)
 .vfp11_veneer  0x0000544c        0x0 linker stubs
 *(.bootloader)
 *(.ARM.extab* .gnu.linkonce.armextab.*)
 *(.gcc_except_table)

.v4_bx          0x0000544c        0x0
 .v4_bx         0x0000544c        0x0 linker stubs

.iplt           0x0000544c        0x0
 .iplt          0x0000544c        0x0 c:/program files (x86)/cypress/psoc creator/4.4/psoc creator/import/gnu/arm/5.4.1/bin/../lib/gcc/arm-none-eabi/5.4.1/armv7-m/crtbegin.o

.eh_frame_hdr
 *(.eh_frame_hdr)

.eh_frame       0x0000544c        0x4
 *(.eh_frame)
 .eh_frame      0x0000544c        0x0 c:/program files (x86)/cypress/psoc creator/4.4/psoc creator/import/gnu/arm/5.4.1/bin/../lib/gcc/arm-none-eabi/5.4.1/armv7-m/crtbegin.o
 .eh_frame      0x0000544c        0x4 c:/program files (x86)/cypress/psoc creator/4.4/psoc creator/import/gnu/arm/5.4.1/bin/../lib/gcc/arm-none-eabi/5.4.1/armv7-m/crtend.o
                [!provide]                PROVIDE (__exidx_start, .)

.ARM.exidx
 *(.ARM.exidx* .gnu.linkonce.armexidx.*)
                0x00005450                __exidx_end = .

.rodata         0x00005450      0x290
 *(.rodata .rodata.* .gnu.linkonce.r.*)
 .rodata        0x00005450       0x69 .\CortexM3\ARM_GCC_541\Debug\main.o
 *fill*         0x000054b9        0x3 
 .rodata        0x000054bc       0x2c .\CortexM3\ARM_GCC_541\Debug\MAX30101.o
 .rodata        0x000054e8       0x11 .\CortexM3\ARM_GCC_541\Debug\USER.o
 *fill*         0x000054f9        0x3 
 .rodata        0x000054fc       0x50 .\CortexM3\ARM_GCC_541\Debug\cyfitter_cfg.o
 .rodata.str1.1
                0x0000554c        0x2 c:/program files (x86)/cypress/psoc creator/4.4/psoc creator/import/gnu/arm/5.4.1/bin/../lib/gcc/arm-none-eabi/5.4.1/../../../../arm-none-eabi/lib/armv7-m\libg_nano.a(lib_a-impure.o)
 .rodata.str1.1
                0x0000554e       0x12 c:/program files (x86)/cypress/psoc creator/4.4/psoc creator/import/gnu/arm/5.4.1/bin/../lib/gcc/arm-none-eabi/5.4.1/../../../../arm-none-eabi/lib/armv7-m\libg_nano.a(lib_a-nano-vfprintf_float.o)
 .rodata.str1.1
                0x00005560       0x22 c:/program files (x86)/cypress/psoc creator/4.4/psoc creator/import/gnu/arm/5.4.1/bin/../lib/gcc/arm-none-eabi/5.4.1/../../../../arm-none-eabi/lib/armv7-m\libg_nano.a(lib_a-nano-vfprintf_i.o)
 .rodata.str1.1
                0x00005582        0xd c:/program files (x86)/cypress/psoc creator/4.4/psoc creator/import/gnu/arm/5.4.1/bin/../lib/gcc/arm-none-eabi/5.4.1/../../../../arm-none-eabi/lib/armv7-m\libg_nano.a(lib_a-dtoa.o)
                                  0xf (size before relaxing)
 .rodata.str1.1
                0x0000558f        0x8 c:/program files (x86)/cypress/psoc creator/4.4/psoc creator/import/gnu/arm/5.4.1/bin/../lib/gcc/arm-none-eabi/5.4.1/../../../../arm-none-eabi/lib/armv7-m\libg_nano.a(lib_a-locale.o)
                                  0xb (size before relaxing)
 *fill*         0x00005597        0x1 
 .rodata.__mprec_tens
                0x00005598       0xc8 c:/program files (x86)/cypress/psoc creator/4.4/psoc creator/import/gnu/arm/5.4.1/bin/../lib/gcc/arm-none-eabi/5.4.1/../../../../arm-none-eabi/lib/armv7-m\libg_nano.a(lib_a-mprec.o)
                0x00005598                __mprec_tens
 .rodata.p05.5408
                0x00005660        0xc c:/program files (x86)/cypress/psoc creator/4.4/psoc creator/import/gnu/arm/5.4.1/bin/../lib/gcc/arm-none-eabi/5.4.1/../../../../arm-none-eabi/lib/armv7-m\libg_nano.a(lib_a-mprec.o)
 *fill*         0x0000566c        0x4 
 .rodata.__mprec_bigtens
                0x00005670       0x28 c:/program files (x86)/cypress/psoc creator/4.4/psoc creator/import/gnu/arm/5.4.1/bin/../lib/gcc/arm-none-eabi/5.4.1/../../../../arm-none-eabi/lib/armv7-m\libg_nano.a(lib_a-mprec.o)
                0x00005670                __mprec_bigtens
 .rodata.str1.1
                0x00005698       0x11 c:/program files (x86)/cypress/psoc creator/4.4/psoc creator/import/gnu/arm/5.4.1/bin/../lib/gcc/arm-none-eabi/5.4.1/../../../../arm-none-eabi/lib/armv7-m\libg_nano.a(lib_a-nano-svfprintf.o)
                0x000056ac                . = ALIGN (0x4)
 *fill*         0x000056a9        0x3 
 *(.init)
 .init          0x000056ac        0x4 c:/program files (x86)/cypress/psoc creator/4.4/psoc creator/import/gnu/arm/5.4.1/bin/../lib/gcc/arm-none-eabi/5.4.1/armv7-m/crti.o
                0x000056ac                _init
 .init          0x000056b0        0x8 c:/program files (x86)/cypress/psoc creator/4.4/psoc creator/import/gnu/arm/5.4.1/bin/../lib/gcc/arm-none-eabi/5.4.1/armv7-m/crtn.o
                0x000056b8                . = ALIGN (0x4)
                0x000056b8                __preinit_array_start = .
 *(.preinit_array)
                0x000056b8                __preinit_array_end = .
                0x000056b8                . = ALIGN (0x4)
                0x000056b8                __init_array_start = .
 *(SORT(.init_array.*))
 *(.init_array)
 .init_array    0x000056b8        0x4 c:/program files (x86)/cypress/psoc creator/4.4/psoc creator/import/gnu/arm/5.4.1/bin/../lib/gcc/arm-none-eabi/5.4.1/armv7-m/crtbegin.o
 .init_array    0x000056bc        0x4 .\CortexM3\ARM_GCC_541\Debug\Cm3Start.o
                0x000056c0                __init_array_end = .
                0x000056c0                . = ALIGN (0x4)
 *(.fini)
 .fini          0x000056c0        0x4 c:/program files (x86)/cypress/psoc creator/4.4/psoc creator/import/gnu/arm/5.4.1/bin/../lib/gcc/arm-none-eabi/5.4.1/armv7-m/crti.o
                0x000056c0                _fini
 .fini          0x000056c4        0x8 c:/program files (x86)/cypress/psoc creator/4.4/psoc creator/import/gnu/arm/5.4.1/bin/../lib/gcc/arm-none-eabi/5.4.1/armv7-m/crtn.o
                0x000056cc                . = ALIGN (0x4)
                0x000056cc                __fini_array_start = .
 *(.fini_array)
 .fini_array    0x000056cc        0x4 c:/program files (x86)/cypress/psoc creator/4.4/psoc creator/import/gnu/arm/5.4.1/bin/../lib/gcc/arm-none-eabi/5.4.1/armv7-m/crtbegin.o
 *(SORT(.fini_array.*))
                0x000056d0                __fini_array_end = .
                0x000056d0                . = ALIGN (0x4)
 *crtbegin.o(.ctors)
 *(EXCLUDE_FILE(*crtend.o) .ctors)
 *(SORT(.ctors.*))
 *crtend.o(.ctors)
                0x000056d0                . = ALIGN (0x4)
 *crtbegin.o(.dtors)
 *(EXCLUDE_FILE(*crtend.o) .dtors)
 *(SORT(.dtors.*))
 *crtend.o(.dtors)
                0x000056d0                . = ALIGN (0x4)
                0x000056d0                __cy_regions = .
                0x000056d0        0x4 LONG 0x56e0 __cy_region_init_ram
                0x000056d4        0x4 LONG 0x1fff80c8 __cy_region_start_data
                0x000056d8        0x4 LONG 0xb8 __cy_region_init_size_ram
                0x000056dc        0x4 LONG 0x808 __cy_region_zero_size_ram
                0x000056e0                __cy_regions_end = .
                0x000056e0                . = ALIGN (0x8)
                0x000056e0                _etext = .

.cy_checksum_exclude
                0x000056e0        0x0
 *(.cy_checksum_exclude)

.ramvectors     0x1fff8000       0xc0
                0x1fff8000                __cy_region_start_ram = .
 *(.ramvectors)
 .ramvectors    0x1fff8000       0xc0 .\CortexM3\ARM_GCC_541\Debug\Cm3Start.o
                0x1fff8000                CyRamVectors

.noinit         0x1fff80c0        0x5
 *(.noinit)
 .noinit        0x1fff80c0        0x4 .\CortexM3\ARM_GCC_541\Debug\Cm3Start.o
 .noinit        0x1fff80c4        0x1 .\CortexM3\ARM_GCC_541\Debug\Saturimetro.a(CyLib.o)
                0x1fff80c4                CyResetStatus

.data           0x1fff80c8       0xb8 load address 0x000056e0
                0x1fff80c8                __cy_region_start_data = .
 *(.jcr)
 .jcr           0x1fff80c8        0x0 c:/program files (x86)/cypress/psoc creator/4.4/psoc creator/import/gnu/arm/5.4.1/bin/../lib/gcc/arm-none-eabi/5.4.1/armv7-m/crtbegin.o
 .jcr           0x1fff80c8        0x4 c:/program files (x86)/cypress/psoc creator/4.4/psoc creator/import/gnu/arm/5.4.1/bin/../lib/gcc/arm-none-eabi/5.4.1/armv7-m/crtend.o
 *(.got.plt)
 *(.got)
 *(.shdata)
 *(.data .data.* .gnu.linkonce.d.*)
 .data          0x1fff80cc        0x4 .\CortexM3\ARM_GCC_541\Debug\Cm3Start.o
 .data          0x1fff80d0       0x10 .\CortexM3\ARM_GCC_541\Debug\Saturimetro.a(CyLib.o)
                0x1fff80d0                cydelay_freq_hz
                0x1fff80d4                cydelay_freq_khz
                0x1fff80d8                cydelay_freq_mhz
                0x1fff80dc                cydelay_32k_ms
 .data.impure_data
                0x1fff80e0       0x60 c:/program files (x86)/cypress/psoc creator/4.4/psoc creator/import/gnu/arm/5.4.1/bin/../lib/gcc/arm-none-eabi/5.4.1/../../../../arm-none-eabi/lib/armv7-m\libg_nano.a(lib_a-impure.o)
 .data._impure_ptr
                0x1fff8140        0x4 c:/program files (x86)/cypress/psoc creator/4.4/psoc creator/import/gnu/arm/5.4.1/bin/../lib/gcc/arm-none-eabi/5.4.1/../../../../arm-none-eabi/lib/armv7-m\libg_nano.a(lib_a-impure.o)
                0x1fff8140                _impure_ptr
 .data.lconv    0x1fff8144       0x38 c:/program files (x86)/cypress/psoc creator/4.4/psoc creator/import/gnu/arm/5.4.1/bin/../lib/gcc/arm-none-eabi/5.4.1/../../../../arm-none-eabi/lib/armv7-m\libg_nano.a(lib_a-locale.o)
                0x1fff8180                . = ALIGN (0x8)
 *fill*         0x1fff817c        0x4 
 *(.ram)
                0x1fff8180                _edata = .

.igot.plt       0x1fff8180        0x0 load address 0x00005798
 .igot.plt      0x1fff8180        0x0 c:/program files (x86)/cypress/psoc creator/4.4/psoc creator/import/gnu/arm/5.4.1/bin/../lib/gcc/arm-none-eabi/5.4.1/armv7-m/crtbegin.o

.bss            0x1fff8180      0x808 load address 0x00005798
                0x1fff8180                PROVIDE (__bss_start__, .)
 *(.shbss)
 *(.bss .bss.* .gnu.linkonce.b.*)
 .bss           0x1fff8180       0x1c c:/program files (x86)/cypress/psoc creator/4.4/psoc creator/import/gnu/arm/5.4.1/bin/../lib/gcc/arm-none-eabi/5.4.1/armv7-m/crtbegin.o
 .bss           0x1fff819c        0x1 .\CortexM3\ARM_GCC_541\Debug\Saturimetro.a(I2C_Master.o)
                0x1fff819c                I2C_Master_initVar
 .bss           0x1fff819d        0x2 .\CortexM3\ARM_GCC_541\Debug\Saturimetro.a(UART_Debug.o)
                0x1fff819d                UART_Debug_initVar
 .bss           0x1fff819f        0x1 .\CortexM3\ARM_GCC_541\Debug\Saturimetro.a(SleepTimer.o)
                0x1fff819f                SleepTimer_initVar
 .bss.__malloc_sbrk_start
                0x1fff81a0        0x4 c:/program files (x86)/cypress/psoc creator/4.4/psoc creator/import/gnu/arm/5.4.1/bin/../lib/gcc/arm-none-eabi/5.4.1/../../../../arm-none-eabi/lib/armv7-m\libg_nano.a(lib_a-nano-mallocr.o)
                0x1fff81a0                __malloc_sbrk_start
 .bss.__malloc_free_list
                0x1fff81a4        0x4 c:/program files (x86)/cypress/psoc creator/4.4/psoc creator/import/gnu/arm/5.4.1/bin/../lib/gcc/arm-none-eabi/5.4.1/../../../../arm-none-eabi/lib/armv7-m\libg_nano.a(lib_a-nano-mallocr.o)
                0x1fff81a4                __malloc_free_list
 *(COMMON)
 COMMON         0x1fff81a8      0x7c4 .\CortexM3\ARM_GCC_541\Debug\main.o
                0x1fff81a8                an_x
                0x1fff84c8                data
                0x1fff864c                an_y
 COMMON         0x1fff896c        0x1 .\CortexM3\ARM_GCC_541\Debug\isr.o
                0x1fff896c                x
 COMMON         0x1fff896d        0x1 .\CortexM3\ARM_GCC_541\Debug\Saturimetro.a(I2C_Master.o)
                0x1fff896d                I2C_Master_state
 *fill*         0x1fff896e        0x2 
 COMMON         0x1fff8970        0xf .\CortexM3\ARM_GCC_541\Debug\Saturimetro.a(I2C_Master_MASTER.o)
                0x1fff8970                I2C_Master_mstrRdBufIndex
                0x1fff8971                I2C_Master_mstrWrBufIndex
                0x1fff8972                I2C_Master_mstrWrBufSize
                0x1fff8974                I2C_Master_mstrWrBufPtr
                0x1fff8978                I2C_Master_mstrRdBufPtr
                0x1fff897c                I2C_Master_mstrControl
                0x1fff897d                I2C_Master_mstrStatus
                0x1fff897e                I2C_Master_mstrRdBufSize
 *fill*         0x1fff897f        0x1 
 COMMON         0x1fff8980        0x4 c:/program files (x86)/cypress/psoc creator/4.4/psoc creator/import/gnu/arm/5.4.1/bin/../lib/gcc/arm-none-eabi/5.4.1/../../../../arm-none-eabi/lib/armv7-m\libg_nano.a(lib_a-reent.o)
                0x1fff8980                errno
                0x1fff8988                . = ALIGN (0x8)
 *fill*         0x1fff8984        0x4 
 *(.ram.b)
                0x1fff8988                _end = .
                0x1fff8988                __end = .
                0x1fff8988                PROVIDE (end, .)
                0x1fff8988                PROVIDE (__bss_end__, .)
                0x000056e0                __cy_region_init_ram = LOADADDR (.data)
                0x000000b8                __cy_region_init_size_ram = (_edata - ADDR (.data))
                0x00000808                __cy_region_zero_size_ram = (_end - _edata)

.heap           0x1fff8988       0x80 load address 0x00005798
                0x1fff8988                . = _end
                0x1fff8a08                . = (. + 0x80)
 *fill*         0x1fff8988       0x80 
                0x1fff8a08                __cy_heap_limit = .

.stack          0x20007800      0x800
                0x20007800                __cy_stack_limit = .
                0x20008000                . = (. + 0x800)
 *fill*         0x20007800      0x800 
                0x00000001                ASSERT ((__cy_stack_limit >= __cy_heap_limit), region RAM overflowed with stack)
                0x00000000                cy_checksum_exclude_size = (CY_APPL_LOADABLE == 0x1)?SIZEOF (.cy_checksum_exclude):0x0
                0x00000001                ASSERT ((cy_checksum_exclude_size <= CY_CHECKSUM_EXCLUDE_SIZE), CY_BOOT: Section .cy_checksum_exclude size exceedes specified limit.)

.cyloadermeta
 *(.cyloadermeta)

.cyloadablemeta
 *(.cyloadablemeta)

.cyconfigecc    0x80000000      0x3b8
 *(.cyconfigecc)
 .cyconfigecc   0x80000000      0x3b8 .\CortexM3\ARM_GCC_541\Debug\cymetadata.o
                0x80000000                cy_meta_configecc

.cycustnvl      0x90000000        0x4
 *(.cycustnvl)
 .cycustnvl     0x90000000        0x4 .\CortexM3\ARM_GCC_541\Debug\cymetadata.o
                0x90000000                cy_meta_custnvl

.cywolatch      0x90100000        0x4
 *(.cywolatch)
 .cywolatch     0x90100000        0x4 .\CortexM3\ARM_GCC_541\Debug\cymetadata.o
                0x90100000                cy_meta_wonvl

.cyeeprom       0x90200000        0x0
 *(.cyeeprom)
                0x00000001                ASSERT ((. <= ((0x90200000 + ee_offset) + ee_size)), .cyeeprom data will not fit in EEPROM)

.cyflashprotect
                0x90400000      0x100
 *(.cyflashprotect)
 .cyflashprotect
                0x90400000      0x100 .\CortexM3\ARM_GCC_541\Debug\cymetadata.o
                0x90400000                cy_meta_flashprotect

.cymeta         0x90500000        0xc
 *(.cymeta)
 .cymeta        0x90500000        0xc .\CortexM3\ARM_GCC_541\Debug\cymetadata.o
                0x90500000                cy_metadata

.rel.dyn        0x00005798        0x0 load address 0x9050000c
 .rel.iplt      0x00005798        0x0 c:/program files (x86)/cypress/psoc creator/4.4/psoc creator/import/gnu/arm/5.4.1/bin/../lib/gcc/arm-none-eabi/5.4.1/armv7-m/crtbegin.o

.stab
 *(.stab)

.stabstr
 *(.stabstr)

.debug
 *(.debug)

.line
 *(.line)

.debug_srcinfo
 *(.debug_srcinfo)

.debug_sfnames
 *(.debug_sfnames)

.debug_aranges  0x00000000      0xc98
 *(.debug_aranges)
 .debug_aranges
                0x00000000       0x28 .\CortexM3\ARM_GCC_541\Debug\main.o
 .debug_aranges
                0x00000028       0x78 .\CortexM3\ARM_GCC_541\Debug\I2C_Interface.o
 .debug_aranges
                0x000000a0      0x1b8 .\CortexM3\ARM_GCC_541\Debug\MAX30101.o
 .debug_aranges
                0x00000258       0x48 .\CortexM3\ARM_GCC_541\Debug\SpO2.o
 .debug_aranges
                0x000002a0       0x20 .\CortexM3\ARM_GCC_541\Debug\isr.o
 .debug_aranges
                0x000002c0       0x38 .\CortexM3\ARM_GCC_541\Debug\HeartRate.o
 .debug_aranges
                0x000002f8       0x18 .\CortexM3\ARM_GCC_541\Debug\millis.o
 .debug_aranges
                0x00000310       0x98 .\CortexM3\ARM_GCC_541\Debug\CyPm.o
 .debug_aranges
                0x000003a8       0x20 .\CortexM3\ARM_GCC_541\Debug\USER.o
 .debug_aranges
                0x000003c8       0x60 .\CortexM3\ARM_GCC_541\Debug\cyfitter_cfg.o
 .debug_aranges
                0x00000428       0x18 .\CortexM3\ARM_GCC_541\Debug\cymetadata.o
 .debug_aranges
                0x00000440       0x48 .\CortexM3\ARM_GCC_541\Debug\Cm3Start.o
 .debug_aranges
                0x00000488       0x38 .\CortexM3\ARM_GCC_541\Debug\Saturimetro.a(I2C_Master.o)
 .debug_aranges
                0x000004c0       0x20 .\CortexM3\ARM_GCC_541\Debug\Saturimetro.a(I2C_Master_INT.o)
 .debug_aranges
                0x000004e0       0x38 .\CortexM3\ARM_GCC_541\Debug\Saturimetro.a(I2C_Master_PM.o)
 .debug_aranges
                0x00000518       0x80 .\CortexM3\ARM_GCC_541\Debug\Saturimetro.a(I2C_Master_MASTER.o)
 .debug_aranges
                0x00000598       0xf0 .\CortexM3\ARM_GCC_541\Debug\Saturimetro.a(UART_Debug.o)
 .debug_aranges
                0x00000688       0x38 .\CortexM3\ARM_GCC_541\Debug\Saturimetro.a(Connection_LED.o)
 .debug_aranges
                0x000006c0       0x80 .\CortexM3\ARM_GCC_541\Debug\Saturimetro.a(isr_MAX30101.o)
 .debug_aranges
                0x00000740       0x48 .\CortexM3\ARM_GCC_541\Debug\Saturimetro.a(MAX30101_INT.o)
 .debug_aranges
                0x00000788       0x70 .\CortexM3\ARM_GCC_541\Debug\Saturimetro.a(UART_Debug_IntClock.o)
 .debug_aranges
                0x000007f8       0x88 .\CortexM3\ARM_GCC_541\Debug\Saturimetro.a(CyFlash.o)
 .debug_aranges
                0x00000880      0x2a0 .\CortexM3\ARM_GCC_541\Debug\Saturimetro.a(CyLib.o)
 .debug_aranges
                0x00000b20       0x80 .\CortexM3\ARM_GCC_541\Debug\Saturimetro.a(CySpc.o)
 .debug_aranges
                0x00000ba0       0x58 .\CortexM3\ARM_GCC_541\Debug\Saturimetro.a(SleepTimer.o)
 .debug_aranges
                0x00000bf8       0x80 .\CortexM3\ARM_GCC_541\Debug\Saturimetro.a(isr_RX.o)
 .debug_aranges
                0x00000c78       0x20 .\CortexM3\ARM_GCC_541\Debug\Saturimetro.a(CyBootAsmGnu.o)

.debug_pubnames
 *(.debug_pubnames)

.debug_info     0x00000000     0x5f73
 *(.debug_info .gnu.linkonce.wi.*)
 .debug_info    0x00000000      0x3ba .\CortexM3\ARM_GCC_541\Debug\main.o
 .debug_info    0x000003ba      0x3ee .\CortexM3\ARM_GCC_541\Debug\I2C_Interface.o
 .debug_info    0x000007a8      0xd06 .\CortexM3\ARM_GCC_541\Debug\MAX30101.o
 .debug_info    0x000014ae      0x50f .\CortexM3\ARM_GCC_541\Debug\SpO2.o
 .debug_info    0x000019bd      0x11e .\CortexM3\ARM_GCC_541\Debug\isr.o
 .debug_info    0x00001adb      0x39e .\CortexM3\ARM_GCC_541\Debug\HeartRate.o
 .debug_info    0x00001e79       0xae .\CortexM3\ARM_GCC_541\Debug\millis.o
 .debug_info    0x00001f27      0x57a .\CortexM3\ARM_GCC_541\Debug\CyPm.o
 .debug_info    0x000024a1      0x1b1 .\CortexM3\ARM_GCC_541\Debug\USER.o
 .debug_info    0x00002652      0x452 .\CortexM3\ARM_GCC_541\Debug\cyfitter_cfg.o
 .debug_info    0x00002aa4      0x135 .\CortexM3\ARM_GCC_541\Debug\cymetadata.o
 .debug_info    0x00002bd9      0x32b .\CortexM3\ARM_GCC_541\Debug\Cm3Start.o
 .debug_info    0x00002f04      0x201 .\CortexM3\ARM_GCC_541\Debug\Saturimetro.a(I2C_Master.o)
 .debug_info    0x00003105      0x156 .\CortexM3\ARM_GCC_541\Debug\Saturimetro.a(I2C_Master_INT.o)
 .debug_info    0x0000325b      0x19a .\CortexM3\ARM_GCC_541\Debug\Saturimetro.a(I2C_Master_PM.o)
 .debug_info    0x000033f5      0x3f8 .\CortexM3\ARM_GCC_541\Debug\Saturimetro.a(I2C_Master_MASTER.o)
 .debug_info    0x000037ed      0x50a .\CortexM3\ARM_GCC_541\Debug\Saturimetro.a(UART_Debug.o)
 .debug_info    0x00003cf7      0x11e .\CortexM3\ARM_GCC_541\Debug\Saturimetro.a(Connection_LED.o)
 .debug_info    0x00003e15      0x241 .\CortexM3\ARM_GCC_541\Debug\Saturimetro.a(isr_MAX30101.o)
 .debug_info    0x00004056      0x171 .\CortexM3\ARM_GCC_541\Debug\Saturimetro.a(MAX30101_INT.o)
 .debug_info    0x000041c7      0x25d .\CortexM3\ARM_GCC_541\Debug\Saturimetro.a(UART_Debug_IntClock.o)
 .debug_info    0x00004424      0x3b9 .\CortexM3\ARM_GCC_541\Debug\Saturimetro.a(CyFlash.o)
 .debug_info    0x000047dd      0xe51 .\CortexM3\ARM_GCC_541\Debug\Saturimetro.a(CyLib.o)
 .debug_info    0x0000562e      0x4c0 .\CortexM3\ARM_GCC_541\Debug\Saturimetro.a(CySpc.o)
 .debug_info    0x00005aee      0x1ab .\CortexM3\ARM_GCC_541\Debug\Saturimetro.a(SleepTimer.o)
 .debug_info    0x00005c99      0x241 .\CortexM3\ARM_GCC_541\Debug\Saturimetro.a(isr_RX.o)
 .debug_info    0x00005eda       0x99 .\CortexM3\ARM_GCC_541\Debug\Saturimetro.a(CyBootAsmGnu.o)

.debug_abbrev   0x00000000     0x1cee
 *(.debug_abbrev)
 .debug_abbrev  0x00000000      0x152 .\CortexM3\ARM_GCC_541\Debug\main.o
 .debug_abbrev  0x00000152       0xc6 .\CortexM3\ARM_GCC_541\Debug\I2C_Interface.o
 .debug_abbrev  0x00000218      0x1cb .\CortexM3\ARM_GCC_541\Debug\MAX30101.o
 .debug_abbrev  0x000003e3       0xfa .\CortexM3\ARM_GCC_541\Debug\SpO2.o
 .debug_abbrev  0x000004dd       0x96 .\CortexM3\ARM_GCC_541\Debug\isr.o
 .debug_abbrev  0x00000573      0x137 .\CortexM3\ARM_GCC_541\Debug\HeartRate.o
 .debug_abbrev  0x000006aa       0x4b .\CortexM3\ARM_GCC_541\Debug\millis.o
 .debug_abbrev  0x000006f5      0x161 .\CortexM3\ARM_GCC_541\Debug\CyPm.o
 .debug_abbrev  0x00000856       0xf3 .\CortexM3\ARM_GCC_541\Debug\USER.o
 .debug_abbrev  0x00000949      0x1b7 .\CortexM3\ARM_GCC_541\Debug\cyfitter_cfg.o
 .debug_abbrev  0x00000b00       0x66 .\CortexM3\ARM_GCC_541\Debug\cymetadata.o
 .debug_abbrev  0x00000b66      0x1d6 .\CortexM3\ARM_GCC_541\Debug\Cm3Start.o
 .debug_abbrev  0x00000d3c       0xe2 .\CortexM3\ARM_GCC_541\Debug\Saturimetro.a(I2C_Master.o)
 .debug_abbrev  0x00000e1e       0x81 .\CortexM3\ARM_GCC_541\Debug\Saturimetro.a(I2C_Master_INT.o)
 .debug_abbrev  0x00000e9f       0xf8 .\CortexM3\ARM_GCC_541\Debug\Saturimetro.a(I2C_Master_PM.o)
 .debug_abbrev  0x00000f97      0x11e .\CortexM3\ARM_GCC_541\Debug\Saturimetro.a(I2C_Master_MASTER.o)
 .debug_abbrev  0x000010b5      0x163 .\CortexM3\ARM_GCC_541\Debug\Saturimetro.a(UART_Debug.o)
 .debug_abbrev  0x00001218       0x90 .\CortexM3\ARM_GCC_541\Debug\Saturimetro.a(Connection_LED.o)
 .debug_abbrev  0x000012a8      0x172 .\CortexM3\ARM_GCC_541\Debug\Saturimetro.a(isr_MAX30101.o)
 .debug_abbrev  0x0000141a       0x90 .\CortexM3\ARM_GCC_541\Debug\Saturimetro.a(MAX30101_INT.o)
 .debug_abbrev  0x000014aa      0x11d .\CortexM3\ARM_GCC_541\Debug\Saturimetro.a(UART_Debug_IntClock.o)
 .debug_abbrev  0x000015c7      0x14b .\CortexM3\ARM_GCC_541\Debug\Saturimetro.a(CyFlash.o)
 .debug_abbrev  0x00001712      0x217 .\CortexM3\ARM_GCC_541\Debug\Saturimetro.a(CyLib.o)
 .debug_abbrev  0x00001929      0x16c .\CortexM3\ARM_GCC_541\Debug\Saturimetro.a(CySpc.o)
 .debug_abbrev  0x00001a95       0xd3 .\CortexM3\ARM_GCC_541\Debug\Saturimetro.a(SleepTimer.o)
 .debug_abbrev  0x00001b68      0x172 .\CortexM3\ARM_GCC_541\Debug\Saturimetro.a(isr_RX.o)
 .debug_abbrev  0x00001cda       0x14 .\CortexM3\ARM_GCC_541\Debug\Saturimetro.a(CyBootAsmGnu.o)

.debug_line     0x00000000     0x38a0
 *(.debug_line)
 .debug_line    0x00000000      0x22e .\CortexM3\ARM_GCC_541\Debug\main.o
 .debug_line    0x0000022e      0x25c .\CortexM3\ARM_GCC_541\Debug\I2C_Interface.o
 .debug_line    0x0000048a      0x5a6 .\CortexM3\ARM_GCC_541\Debug\MAX30101.o
 .debug_line    0x00000a30      0x39a .\CortexM3\ARM_GCC_541\Debug\SpO2.o
 .debug_line    0x00000dca      0x167 .\CortexM3\ARM_GCC_541\Debug\isr.o
 .debug_line    0x00000f31      0x1e2 .\CortexM3\ARM_GCC_541\Debug\HeartRate.o
 .debug_line    0x00001113      0x13f .\CortexM3\ARM_GCC_541\Debug\millis.o
 .debug_line    0x00001252      0x38e .\CortexM3\ARM_GCC_541\Debug\CyPm.o
 .debug_line    0x000015e0      0x1c2 .\CortexM3\ARM_GCC_541\Debug\USER.o
 .debug_line    0x000017a2      0x21a .\CortexM3\ARM_GCC_541\Debug\cyfitter_cfg.o
 .debug_line    0x000019bc      0x141 .\CortexM3\ARM_GCC_541\Debug\cymetadata.o
 .debug_line    0x00001afd      0x1dc .\CortexM3\ARM_GCC_541\Debug\Cm3Start.o
 .debug_line    0x00001cd9       0xea .\CortexM3\ARM_GCC_541\Debug\Saturimetro.a(I2C_Master.o)
 .debug_line    0x00001dc3      0x149 .\CortexM3\ARM_GCC_541\Debug\Saturimetro.a(I2C_Master_INT.o)
 .debug_line    0x00001f0c       0xc9 .\CortexM3\ARM_GCC_541\Debug\Saturimetro.a(I2C_Master_PM.o)
 .debug_line    0x00001fd5      0x1f6 .\CortexM3\ARM_GCC_541\Debug\Saturimetro.a(I2C_Master_MASTER.o)
 .debug_line    0x000021cb      0x2e8 .\CortexM3\ARM_GCC_541\Debug\Saturimetro.a(UART_Debug.o)
 .debug_line    0x000024b3       0x9e .\CortexM3\ARM_GCC_541\Debug\Saturimetro.a(Connection_LED.o)
 .debug_line    0x00002551      0x157 .\CortexM3\ARM_GCC_541\Debug\Saturimetro.a(isr_MAX30101.o)
 .debug_line    0x000026a8       0xc1 .\CortexM3\ARM_GCC_541\Debug\Saturimetro.a(MAX30101_INT.o)
 .debug_line    0x00002769      0x1b2 .\CortexM3\ARM_GCC_541\Debug\Saturimetro.a(UART_Debug_IntClock.o)
 .debug_line    0x0000291b      0x22f .\CortexM3\ARM_GCC_541\Debug\Saturimetro.a(CyFlash.o)
 .debug_line    0x00002b4a      0x883 .\CortexM3\ARM_GCC_541\Debug\Saturimetro.a(CyLib.o)
 .debug_line    0x000033cd      0x231 .\CortexM3\ARM_GCC_541\Debug\Saturimetro.a(CySpc.o)
 .debug_line    0x000035fe       0xfb .\CortexM3\ARM_GCC_541\Debug\Saturimetro.a(SleepTimer.o)
 .debug_line    0x000036f9      0x141 .\CortexM3\ARM_GCC_541\Debug\Saturimetro.a(isr_RX.o)
 .debug_line    0x0000383a       0x66 .\CortexM3\ARM_GCC_541\Debug\Saturimetro.a(CyBootAsmGnu.o)

.debug_frame    0x00000000     0x38b0
 *(.debug_frame)
 .debug_frame   0x00000000       0x50 .\CortexM3\ARM_GCC_541\Debug\main.o
 .debug_frame   0x00000050      0x1d0 .\CortexM3\ARM_GCC_541\Debug\I2C_Interface.o
 .debug_frame   0x00000220      0x788 .\CortexM3\ARM_GCC_541\Debug\MAX30101.o
 .debug_frame   0x000009a8      0x108 .\CortexM3\ARM_GCC_541\Debug\SpO2.o
 .debug_frame   0x00000ab0       0x2c .\CortexM3\ARM_GCC_541\Debug\isr.o
 .debug_frame   0x00000adc       0xb0 .\CortexM3\ARM_GCC_541\Debug\HeartRate.o
 .debug_frame   0x00000b8c      0x234 .\CortexM3\ARM_GCC_541\Debug\CyPm.o
 .debug_frame   0x00000dc0       0x38 .\CortexM3\ARM_GCC_541\Debug\USER.o
 .debug_frame   0x00000df8      0x16c .\CortexM3\ARM_GCC_541\Debug\cyfitter_cfg.o
 .debug_frame   0x00000f64       0xd8 .\CortexM3\ARM_GCC_541\Debug\Cm3Start.o
 .debug_frame   0x0000103c       0x98 .\CortexM3\ARM_GCC_541\Debug\Saturimetro.a(I2C_Master.o)
 .debug_frame   0x000010d4       0x38 .\CortexM3\ARM_GCC_541\Debug\Saturimetro.a(I2C_Master_INT.o)
 .debug_frame   0x0000110c       0x94 .\CortexM3\ARM_GCC_541\Debug\Saturimetro.a(I2C_Master_PM.o)
 .debug_frame   0x000011a0      0x208 .\CortexM3\ARM_GCC_541\Debug\Saturimetro.a(I2C_Master_MASTER.o)
 .debug_frame   0x000013a8      0x42c .\CortexM3\ARM_GCC_541\Debug\Saturimetro.a(UART_Debug.o)
 .debug_frame   0x000017d4       0xa8 .\CortexM3\ARM_GCC_541\Debug\Saturimetro.a(Connection_LED.o)
 .debug_frame   0x0000187c      0x1e8 .\CortexM3\ARM_GCC_541\Debug\Saturimetro.a(isr_MAX30101.o)
 .debug_frame   0x00001a64       0xf4 .\CortexM3\ARM_GCC_541\Debug\Saturimetro.a(MAX30101_INT.o)
 .debug_frame   0x00001b58      0x1b4 .\CortexM3\ARM_GCC_541\Debug\Saturimetro.a(UART_Debug_IntClock.o)
 .debug_frame   0x00001d0c      0x238 .\CortexM3\ARM_GCC_541\Debug\Saturimetro.a(CyFlash.o)
 .debug_frame   0x00001f44      0xc0c .\CortexM3\ARM_GCC_541\Debug\Saturimetro.a(CyLib.o)
 .debug_frame   0x00002b50      0x228 .\CortexM3\ARM_GCC_541\Debug\Saturimetro.a(CySpc.o)
 .debug_frame   0x00002d78      0x12c .\CortexM3\ARM_GCC_541\Debug\Saturimetro.a(SleepTimer.o)
 .debug_frame   0x00002ea4      0x1e8 .\CortexM3\ARM_GCC_541\Debug\Saturimetro.a(isr_RX.o)
 .debug_frame   0x0000308c       0x20 c:/program files (x86)/cypress/psoc creator/4.4/psoc creator/import/gnu/arm/5.4.1/bin/../lib/gcc/arm-none-eabi/5.4.1/../../../../arm-none-eabi/lib/armv7-m\libg_nano.a(lib_a-errno.o)
 .debug_frame   0x000030ac       0x28 c:/program files (x86)/cypress/psoc creator/4.4/psoc creator/import/gnu/arm/5.4.1/bin/../lib/gcc/arm-none-eabi/5.4.1/../../../../arm-none-eabi/lib/armv7-m\libg_nano.a(lib_a-exit.o)
 .debug_frame   0x000030d4       0x2c c:/program files (x86)/cypress/psoc creator/4.4/psoc creator/import/gnu/arm/5.4.1/bin/../lib/gcc/arm-none-eabi/5.4.1/../../../../arm-none-eabi/lib/armv7-m\libg_nano.a(lib_a-init.o)
 .debug_frame   0x00003100       0x28 c:/program files (x86)/cypress/psoc creator/4.4/psoc creator/import/gnu/arm/5.4.1/bin/../lib/gcc/arm-none-eabi/5.4.1/../../../../arm-none-eabi/lib/armv7-m\libg_nano.a(lib_a-memcpy-stub.o)
 .debug_frame   0x00003128       0x20 c:/program files (x86)/cypress/psoc creator/4.4/psoc creator/import/gnu/arm/5.4.1/bin/../lib/gcc/arm-none-eabi/5.4.1/../../../../arm-none-eabi/lib/armv7-m\libg_nano.a(lib_a-memset.o)
 .debug_frame   0x00003148       0x8c c:/program files (x86)/cypress/psoc creator/4.4/psoc creator/import/gnu/arm/5.4.1/bin/../lib/gcc/arm-none-eabi/5.4.1/../../../../arm-none-eabi/lib/armv7-m\libg_nano.a(lib_a-nano-vfprintf_float.o)
 .debug_frame   0x000031d4       0x60 c:/program files (x86)/cypress/psoc creator/4.4/psoc creator/import/gnu/arm/5.4.1/bin/../lib/gcc/arm-none-eabi/5.4.1/../../../../arm-none-eabi/lib/armv7-m\libg_nano.a(lib_a-nano-vfprintf_i.o)
 .debug_frame   0x00003234       0x70 c:/program files (x86)/cypress/psoc creator/4.4/psoc creator/import/gnu/arm/5.4.1/bin/../lib/gcc/arm-none-eabi/5.4.1/../../../../arm-none-eabi/lib/armv7-m\libg_nano.a(lib_a-sprintf.o)
 .debug_frame   0x000032a4       0x6c c:/program files (x86)/cypress/psoc creator/4.4/psoc creator/import/gnu/arm/5.4.1/bin/../lib/gcc/arm-none-eabi/5.4.1/../../../../arm-none-eabi/lib/armv7-m\libg_nano.a(lib_a-dtoa.o)
 .debug_frame   0x00003310       0x98 c:/program files (x86)/cypress/psoc creator/4.4/psoc creator/import/gnu/arm/5.4.1/bin/../lib/gcc/arm-none-eabi/5.4.1/../../../../arm-none-eabi/lib/armv7-m\libg_nano.a(lib_a-locale.o)
 .debug_frame   0x000033a8       0x30 c:/program files (x86)/cypress/psoc creator/4.4/psoc creator/import/gnu/arm/5.4.1/bin/../lib/gcc/arm-none-eabi/5.4.1/../../../../arm-none-eabi/lib/armv7-m\libg_nano.a(lib_a-malloc.o)
 .debug_frame   0x000033d8       0x28 c:/program files (x86)/cypress/psoc creator/4.4/psoc creator/import/gnu/arm/5.4.1/bin/../lib/gcc/arm-none-eabi/5.4.1/../../../../arm-none-eabi/lib/armv7-m\libg_nano.a(lib_a-memchr-stub.o)
 .debug_frame   0x00003400      0x234 c:/program files (x86)/cypress/psoc creator/4.4/psoc creator/import/gnu/arm/5.4.1/bin/../lib/gcc/arm-none-eabi/5.4.1/../../../../arm-none-eabi/lib/armv7-m\libg_nano.a(lib_a-mprec.o)
 .debug_frame   0x00003634       0x2c c:/program files (x86)/cypress/psoc creator/4.4/psoc creator/import/gnu/arm/5.4.1/bin/../lib/gcc/arm-none-eabi/5.4.1/../../../../arm-none-eabi/lib/armv7-m\libg_nano.a(lib_a-nano-callocr.o)
 .debug_frame   0x00003660       0x38 c:/program files (x86)/cypress/psoc creator/4.4/psoc creator/import/gnu/arm/5.4.1/bin/../lib/gcc/arm-none-eabi/5.4.1/../../../../arm-none-eabi/lib/armv7-m\libg_nano.a(lib_a-nano-freer.o)
 .debug_frame   0x00003698       0x2c c:/program files (x86)/cypress/psoc creator/4.4/psoc creator/import/gnu/arm/5.4.1/bin/../lib/gcc/arm-none-eabi/5.4.1/../../../../arm-none-eabi/lib/armv7-m\libg_nano.a(lib_a-nano-mallocr.o)
 .debug_frame   0x000036c4       0x90 c:/program files (x86)/cypress/psoc creator/4.4/psoc creator/import/gnu/arm/5.4.1/bin/../lib/gcc/arm-none-eabi/5.4.1/../../../../arm-none-eabi/lib/armv7-m\libg_nano.a(lib_a-nano-svfprintf.o)
 .debug_frame   0x00003754       0x2c c:/program files (x86)/cypress/psoc creator/4.4/psoc creator/import/gnu/arm/5.4.1/bin/../lib/gcc/arm-none-eabi/5.4.1/../../../../arm-none-eabi/lib/armv7-m\libg_nano.a(lib_a-sbrkr.o)
 .debug_frame   0x00003780       0x20 c:/program files (x86)/cypress/psoc creator/4.4/psoc creator/import/gnu/arm/5.4.1/bin/../lib/gcc/arm-none-eabi/5.4.1/../../../../arm-none-eabi/lib/armv7-m\libg_nano.a(lib_a-strcmp.o)
 .debug_frame   0x000037a0       0x28 c:/program files (x86)/cypress/psoc creator/4.4/psoc creator/import/gnu/arm/5.4.1/bin/../lib/gcc/arm-none-eabi/5.4.1/../../../../arm-none-eabi/lib/armv7-m\libg_nano.a(lib_a-memmove.o)
 .debug_frame   0x000037c8       0x30 c:/program files (x86)/cypress/psoc creator/4.4/psoc creator/import/gnu/arm/5.4.1/bin/../lib/gcc/arm-none-eabi/5.4.1/../../../../arm-none-eabi/lib/armv7-m\libg_nano.a(lib_a-mlock.o)
 .debug_frame   0x000037f8       0x3c c:/program files (x86)/cypress/psoc creator/4.4/psoc creator/import/gnu/arm/5.4.1/bin/../lib/gcc/arm-none-eabi/5.4.1/../../../../arm-none-eabi/lib/armv7-m\libg_nano.a(lib_a-nano-reallocr.o)
 .debug_frame   0x00003834       0x5c c:/program files (x86)/cypress/psoc creator/4.4/psoc creator/import/gnu/arm/5.4.1/bin/../lib/gcc/arm-none-eabi/5.4.1/../../../../arm-none-eabi/lib/armv7-m\libg_nano.a(lib_a-reent.o)
 .debug_frame   0x00003890       0x20 c:/program files (x86)/cypress/psoc creator/4.4/psoc creator/import/gnu/arm/5.4.1/bin/../lib/gcc/arm-none-eabi/5.4.1/../../../../arm-none-eabi/lib/armv7-m\libg_nano.a(lib_a-nano-msizer.o)

.debug_str      0x00000000     0x2beb
 *(.debug_str)
 .debug_str     0x00000000      0x260 .\CortexM3\ARM_GCC_541\Debug\main.o
                                0x2d0 (size before relaxing)
 .debug_str     0x00000260      0x1b6 .\CortexM3\ARM_GCC_541\Debug\I2C_Interface.o
                                0x362 (size before relaxing)
 .debug_str     0x00000416      0x577 .\CortexM3\ARM_GCC_541\Debug\MAX30101.o
                                0x7e4 (size before relaxing)
 .debug_str     0x0000098d      0x247 .\CortexM3\ARM_GCC_541\Debug\SpO2.o
                                0x41f (size before relaxing)
 .debug_str     0x00000bd4       0x14 .\CortexM3\ARM_GCC_541\Debug\isr.o
                                0x1cb (size before relaxing)
 .debug_str     0x00000be8      0x118 .\CortexM3\ARM_GCC_541\Debug\HeartRate.o
                                0x332 (size before relaxing)
 .debug_str     0x00000d00        0x9 .\CortexM3\ARM_GCC_541\Debug\millis.o
                                0x1ac (size before relaxing)
 .debug_str     0x00000d09      0x3b6 .\CortexM3\ARM_GCC_541\Debug\CyPm.o
                                0x54c (size before relaxing)
 .debug_str     0x000010bf        0xc .\CortexM3\ARM_GCC_541\Debug\USER.o
                                0x208 (size before relaxing)
 .debug_str     0x000010cb      0x184 .\CortexM3\ARM_GCC_541\Debug\cyfitter_cfg.o
                                0x341 (size before relaxing)
 .debug_str     0x0000124f       0x75 .\CortexM3\ARM_GCC_541\Debug\cymetadata.o
                                0x1ed (size before relaxing)
 .debug_str     0x000012c4      0x123 .\CortexM3\ARM_GCC_541\Debug\Cm3Start.o
                                0x2e0 (size before relaxing)
 .debug_str     0x000013e7      0x13b .\CortexM3\ARM_GCC_541\Debug\Saturimetro.a(I2C_Master.o)
                                0x2e3 (size before relaxing)
 .debug_str     0x00001522       0xb7 .\CortexM3\ARM_GCC_541\Debug\Saturimetro.a(I2C_Master_INT.o)
                                0x2ae (size before relaxing)
 .debug_str     0x000015d9       0x79 .\CortexM3\ARM_GCC_541\Debug\Saturimetro.a(I2C_Master_PM.o)
                                0x276 (size before relaxing)
 .debug_str     0x00001652      0x1d2 .\CortexM3\ARM_GCC_541\Debug\Saturimetro.a(I2C_Master_MASTER.o)
                                0x44e (size before relaxing)
 .debug_str     0x00001824      0x32e .\CortexM3\ARM_GCC_541\Debug\Saturimetro.a(UART_Debug.o)
                                0x4d8 (size before relaxing)
 .debug_str     0x00001b52       0x93 .\CortexM3\ARM_GCC_541\Debug\Saturimetro.a(Connection_LED.o)
                                0x218 (size before relaxing)
 .debug_str     0x00001be5      0x160 .\CortexM3\ARM_GCC_541\Debug\Saturimetro.a(isr_MAX30101.o)
                                0x311 (size before relaxing)
 .debug_str     0x00001d45       0xc1 .\CortexM3\ARM_GCC_541\Debug\Saturimetro.a(MAX30101_INT.o)
                                0x258 (size before relaxing)
 .debug_str     0x00001e06      0x1f2 .\CortexM3\ARM_GCC_541\Debug\Saturimetro.a(UART_Debug_IntClock.o)
                                0x387 (size before relaxing)
 .debug_str     0x00001ff8      0x154 .\CortexM3\ARM_GCC_541\Debug\Saturimetro.a(CyFlash.o)
                                0x310 (size before relaxing)
 .debug_str     0x0000214c      0x7a4 .\CortexM3\ARM_GCC_541\Debug\Saturimetro.a(CyLib.o)
                                0x9f3 (size before relaxing)
 .debug_str     0x000028f0      0x12d .\CortexM3\ARM_GCC_541\Debug\Saturimetro.a(CySpc.o)
                                0x30a (size before relaxing)
 .debug_str     0x00002a1d       0xda .\CortexM3\ARM_GCC_541\Debug\Saturimetro.a(SleepTimer.o)
                                0x278 (size before relaxing)
 .debug_str     0x00002af7       0xf4 .\CortexM3\ARM_GCC_541\Debug\Saturimetro.a(isr_RX.o)
                                0x2bd (size before relaxing)

.debug_loc
 *(.debug_loc)

.debug_macinfo
 *(.debug_macinfo)

.debug_ranges   0x00000000      0xac8
 *(.debug_ranges)
 .debug_ranges  0x00000000       0x18 .\CortexM3\ARM_GCC_541\Debug\main.o
 .debug_ranges  0x00000018       0x68 .\CortexM3\ARM_GCC_541\Debug\I2C_Interface.o
 .debug_ranges  0x00000080      0x1a8 .\CortexM3\ARM_GCC_541\Debug\MAX30101.o
 .debug_ranges  0x00000228       0x38 .\CortexM3\ARM_GCC_541\Debug\SpO2.o
 .debug_ranges  0x00000260       0x10 .\CortexM3\ARM_GCC_541\Debug\isr.o
 .debug_ranges  0x00000270       0x28 .\CortexM3\ARM_GCC_541\Debug\HeartRate.o
 .debug_ranges  0x00000298       0x88 .\CortexM3\ARM_GCC_541\Debug\CyPm.o
 .debug_ranges  0x00000320       0x10 .\CortexM3\ARM_GCC_541\Debug\USER.o
 .debug_ranges  0x00000330       0x50 .\CortexM3\ARM_GCC_541\Debug\cyfitter_cfg.o
 .debug_ranges  0x00000380       0x38 .\CortexM3\ARM_GCC_541\Debug\Cm3Start.o
 .debug_ranges  0x000003b8       0x28 .\CortexM3\ARM_GCC_541\Debug\Saturimetro.a(I2C_Master.o)
 .debug_ranges  0x000003e0       0x10 .\CortexM3\ARM_GCC_541\Debug\Saturimetro.a(I2C_Master_INT.o)
 .debug_ranges  0x000003f0       0x28 .\CortexM3\ARM_GCC_541\Debug\Saturimetro.a(I2C_Master_PM.o)
 .debug_ranges  0x00000418       0x70 .\CortexM3\ARM_GCC_541\Debug\Saturimetro.a(I2C_Master_MASTER.o)
 .debug_ranges  0x00000488       0xe0 .\CortexM3\ARM_GCC_541\Debug\Saturimetro.a(UART_Debug.o)
 .debug_ranges  0x00000568       0x28 .\CortexM3\ARM_GCC_541\Debug\Saturimetro.a(Connection_LED.o)
 .debug_ranges  0x00000590       0x70 .\CortexM3\ARM_GCC_541\Debug\Saturimetro.a(isr_MAX30101.o)
 .debug_ranges  0x00000600       0x38 .\CortexM3\ARM_GCC_541\Debug\Saturimetro.a(MAX30101_INT.o)
 .debug_ranges  0x00000638       0x60 .\CortexM3\ARM_GCC_541\Debug\Saturimetro.a(UART_Debug_IntClock.o)
 .debug_ranges  0x00000698       0x78 .\CortexM3\ARM_GCC_541\Debug\Saturimetro.a(CyFlash.o)
 .debug_ranges  0x00000710      0x290 .\CortexM3\ARM_GCC_541\Debug\Saturimetro.a(CyLib.o)
 .debug_ranges  0x000009a0       0x70 .\CortexM3\ARM_GCC_541\Debug\Saturimetro.a(CySpc.o)
 .debug_ranges  0x00000a10       0x48 .\CortexM3\ARM_GCC_541\Debug\Saturimetro.a(SleepTimer.o)
 .debug_ranges  0x00000a58       0x70 .\CortexM3\ARM_GCC_541\Debug\Saturimetro.a(isr_RX.o)

.comment        0x00000000       0x6e
 .comment       0x00000000       0x6e .\CortexM3\ARM_GCC_541\Debug\main.o
                                 0x6f (size before relaxing)
 .comment       0x0000006e       0x6f .\CortexM3\ARM_GCC_541\Debug\I2C_Interface.o
 .comment       0x0000006e       0x6f .\CortexM3\ARM_GCC_541\Debug\MAX30101.o
 .comment       0x0000006e       0x6f .\CortexM3\ARM_GCC_541\Debug\SpO2.o
 .comment       0x0000006e       0x6f .\CortexM3\ARM_GCC_541\Debug\isr.o
 .comment       0x0000006e       0x6f .\CortexM3\ARM_GCC_541\Debug\HeartRate.o
 .comment       0x0000006e       0x6f .\CortexM3\ARM_GCC_541\Debug\millis.o
 .comment       0x0000006e       0x6f .\CortexM3\ARM_GCC_541\Debug\CyPm.o
 .comment       0x0000006e       0x6f .\CortexM3\ARM_GCC_541\Debug\USER.o
 .comment       0x0000006e       0x6f .\CortexM3\ARM_GCC_541\Debug\cyfitter_cfg.o
 .comment       0x0000006e       0x6f .\CortexM3\ARM_GCC_541\Debug\cymetadata.o
 .comment       0x0000006e       0x6f .\CortexM3\ARM_GCC_541\Debug\Cm3Start.o
 .comment       0x0000006e       0x6f .\CortexM3\ARM_GCC_541\Debug\Saturimetro.a(I2C_Master.o)
 .comment       0x0000006e       0x6f .\CortexM3\ARM_GCC_541\Debug\Saturimetro.a(I2C_Master_INT.o)
 .comment       0x0000006e       0x6f .\CortexM3\ARM_GCC_541\Debug\Saturimetro.a(I2C_Master_PM.o)
 .comment       0x0000006e       0x6f .\CortexM3\ARM_GCC_541\Debug\Saturimetro.a(I2C_Master_MASTER.o)
 .comment       0x0000006e       0x6f .\CortexM3\ARM_GCC_541\Debug\Saturimetro.a(UART_Debug.o)
 .comment       0x0000006e       0x6f .\CortexM3\ARM_GCC_541\Debug\Saturimetro.a(Connection_LED.o)
 .comment       0x0000006e       0x6f .\CortexM3\ARM_GCC_541\Debug\Saturimetro.a(isr_MAX30101.o)
 .comment       0x0000006e       0x6f .\CortexM3\ARM_GCC_541\Debug\Saturimetro.a(MAX30101_INT.o)
 .comment       0x0000006e       0x6f .\CortexM3\ARM_GCC_541\Debug\Saturimetro.a(UART_Debug_IntClock.o)
 .comment       0x0000006e       0x6f .\CortexM3\ARM_GCC_541\Debug\Saturimetro.a(CyFlash.o)
 .comment       0x0000006e       0x6f .\CortexM3\ARM_GCC_541\Debug\Saturimetro.a(CyLib.o)
 .comment       0x0000006e       0x6f .\CortexM3\ARM_GCC_541\Debug\Saturimetro.a(CySpc.o)
 .comment       0x0000006e       0x6f .\CortexM3\ARM_GCC_541\Debug\Saturimetro.a(SleepTimer.o)
 .comment       0x0000006e       0x6f .\CortexM3\ARM_GCC_541\Debug\Saturimetro.a(isr_RX.o)

.debug_weaknames
 *(.debug_weaknames)

.debug_funcnames
 *(.debug_funcnames)

.debug_typenames
 *(.debug_typenames)

.debug_varnames
 *(.debug_varnames)

.note.gnu.arm.ident
 *(.note.gnu.arm.ident)

.ARM.attributes
                0x00000000       0x29
 *(.ARM.attributes)
 .ARM.attributes
                0x00000000       0x1d c:/program files (x86)/cypress/psoc creator/4.4/psoc creator/import/gnu/arm/5.4.1/bin/../lib/gcc/arm-none-eabi/5.4.1/armv7-m/crti.o
 .ARM.attributes
                0x0000001d       0x2d c:/program files (x86)/cypress/psoc creator/4.4/psoc creator/import/gnu/arm/5.4.1/bin/../lib/gcc/arm-none-eabi/5.4.1/armv7-m/crtbegin.o
 .ARM.attributes
                0x0000004a       0x1b c:/program files (x86)/cypress/psoc creator/4.4/psoc creator/import/gnu/arm/5.4.1/bin/../lib/gcc/arm-none-eabi/5.4.1/../../../../arm-none-eabi/lib/armv7-m/crt0.o
 .ARM.attributes
                0x00000065       0x33 .\CortexM3\ARM_GCC_541\Debug\main.o
 .ARM.attributes
                0x00000098       0x33 .\CortexM3\ARM_GCC_541\Debug\I2C_Interface.o
 .ARM.attributes
                0x000000cb       0x33 .\CortexM3\ARM_GCC_541\Debug\MAX30101.o
 .ARM.attributes
                0x000000fe       0x33 .\CortexM3\ARM_GCC_541\Debug\SpO2.o
 .ARM.attributes
                0x00000131       0x33 .\CortexM3\ARM_GCC_541\Debug\isr.o
 .ARM.attributes
                0x00000164       0x33 .\CortexM3\ARM_GCC_541\Debug\HeartRate.o
 .ARM.attributes
                0x00000197       0x33 .\CortexM3\ARM_GCC_541\Debug\millis.o
 .ARM.attributes
                0x000001ca       0x33 .\CortexM3\ARM_GCC_541\Debug\CyPm.o
 .ARM.attributes
                0x000001fd       0x33 .\CortexM3\ARM_GCC_541\Debug\USER.o
 .ARM.attributes
                0x00000230       0x33 .\CortexM3\ARM_GCC_541\Debug\cyfitter_cfg.o
 .ARM.attributes
                0x00000263       0x33 .\CortexM3\ARM_GCC_541\Debug\cymetadata.o
 .ARM.attributes
                0x00000296       0x33 .\CortexM3\ARM_GCC_541\Debug\Cm3Start.o
 .ARM.attributes
                0x000002c9       0x33 .\CortexM3\ARM_GCC_541\Debug\Saturimetro.a(I2C_Master.o)
 .ARM.attributes
                0x000002fc       0x33 .\CortexM3\ARM_GCC_541\Debug\Saturimetro.a(I2C_Master_INT.o)
 .ARM.attributes
                0x0000032f       0x33 .\CortexM3\ARM_GCC_541\Debug\Saturimetro.a(I2C_Master_PM.o)
 .ARM.attributes
                0x00000362       0x33 .\CortexM3\ARM_GCC_541\Debug\Saturimetro.a(I2C_Master_MASTER.o)
 .ARM.attributes
                0x00000395       0x33 .\CortexM3\ARM_GCC_541\Debug\Saturimetro.a(UART_Debug.o)
 .ARM.attributes
                0x000003c8       0x33 .\CortexM3\ARM_GCC_541\Debug\Saturimetro.a(Connection_LED.o)
 .ARM.attributes
                0x000003fb       0x33 .\CortexM3\ARM_GCC_541\Debug\Saturimetro.a(isr_MAX30101.o)
 .ARM.attributes
                0x0000042e       0x33 .\CortexM3\ARM_GCC_541\Debug\Saturimetro.a(MAX30101_INT.o)
 .ARM.attributes
                0x00000461       0x33 .\CortexM3\ARM_GCC_541\Debug\Saturimetro.a(UART_Debug_IntClock.o)
 .ARM.attributes
                0x00000494       0x33 .\CortexM3\ARM_GCC_541\Debug\Saturimetro.a(CyFlash.o)
 .ARM.attributes
                0x000004c7       0x33 .\CortexM3\ARM_GCC_541\Debug\Saturimetro.a(CyLib.o)
 .ARM.attributes
                0x000004fa       0x33 .\CortexM3\ARM_GCC_541\Debug\Saturimetro.a(CySpc.o)
 .ARM.attributes
                0x0000052d       0x33 .\CortexM3\ARM_GCC_541\Debug\Saturimetro.a(SleepTimer.o)
 .ARM.attributes
                0x00000560       0x33 .\CortexM3\ARM_GCC_541\Debug\Saturimetro.a(isr_RX.o)
 .ARM.attributes
                0x00000593       0x21 .\CortexM3\ARM_GCC_541\Debug\Saturimetro.a(CyBootAsmGnu.o)
 .ARM.attributes
                0x000005b4       0x1d c:/program files (x86)/cypress/psoc creator/4.4/psoc creator/import/gnu/arm/5.4.1/bin/../lib/gcc/arm-none-eabi/5.4.1/armv7-m\libgcc.a(_arm_addsubdf3.o)
 .ARM.attributes
                0x000005d1       0x1d c:/program files (x86)/cypress/psoc creator/4.4/psoc creator/import/gnu/arm/5.4.1/bin/../lib/gcc/arm-none-eabi/5.4.1/armv7-m\libgcc.a(_arm_muldivdf3.o)
 .ARM.attributes
                0x000005ee       0x1d c:/program files (x86)/cypress/psoc creator/4.4/psoc creator/import/gnu/arm/5.4.1/bin/../lib/gcc/arm-none-eabi/5.4.1/armv7-m\libgcc.a(_arm_fixdfsi.o)
 .ARM.attributes
                0x0000060b       0x1d c:/program files (x86)/cypress/psoc creator/4.4/psoc creator/import/gnu/arm/5.4.1/bin/../lib/gcc/arm-none-eabi/5.4.1/armv7-m\libgcc.a(_arm_truncdfsf2.o)
 .ARM.attributes
                0x00000628       0x1d c:/program files (x86)/cypress/psoc creator/4.4/psoc creator/import/gnu/arm/5.4.1/bin/../lib/gcc/arm-none-eabi/5.4.1/armv7-m\libgcc.a(_arm_addsubsf3.o)
 .ARM.attributes
                0x00000645       0x2d c:/program files (x86)/cypress/psoc creator/4.4/psoc creator/import/gnu/arm/5.4.1/bin/../lib/gcc/arm-none-eabi/5.4.1/../../../../arm-none-eabi/lib/armv7-m\libg_nano.a(lib_a-errno.o)
 .ARM.attributes
                0x00000672       0x2d c:/program files (x86)/cypress/psoc creator/4.4/psoc creator/import/gnu/arm/5.4.1/bin/../lib/gcc/arm-none-eabi/5.4.1/../../../../arm-none-eabi/lib/armv7-m\libg_nano.a(lib_a-exit.o)
 .ARM.attributes
                0x0000069f       0x2d c:/program files (x86)/cypress/psoc creator/4.4/psoc creator/import/gnu/arm/5.4.1/bin/../lib/gcc/arm-none-eabi/5.4.1/../../../../arm-none-eabi/lib/armv7-m\libg_nano.a(lib_a-impure.o)
 .ARM.attributes
                0x000006cc       0x2d c:/program files (x86)/cypress/psoc creator/4.4/psoc creator/import/gnu/arm/5.4.1/bin/../lib/gcc/arm-none-eabi/5.4.1/../../../../arm-none-eabi/lib/armv7-m\libg_nano.a(lib_a-init.o)
 .ARM.attributes
                0x000006f9       0x2d c:/program files (x86)/cypress/psoc creator/4.4/psoc creator/import/gnu/arm/5.4.1/bin/../lib/gcc/arm-none-eabi/5.4.1/../../../../arm-none-eabi/lib/armv7-m\libg_nano.a(lib_a-memcpy-stub.o)
 .ARM.attributes
                0x00000726       0x2d c:/program files (x86)/cypress/psoc creator/4.4/psoc creator/import/gnu/arm/5.4.1/bin/../lib/gcc/arm-none-eabi/5.4.1/../../../../arm-none-eabi/lib/armv7-m\libg_nano.a(lib_a-memset.o)
 .ARM.attributes
                0x00000753       0x2d c:/program files (x86)/cypress/psoc creator/4.4/psoc creator/import/gnu/arm/5.4.1/bin/../lib/gcc/arm-none-eabi/5.4.1/../../../../arm-none-eabi/lib/armv7-m\libg_nano.a(lib_a-nano-vfprintf_float.o)
 .ARM.attributes
                0x00000780       0x2d c:/program files (x86)/cypress/psoc creator/4.4/psoc creator/import/gnu/arm/5.4.1/bin/../lib/gcc/arm-none-eabi/5.4.1/../../../../arm-none-eabi/lib/armv7-m\libg_nano.a(lib_a-nano-vfprintf_i.o)
 .ARM.attributes
                0x000007ad       0x2d c:/program files (x86)/cypress/psoc creator/4.4/psoc creator/import/gnu/arm/5.4.1/bin/../lib/gcc/arm-none-eabi/5.4.1/../../../../arm-none-eabi/lib/armv7-m\libg_nano.a(lib_a-sprintf.o)
 .ARM.attributes
                0x000007da       0x17 c:/program files (x86)/cypress/psoc creator/4.4/psoc creator/import/gnu/arm/5.4.1/bin/../lib/gcc/arm-none-eabi/5.4.1/../../../../arm-none-eabi/lib/armv7-m\libg_nano.a(lib_a-strlen.o)
 .ARM.attributes
                0x000007f1       0x2d c:/program files (x86)/cypress/psoc creator/4.4/psoc creator/import/gnu/arm/5.4.1/bin/../lib/gcc/arm-none-eabi/5.4.1/../../../../arm-none-eabi/lib/armv7-m\libg_nano.a(lib_a-dtoa.o)
 .ARM.attributes
                0x0000081e       0x2d c:/program files (x86)/cypress/psoc creator/4.4/psoc creator/import/gnu/arm/5.4.1/bin/../lib/gcc/arm-none-eabi/5.4.1/../../../../arm-none-eabi/lib/armv7-m\libg_nano.a(lib_a-locale.o)
 .ARM.attributes
                0x0000084b       0x2d c:/program files (x86)/cypress/psoc creator/4.4/psoc creator/import/gnu/arm/5.4.1/bin/../lib/gcc/arm-none-eabi/5.4.1/../../../../arm-none-eabi/lib/armv7-m\libg_nano.a(lib_a-malloc.o)
 .ARM.attributes
                0x00000878       0x2d c:/program files (x86)/cypress/psoc creator/4.4/psoc creator/import/gnu/arm/5.4.1/bin/../lib/gcc/arm-none-eabi/5.4.1/../../../../arm-none-eabi/lib/armv7-m\libg_nano.a(lib_a-memchr-stub.o)
 .ARM.attributes
                0x000008a5       0x2d c:/program files (x86)/cypress/psoc creator/4.4/psoc creator/import/gnu/arm/5.4.1/bin/../lib/gcc/arm-none-eabi/5.4.1/../../../../arm-none-eabi/lib/armv7-m\libg_nano.a(lib_a-mprec.o)
 .ARM.attributes
                0x000008d2       0x2d c:/program files (x86)/cypress/psoc creator/4.4/psoc creator/import/gnu/arm/5.4.1/bin/../lib/gcc/arm-none-eabi/5.4.1/../../../../arm-none-eabi/lib/armv7-m\libg_nano.a(lib_a-nano-callocr.o)
 .ARM.attributes
                0x000008ff       0x2d c:/program files (x86)/cypress/psoc creator/4.4/psoc creator/import/gnu/arm/5.4.1/bin/../lib/gcc/arm-none-eabi/5.4.1/../../../../arm-none-eabi/lib/armv7-m\libg_nano.a(lib_a-nano-freer.o)
 .ARM.attributes
                0x0000092c       0x2d c:/program files (x86)/cypress/psoc creator/4.4/psoc creator/import/gnu/arm/5.4.1/bin/../lib/gcc/arm-none-eabi/5.4.1/../../../../arm-none-eabi/lib/armv7-m\libg_nano.a(lib_a-nano-mallocr.o)
 .ARM.attributes
                0x00000959       0x2d c:/program files (x86)/cypress/psoc creator/4.4/psoc creator/import/gnu/arm/5.4.1/bin/../lib/gcc/arm-none-eabi/5.4.1/../../../../arm-none-eabi/lib/armv7-m\libg_nano.a(lib_a-nano-svfprintf.o)
 .ARM.attributes
                0x00000986       0x2d c:/program files (x86)/cypress/psoc creator/4.4/psoc creator/import/gnu/arm/5.4.1/bin/../lib/gcc/arm-none-eabi/5.4.1/../../../../arm-none-eabi/lib/armv7-m\libg_nano.a(lib_a-sbrkr.o)
 .ARM.attributes
                0x000009b3       0x1b c:/program files (x86)/cypress/psoc creator/4.4/psoc creator/import/gnu/arm/5.4.1/bin/../lib/gcc/arm-none-eabi/5.4.1/../../../../arm-none-eabi/lib/armv7-m\libg_nano.a(lib_a-strcmp.o)
 .ARM.attributes
                0x000009ce       0x2d c:/program files (x86)/cypress/psoc creator/4.4/psoc creator/import/gnu/arm/5.4.1/bin/../lib/gcc/arm-none-eabi/5.4.1/../../../../arm-none-eabi/lib/armv7-m\libg_nano.a(lib_a-memmove.o)
 .ARM.attributes
                0x000009fb       0x2d c:/program files (x86)/cypress/psoc creator/4.4/psoc creator/import/gnu/arm/5.4.1/bin/../lib/gcc/arm-none-eabi/5.4.1/../../../../arm-none-eabi/lib/armv7-m\libg_nano.a(lib_a-mlock.o)
 .ARM.attributes
                0x00000a28       0x2d c:/program files (x86)/cypress/psoc creator/4.4/psoc creator/import/gnu/arm/5.4.1/bin/../lib/gcc/arm-none-eabi/5.4.1/../../../../arm-none-eabi/lib/armv7-m\libg_nano.a(lib_a-nano-reallocr.o)
 .ARM.attributes
                0x00000a55       0x2d c:/program files (x86)/cypress/psoc creator/4.4/psoc creator/import/gnu/arm/5.4.1/bin/../lib/gcc/arm-none-eabi/5.4.1/../../../../arm-none-eabi/lib/armv7-m\libg_nano.a(lib_a-reent.o)
 .ARM.attributes
                0x00000a82       0x2d c:/program files (x86)/cypress/psoc creator/4.4/psoc creator/import/gnu/arm/5.4.1/bin/../lib/gcc/arm-none-eabi/5.4.1/../../../../arm-none-eabi/lib/armv7-m\libg_nano.a(lib_a-nano-msizer.o)
 .ARM.attributes
                0x00000aaf       0x1d c:/program files (x86)/cypress/psoc creator/4.4/psoc creator/import/gnu/arm/5.4.1/bin/../lib/gcc/arm-none-eabi/5.4.1/armv7-m\libgcc.a(_arm_cmpdf2.o)
 .ARM.attributes
                0x00000acc       0x1d c:/program files (x86)/cypress/psoc creator/4.4/psoc creator/import/gnu/arm/5.4.1/bin/../lib/gcc/arm-none-eabi/5.4.1/armv7-m\libgcc.a(_arm_unorddf2.o)
 .ARM.attributes
                0x00000ae9       0x2d c:/program files (x86)/cypress/psoc creator/4.4/psoc creator/import/gnu/arm/5.4.1/bin/../lib/gcc/arm-none-eabi/5.4.1/armv7-m/crtend.o
 .ARM.attributes
                0x00000b16       0x1d c:/program files (x86)/cypress/psoc creator/4.4/psoc creator/import/gnu/arm/5.4.1/bin/../lib/gcc/arm-none-eabi/5.4.1/armv7-m/crtn.o

/DISCARD/
 *(.note.GNU-stack)
OUTPUT(C:\Users\Perro\Desktop\AY2122_II_Project-1\Project_LTEBS\Saturimetro.cydsn\CortexM3\ARM_GCC_541\Debug\Saturimetro.elf elf32-littlearm)
