Archive member included to satisfy reference by file (symbol)

.\CortexM3\ARM_GCC_541\Debug\Saturimetro.a(I2C_Master.o)
                              .\CortexM3\ARM_GCC_541\Debug\I2C_Interface.o (I2C_Master_Start)
.\CortexM3\ARM_GCC_541\Debug\Saturimetro.a(I2C_Master_INT.o)
                              .\CortexM3\ARM_GCC_541\Debug\Saturimetro.a(I2C_Master.o) (I2C_Master_ISR)
.\CortexM3\ARM_GCC_541\Debug\Saturimetro.a(I2C_Master_PM.o)
                              .\CortexM3\ARM_GCC_541\Debug\Saturimetro.a(I2C_Master.o) (I2C_Master_backup)
.\CortexM3\ARM_GCC_541\Debug\Saturimetro.a(I2C_Master_MASTER.o)
                              .\CortexM3\ARM_GCC_541\Debug\Saturimetro.a(I2C_Master.o) (I2C_Master_mstrStatus)
.\CortexM3\ARM_GCC_541\Debug\Saturimetro.a(UART_Debug.o)
                              .\CortexM3\ARM_GCC_541\Debug\main.o (UART_Debug_Start)
.\CortexM3\ARM_GCC_541\Debug\Saturimetro.a(Connection_LED.o)
                              .\CortexM3\ARM_GCC_541\Debug\main.o (Connection_LED_Write)
.\CortexM3\ARM_GCC_541\Debug\Saturimetro.a(isr_MAX30101.o)
                              .\CortexM3\ARM_GCC_541\Debug\main.o (isr_MAX30101_StartEx)
.\CortexM3\ARM_GCC_541\Debug\Saturimetro.a(MAX30101_INT.o)
                              .\CortexM3\ARM_GCC_541\Debug\main.o (MAX30101_INT_ClearInterrupt)
.\CortexM3\ARM_GCC_541\Debug\Saturimetro.a(UART_Debug_IntClock.o)
                              .\CortexM3\ARM_GCC_541\Debug\Saturimetro.a(UART_Debug.o) (UART_Debug_IntClock_Start)
.\CortexM3\ARM_GCC_541\Debug\Saturimetro.a(CyFlash.o)
                              .\CortexM3\ARM_GCC_541\Debug\CyPm.o (CyFlash_SetWaitCycles)
.\CortexM3\ARM_GCC_541\Debug\Saturimetro.a(CyLib.o)
                              .\CortexM3\ARM_GCC_541\Debug\Cm3Start.o (CyResetStatus)
.\CortexM3\ARM_GCC_541\Debug\Saturimetro.a(CySpc.o)
                              .\CortexM3\ARM_GCC_541\Debug\Saturimetro.a(CyFlash.o) (CySpcStart)
.\CortexM3\ARM_GCC_541\Debug\Saturimetro.a(isr_RX.o)
                              .\CortexM3\ARM_GCC_541\Debug\main.o (isr_RX_StartEx)
.\CortexM3\ARM_GCC_541\Debug\Saturimetro.a(CyBootAsmGnu.o)
                              .\CortexM3\ARM_GCC_541\Debug\CyPm.o (CyDelayCycles)
c:/program files (x86)/cypress/psoc creator/4.4/psoc creator/import/gnu/arm/5.4.1/bin/../lib/gcc/arm-none-eabi/5.4.1/armv7-m\libgcc.a(_arm_addsubdf3.o)
                              .\CortexM3\ARM_GCC_541\Debug\MAX30101.o (__aeabi_dadd)
c:/program files (x86)/cypress/psoc creator/4.4/psoc creator/import/gnu/arm/5.4.1/bin/../lib/gcc/arm-none-eabi/5.4.1/armv7-m\libgcc.a(_arm_muldivdf3.o)
                              .\CortexM3\ARM_GCC_541\Debug\MAX30101.o (__aeabi_dmul)
c:/program files (x86)/cypress/psoc creator/4.4/psoc creator/import/gnu/arm/5.4.1/bin/../lib/gcc/arm-none-eabi/5.4.1/armv7-m\libgcc.a(_arm_fixdfsi.o)
                              .\CortexM3\ARM_GCC_541\Debug\SpO2.o (__aeabi_d2iz)
c:/program files (x86)/cypress/psoc creator/4.4/psoc creator/import/gnu/arm/5.4.1/bin/../lib/gcc/arm-none-eabi/5.4.1/armv7-m\libgcc.a(_arm_truncdfsf2.o)
                              .\CortexM3\ARM_GCC_541\Debug\MAX30101.o (__aeabi_d2f)
c:/program files (x86)/cypress/psoc creator/4.4/psoc creator/import/gnu/arm/5.4.1/bin/../lib/gcc/arm-none-eabi/5.4.1/armv7-m\libgcc.a(_arm_addsubsf3.o)
                              .\CortexM3\ARM_GCC_541\Debug\MAX30101.o (__aeabi_ui2f)
c:/program files (x86)/cypress/psoc creator/4.4/psoc creator/import/gnu/arm/5.4.1/bin/../lib/gcc/arm-none-eabi/5.4.1/../../../../arm-none-eabi/lib/armv7-m\libg_nano.a(lib_a-errno.o)
                              .\CortexM3\ARM_GCC_541\Debug\Cm3Start.o (__errno)
c:/program files (x86)/cypress/psoc creator/4.4/psoc creator/import/gnu/arm/5.4.1/bin/../lib/gcc/arm-none-eabi/5.4.1/../../../../arm-none-eabi/lib/armv7-m\libg_nano.a(lib_a-exit.o)
                              c:/program files (x86)/cypress/psoc creator/4.4/psoc creator/import/gnu/arm/5.4.1/bin/../lib/gcc/arm-none-eabi/5.4.1/../../../../arm-none-eabi/lib/armv7-m/crt0.o (exit)
c:/program files (x86)/cypress/psoc creator/4.4/psoc creator/import/gnu/arm/5.4.1/bin/../lib/gcc/arm-none-eabi/5.4.1/../../../../arm-none-eabi/lib/armv7-m\libg_nano.a(lib_a-impure.o)
                              c:/program files (x86)/cypress/psoc creator/4.4/psoc creator/import/gnu/arm/5.4.1/bin/../lib/gcc/arm-none-eabi/5.4.1/../../../../arm-none-eabi/lib/armv7-m\libg_nano.a(lib_a-exit.o) (_global_impure_ptr)
c:/program files (x86)/cypress/psoc creator/4.4/psoc creator/import/gnu/arm/5.4.1/bin/../lib/gcc/arm-none-eabi/5.4.1/../../../../arm-none-eabi/lib/armv7-m\libg_nano.a(lib_a-init.o)
                              c:/program files (x86)/cypress/psoc creator/4.4/psoc creator/import/gnu/arm/5.4.1/bin/../lib/gcc/arm-none-eabi/5.4.1/../../../../arm-none-eabi/lib/armv7-m/crt0.o (__libc_init_array)
[...]
Memory Configuration

Name             Origin             Length             Attributes
rom              0x00000000         0x00040000         xr
ram              0x1fff8000         0x00010000         xrw
*default*        0x00000000         0xffffffff

Linker script and memory map

LOAD c:/program files (x86)/cypress/psoc creator/4.4/psoc creator/import/gnu/arm/5.4.1/bin/../lib/gcc/arm-none-eabi/5.4.1/armv7-m/crti.o
LOAD c:/program files (x86)/cypress/psoc creator/4.4/psoc creator/import/gnu/arm/5.4.1/bin/../lib/gcc/arm-none-eabi/5.4.1/armv7-m/crtbegin.o
LOAD c:/program files (x86)/cypress/psoc creator/4.4/psoc creator/import/gnu/arm/5.4.1/bin/../lib/gcc/arm-none-eabi/5.4.1/../../../../arm-none-eabi/lib/armv7-m/crt0.o
START GROUP
LOAD .\CortexM3\ARM_GCC_541\Debug\main.o
LOAD .\CortexM3\ARM_GCC_541\Debug\I2C_Interface.o
LOAD .\CortexM3\ARM_GCC_541\Debug\MAX30101.o
LOAD .\CortexM3\ARM_GCC_541\Debug\SpO2.o
LOAD .\CortexM3\ARM_GCC_541\Debug\isr.o
LOAD .\CortexM3\ARM_GCC_541\Debug\HeartRate.o
LOAD .\CortexM3\ARM_GCC_541\Debug\millis.o
LOAD .\CortexM3\ARM_GCC_541\Debug\CyPm.o
LOAD .\CortexM3\ARM_GCC_541\Debug\USER.o
LOAD .\CortexM3\ARM_GCC_541\Debug\setting_parameters.o
LOAD .\CortexM3\ARM_GCC_541\Debug\cyfitter_cfg.o
LOAD .\CortexM3\ARM_GCC_541\Debug\cymetadata.o
LOAD .\CortexM3\ARM_GCC_541\Debug\Cm3Start.o
LOAD .\CortexM3\ARM_GCC_541\Debug\Saturimetro.a
LOAD C:\Program Files (x86)\Cypress\PSoC Creator\4.4\PSoC Creator\psoc\content\cycomponentlibrary\CyComponentLibrary.cylib\CortexM3\ARM_GCC_541\Debug\CyComponentLibrary.a
LOAD c:/program files (x86)/cypress/psoc creator/4.4/psoc creator/import/gnu/arm/5.4.1/bin/../lib/gcc/arm-none-eabi/5.4.1/../../../../arm-none-eabi/lib/armv7-m\libm.a
END GROUP
START GROUP
LOAD c:/program files (x86)/cypress/psoc creator/4.4/psoc creator/import/gnu/arm/5.4.1/bin/../lib/gcc/arm-none-eabi/5.4.1/armv7-m\libgcc.a
LOAD c:/program files (x86)/cypress/psoc creator/4.4/psoc creator/import/gnu/arm/5.4.1/bin/../lib/gcc/arm-none-eabi/5.4.1/../../../../arm-none-eabi/lib/armv7-m\libg_nano.a
LOAD c:/program files (x86)/cypress/psoc creator/4.4/psoc creator/import/gnu/arm/5.4.1/bin/../lib/gcc/arm-none-eabi/5.4.1/../../../../arm-none-eabi/lib/armv7-m\libc_nano.a
END GROUP
START GROUP
LOAD c:/program files (x86)/cypress/psoc creator/4.4/psoc creator/import/gnu/arm/5.4.1/bin/../lib/gcc/arm-none-eabi/5.4.1/armv7-m\libgcc.a
LOAD c:/program files (x86)/cypress/psoc creator/4.4/psoc creator/import/gnu/arm/5.4.1/bin/../lib/gcc/arm-none-eabi/5.4.1/../../../../arm-none-eabi/lib/armv7-m\libc_nano.a
END GROUP
LOAD c:/program files (x86)/cypress/psoc creator/4.4/psoc creator/import/gnu/arm/5.4.1/bin/../lib/gcc/arm-none-eabi/5.4.1/armv7-m/crtend.o
LOAD c:/program files (x86)/cypress/psoc creator/4.4/psoc creator/import/gnu/arm/5.4.1/bin/../lib/gcc/arm-none-eabi/5.4.1/armv7-m/crtn.o
START GROUP
LOAD c:/program files (x86)/cypress/psoc creator/4.4/psoc creator/import/gnu/arm/5.4.1/bin/../lib/gcc/arm-none-eabi/5.4.1/armv7-m\libgcc.a
LOAD c:/program files (x86)/cypress/psoc creator/4.4/psoc creator/import/gnu/arm/5.4.1/bin/../lib/gcc/arm-none-eabi/5.4.1/../../../../arm-none-eabi/lib/armv7-m\libc.a
LOAD c:/program files (x86)/cypress/psoc creator/4.4/psoc creator/import/gnu/arm/5.4.1/bin/../lib/gcc/arm-none-eabi/5.4.1/../../../../arm-none-eabi/lib/armv7-m\libnosys.a
END GROUP
                0x00000000                CY_APPL_ORIGIN = 0x0
                0x00000100                CY_FLASH_ROW_SIZE = 0x100
                0x00000020                CY_ECC_ROW_SIZE = 0x20
                0x00000000                CY_EE_IN_BTLDR = 0x0
                0x00000000                CY_APPL_LOADABLE = 0x0
                0x00000800                CY_EE_SIZE = 0x800
                0x00000001                CY_APPL_NUM = 0x1
                0x00000001                CY_APPL_MAX = 0x1
                0x00000040                CY_METADATA_SIZE = 0x40
                0x00000000                CY_APPL_LOADABLE = 0x0
                0x00000000                CY_CHECKSUM_EXCLUDE_SIZE = ALIGN (0x0, CY_FLASH_ROW_SIZE)
                [!provide]                PROVIDE (__cy_heap_start, _end)
                0x00000001                PROVIDE (__cy_region_num, ((__cy_regions_end - __cy_regions) / 0x10))
                0x20008000                PROVIDE (__cy_stack, (ORIGIN (ram) + LENGTH (ram)))
                [!provide]                PROVIDE (__cy_heap_end, (__cy_stack - 0x800))

.cybootloader   0x00000000        0x0
 *(.cybootloader)
                0x00000000                appl1_start = CY_APPL_ORIGIN?CY_APPL_ORIGIN:ALIGN (CY_FLASH_ROW_SIZE)
                0x0001ff00                appl2_start = (appl1_start + ALIGN ((((LENGTH (rom) - appl1_start) - (0x2 * CY_FLASH_ROW_SIZE)) / 0x2), CY_FLASH_ROW_SIZE))
                0x00000000                appl_start = (CY_APPL_NUM == 0x1)?appl1_start:appl2_start
                0x00000000                ecc_offset = ((appl_start / CY_FLASH_ROW_SIZE) * CY_ECC_ROW_SIZE)
                0x00000000                ee_offset = (CY_APPL_LOADABLE && ! (CY_EE_IN_BTLDR))?((CY_EE_SIZE / CY_APPL_MAX) * (CY_APPL_NUM - 0x1)):0x0
                0x00000800                ee_size = (CY_APPL_LOADABLE && ! (CY_EE_IN_BTLDR))?(CY_EE_SIZE / CY_APPL_MAX):CY_EE_SIZE
                [!provide]                PROVIDE (CY_ECC_OFFSET, ecc_offset)

.text           0x00000000     0x5524
 CREATE_OBJECT_SYMBOLS
                0x00000000                PROVIDE (__cy_interrupt_vector, RomVectors)
 *(.romvectors)
 .romvectors    0x00000000       0x10 .\CortexM3\ARM_GCC_541\Debug\Cm3Start.o
                0x00000000                RomVectors
                0x00000001                ASSERT ((. != __cy_interrupt_vector), No interrupt vector)
                0x00000001                ASSERT (CY_APPL_ORIGIN?(SIZEOF (.cybootloader) <= CY_APPL_ORIGIN):0x1, Wrong image location)
                0x00000010                PROVIDE (__cy_reset, Reset)
 *(.text.Reset)
 .text.Reset    0x00000010       0x18 .\CortexM3\ARM_GCC_541\Debug\Cm3Start.o
                0x00000010                Reset
                0x00000001                ASSERT ((. != __cy_reset), No reset code)
 *(.dma_init)
                0x00000001                ASSERT ((((appl_start + .) <= 0x10000) || 0x1), DMA Init must be within the first 64k of flash)
 *(.text .text.* .gnu.linkonce.t.*)
 .text          0x00000028       0x5c c:/program files (x86)/cypress/psoc creator/4.4/psoc creator/import/gnu/arm/5.4.1/bin/../lib/gcc/arm-none-eabi/5.4.1/armv7-m/crtbegin.o
 .text.main     0x00000084      0x544 .\CortexM3\ARM_GCC_541\Debug\main.o
                0x00000084                main
 .text.MAX30101_ISR
                0x000005c8       0x2c .\CortexM3\ARM_GCC_541\Debug\main.o
                0x000005c8                MAX30101_ISR
 .text.I2C_Peripheral_Start
                0x000005f4       0x10 .\CortexM3\ARM_GCC_541\Debug\I2C_Interface.o
                0x000005f4                I2C_Peripheral_Start
 .text.I2C_Peripheral_ReadRegister
                0x00000604       0x70 .\CortexM3\ARM_GCC_541\Debug\I2C_Interface.o
                0x00000604                I2C_Peripheral_ReadRegister
 .text.I2C_Peripheral_ReadRegisterMulti
                0x00000674       0xa0 .\CortexM3\ARM_GCC_541\Debug\I2C_Interface.o
                0x00000674                I2C_Peripheral_ReadRegisterMulti
 .text.I2C_Peripheral_WriteRegister
                0x00000714       0x60 .\CortexM3\ARM_GCC_541\Debug\I2C_Interface.o
                0x00000714                I2C_Peripheral_WriteRegister
 .text.I2C_Peripheral_IsDeviceConnected
                0x00000774       0x30 .\CortexM3\ARM_GCC_541\Debug\I2C_Interface.o
                0x00000774                I2C_Peripheral_IsDeviceConnected
 .text.MAX30101_Start
                0x000007a4       0x14 .\CortexM3\ARM_GCC_541\Debug\MAX30101.o
                0x000007a4                MAX30101_Start
 .text.MAX30101_IsDevicePresent
                0x000007b8       0x1c .\CortexM3\ARM_GCC_541\Debug\MAX30101.o
                0x000007b8                MAX30101_IsDevicePresent
 .text.MAX30101_IsFIFOAFull
                0x000007d4       0x30 .\CortexM3\ARM_GCC_541\Debug\MAX30101.o
                0x000007d4                MAX30101_IsFIFOAFull
 .text.MAX30101_EnableFIFOAFullInt
                0x00000804       0x14 .\CortexM3\ARM_GCC_541\Debug\MAX30101.o
                0x00000804                MAX30101_EnableFIFOAFullInt
 .text.MAX30101_ReadWritePointer
                0x00000818       0x1c .\CortexM3\ARM_GCC_541\Debug\MAX30101.o
                0x00000818                MAX30101_ReadWritePointer
 .text.MAX30101_ReadReadPointer
                0x00000834       0x1c .\CortexM3\ARM_GCC_541\Debug\MAX30101.o
                0x00000834                MAX30101_ReadReadPointer
 .text.MAX30101_ClearFIFO
                0x00000850       0x44 .\CortexM3\ARM_GCC_541\Debug\MAX30101.o
                0x00000850                MAX30101_ClearFIFO
 .text.MAX30101_ReadRawFIFOBytes
                0x00000894       0x48 .\CortexM3\ARM_GCC_541\Debug\MAX30101.o
                0x00000894                MAX30101_ReadRawFIFOBytes
 .text.MAX30101_ReadFIFO
                0x000008dc      0x164 .\CortexM3\ARM_GCC_541\Debug\MAX30101.o
                0x000008dc                MAX30101_ReadFIFO
 .text.MAX30101_SetSampleAverage
                0x00000a40       0x20 .\CortexM3\ARM_GCC_541\Debug\MAX30101.o
                0x00000a40                MAX30101_SetSampleAverage
 .text.MAX30101_EnableFIFORollover
                0x00000a60       0x14 .\CortexM3\ARM_GCC_541\Debug\MAX30101.o
                0x00000a60                MAX30101_EnableFIFORollover
 .text.MAX30101_SetFIFOAlmostFull
                0x00000a74       0x28 .\CortexM3\ARM_GCC_541\Debug\MAX30101.o
                0x00000a74                MAX30101_SetFIFOAlmostFull
 .text.MAX30101_Shutdown
                0x00000a9c       0x14 .\CortexM3\ARM_GCC_541\Debug\MAX30101.o
                0x00000a9c                MAX30101_Shutdown
 .text.MAX30101_WakeUp
                0x00000ab0       0x14 .\CortexM3\ARM_GCC_541\Debug\MAX30101.o
                0x00000ab0                MAX30101_WakeUp
 .text.MAX30101_Reset
                0x00000ac4       0x14 .\CortexM3\ARM_GCC_541\Debug\MAX30101.o
                0x00000ac4                MAX30101_Reset
 .text.MAX30101_SetMode
                0x00000ad8       0x20 .\CortexM3\ARM_GCC_541\Debug\MAX30101.o
                0x00000ad8                MAX30101_SetMode
 .text.MAX30101_SetSpO2ADCRange
                0x00000af8       0x20 .\CortexM3\ARM_GCC_541\Debug\MAX30101.o
                0x00000af8                MAX30101_SetSpO2ADCRange
 .text.MAX30101_SetSpO2SampleRate
                0x00000b18       0x20 .\CortexM3\ARM_GCC_541\Debug\MAX30101.o
                0x00000b18                MAX30101_SetSpO2SampleRate
 .text.MAX30101_SetSpO2PulseWidth
                0x00000b38       0x20 .\CortexM3\ARM_GCC_541\Debug\MAX30101.o
                0x00000b38                MAX30101_SetSpO2PulseWidth
 .text.MAX30101_SetLEDPulseAmplitude
                0x00000b58       0x64 .\CortexM3\ARM_GCC_541\Debug\MAX30101.o
                0x00000b58                MAX30101_SetLEDPulseAmplitude
 .text.MAX30101_DisableSlots
                0x00000bbc       0x30 .\CortexM3\ARM_GCC_541\Debug\MAX30101.o
                0x00000bbc                MAX30101_DisableSlots
 .text.MAX30101_ReadPartID
                0x00000bec       0x1c .\CortexM3\ARM_GCC_541\Debug\MAX30101.o
                0x00000bec                MAX30101_ReadPartID
 .text.MAX30101_ReadRevisionID
                0x00000c08       0x1c .\CortexM3\ARM_GCC_541\Debug\MAX30101.o
                0x00000c08                MAX30101_ReadRevisionID
 .text.MAX30101_ReadRegister
                0x00000c24       0x3c .\CortexM3\ARM_GCC_541\Debug\MAX30101.o
                0x00000c24                MAX30101_ReadRegister
 .text.MAX30101_WriteRegister
                0x00000c60       0x34 .\CortexM3\ARM_GCC_541\Debug\MAX30101.o
 .text.MAX30101_BitMask
                0x00000c94       0x54 .\CortexM3\ARM_GCC_541\Debug\MAX30101.o
 .text.maxim_heart_rate_and_oxygen_saturation
                0x00000ce8      0x6dc .\CortexM3\ARM_GCC_541\Debug\SpO2.o
                0x00000ce8                maxim_heart_rate_and_oxygen_saturation
 .text.maxim_find_peaks
                0x000013c4       0x44 .\CortexM3\ARM_GCC_541\Debug\SpO2.o
                0x000013c4                maxim_find_peaks
 .text.maxim_peaks_above_min_height
                0x00001408       0xe4 .\CortexM3\ARM_GCC_541\Debug\SpO2.o
                0x00001408                maxim_peaks_above_min_height
 .text.maxim_remove_close_peaks
                0x000014ec       0xc0 .\CortexM3\ARM_GCC_541\Debug\SpO2.o
                0x000014ec                maxim_remove_close_peaks
 .text.maxim_sort_ascend
                0x000015ac       0x84 .\CortexM3\ARM_GCC_541\Debug\SpO2.o
                0x000015ac                maxim_sort_ascend
 .text.maxim_sort_indices_descend
                0x00001630       0x94 .\CortexM3\ARM_GCC_541\Debug\SpO2.o
                0x00001630                maxim_sort_indices_descend
 .text.Custom_ISR_RX
                0x000016c4       0x28 .\CortexM3\ARM_GCC_541\Debug\isr.o
                0x000016c4                Custom_ISR_RX
 .text.USER     0x000016ec      0x2d4 .\CortexM3\ARM_GCC_541\Debug\USER.o
                0x000016ec                USER
 .text.setting_parameters
                0x000019c0       0xa8 .\CortexM3\ARM_GCC_541\Debug\setting_parameters.o
                0x000019c0                setting_parameters
 .text.CYMEMZERO
                0x00001a68       0x1c .\CortexM3\ARM_GCC_541\Debug\cyfitter_cfg.o
 .text.CYCONFIGCPY
                0x00001a84       0x20 .\CortexM3\ARM_GCC_541\Debug\cyfitter_cfg.o
 .text.CyClockStartupError
                0x00001aa4        0xc .\CortexM3\ARM_GCC_541\Debug\cyfitter_cfg.o
 .text.cfg_write_bytes32
                0x00001ab0       0x74 .\CortexM3\ARM_GCC_541\Debug\cyfitter_cfg.o
 .text.ClockSetup
                0x00001b24      0x118 .\CortexM3\ARM_GCC_541\Debug\cyfitter_cfg.o
 .text.AnalogSetDefault
                0x00001c3c       0x44 .\CortexM3\ARM_GCC_541\Debug\cyfitter_cfg.o
 .text.cyfitter_cfg
                0x00001c80      0x180 .\CortexM3\ARM_GCC_541\Debug\cyfitter_cfg.o
                0x00001c80                cyfitter_cfg
 .text.IntDefaultHandler
                0x00001e00       0x14 .\CortexM3\ARM_GCC_541\Debug\Cm3Start.o
                0x00001e00                IntDefaultHandler
 .text._sbrk    0x00001e14       0x50 .\CortexM3\ARM_GCC_541\Debug\Cm3Start.o
                0x00001e14                _sbrk
 .text.Start_c  0x00001e64       0x98 .\CortexM3\ARM_GCC_541\Debug\Cm3Start.o
                0x00001e64                Start_c
 .text.initialize_psoc
                0x00001efc       0x90 .\CortexM3\ARM_GCC_541\Debug\Cm3Start.o
                0x00001efc                initialize_psoc
 .text.I2C_Master_Init
                0x00001f8c       0x84 .\CortexM3\ARM_GCC_541\Debug\Saturimetro.a(I2C_Master.o)
                0x00001f8c                I2C_Master_Init
 .text.I2C_Master_Enable
                0x00002010       0x48 .\CortexM3\ARM_GCC_541\Debug\Saturimetro.a(I2C_Master.o)
                0x00002010                I2C_Master_Enable
 .text.I2C_Master_Start
                0x00002058       0x30 .\CortexM3\ARM_GCC_541\Debug\Saturimetro.a(I2C_Master.o)
                0x00002058                I2C_Master_Start
 .text.I2C_Master_ISR
                0x00002088      0x3a8 .\CortexM3\ARM_GCC_541\Debug\Saturimetro.a(I2C_Master_INT.o)
                0x00002088                I2C_Master_ISR
 .text.I2C_Master_MasterSendStart
                0x00002430       0xb8 .\CortexM3\ARM_GCC_541\Debug\Saturimetro.a(I2C_Master_MASTER.o)
                0x00002430                I2C_Master_MasterSendStart
 .text.I2C_Master_MasterSendRestart
                0x000024e8       0xa4 .\CortexM3\ARM_GCC_541\Debug\Saturimetro.a(I2C_Master_MASTER.o)
                0x000024e8                I2C_Master_MasterSendRestart
 .text.I2C_Master_MasterSendStop
                0x0000258c       0x58 .\CortexM3\ARM_GCC_541\Debug\Saturimetro.a(I2C_Master_MASTER.o)
                0x0000258c                I2C_Master_MasterSendStop
 .text.I2C_Master_MasterWriteByte
                0x000025e4       0x80 .\CortexM3\ARM_GCC_541\Debug\Saturimetro.a(I2C_Master_MASTER.o)
                0x000025e4                I2C_Master_MasterWriteByte
 .text.I2C_Master_MasterReadByte
                0x00002664       0x78 .\CortexM3\ARM_GCC_541\Debug\Saturimetro.a(I2C_Master_MASTER.o)
                0x00002664                I2C_Master_MasterReadByte
 .text.UART_Debug_Start
                0x000026dc       0x24 .\CortexM3\ARM_GCC_541\Debug\Saturimetro.a(UART_Debug.o)
                0x000026dc                UART_Debug_Start
 .text.UART_Debug_Init
                0x00002700       0x40 .\CortexM3\ARM_GCC_541\Debug\Saturimetro.a(UART_Debug.o)
                0x00002700                UART_Debug_Init
 .text.UART_Debug_Enable
                0x00002740       0x60 .\CortexM3\ARM_GCC_541\Debug\Saturimetro.a(UART_Debug.o)
                0x00002740                UART_Debug_Enable
 .text.UART_Debug_GetChar
                0x000027a0       0x44 .\CortexM3\ARM_GCC_541\Debug\Saturimetro.a(UART_Debug.o)
                0x000027a0                UART_Debug_GetChar
 .text.UART_Debug_PutChar
                0x000027e4       0x34 .\CortexM3\ARM_GCC_541\Debug\Saturimetro.a(UART_Debug.o)
                0x000027e4                UART_Debug_PutChar
 .text.UART_Debug_PutString
                0x00002818       0x44 .\CortexM3\ARM_GCC_541\Debug\Saturimetro.a(UART_Debug.o)
                0x00002818                UART_Debug_PutString
 .text.Connection_LED_Write
                0x0000285c       0x3c .\CortexM3\ARM_GCC_541\Debug\Saturimetro.a(Connection_LED.o)
                0x0000285c                Connection_LED_Write
 .text.Connection_LED_Read
                0x00002898       0x20 .\CortexM3\ARM_GCC_541\Debug\Saturimetro.a(Connection_LED.o)
                0x00002898                Connection_LED_Read
 .text.isr_MAX30101_StartEx
                0x000028b8       0x24 .\CortexM3\ARM_GCC_541\Debug\Saturimetro.a(isr_MAX30101.o)
                0x000028b8                isr_MAX30101_StartEx
 .text.isr_MAX30101_SetVector
                0x000028dc       0x24 .\CortexM3\ARM_GCC_541\Debug\Saturimetro.a(isr_MAX30101.o)
                0x000028dc                isr_MAX30101_SetVector
 .text.isr_MAX30101_SetPriority
                0x00002900       0x24 .\CortexM3\ARM_GCC_541\Debug\Saturimetro.a(isr_MAX30101.o)
                0x00002900                isr_MAX30101_SetPriority
 .text.isr_MAX30101_Enable
                0x00002924       0x18 .\CortexM3\ARM_GCC_541\Debug\Saturimetro.a(isr_MAX30101.o)
                0x00002924                isr_MAX30101_Enable
 .text.isr_MAX30101_Disable
                0x0000293c       0x18 .\CortexM3\ARM_GCC_541\Debug\Saturimetro.a(isr_MAX30101.o)
                0x0000293c                isr_MAX30101_Disable
 .text.MAX30101_INT_ClearInterrupt
                0x00002954       0x20 .\CortexM3\ARM_GCC_541\Debug\Saturimetro.a(MAX30101_INT.o)
                0x00002954                MAX30101_INT_ClearInterrupt
 .text.UART_Debug_IntClock_Start
                0x00002974       0x34 .\CortexM3\ARM_GCC_541\Debug\Saturimetro.a(UART_Debug_IntClock.o)
                0x00002974                UART_Debug_IntClock_Start
 .text.CyHalt   0x000029a8       0x18 .\CortexM3\ARM_GCC_541\Debug\Saturimetro.a(CyLib.o)
                0x000029a8                CyHalt
 .text.CyDelay  0x000029c0       0x44 .\CortexM3\ARM_GCC_541\Debug\Saturimetro.a(CyLib.o)
                0x000029c0                CyDelay
 .text.CyIntSetVector
                0x00002a04       0x50 .\CortexM3\ARM_GCC_541\Debug\Saturimetro.a(CyLib.o)
                0x00002a04                CyIntSetVector
 .text.CyIntSetPriority
                0x00002a54       0x48 .\CortexM3\ARM_GCC_541\Debug\Saturimetro.a(CyLib.o)
                0x00002a54                CyIntSetPriority
 .text.isr_RX_StartEx
                0x00002a9c       0x24 .\CortexM3\ARM_GCC_541\Debug\Saturimetro.a(isr_RX.o)
                0x00002a9c                isr_RX_StartEx
 .text.isr_RX_SetVector
                0x00002ac0       0x24 .\CortexM3\ARM_GCC_541\Debug\Saturimetro.a(isr_RX.o)
                0x00002ac0                isr_RX_SetVector
 .text.isr_RX_SetPriority
                0x00002ae4       0x24 .\CortexM3\ARM_GCC_541\Debug\Saturimetro.a(isr_RX.o)
                0x00002ae4                isr_RX_SetPriority
 .text.isr_RX_Enable
                0x00002b08       0x18 .\CortexM3\ARM_GCC_541\Debug\Saturimetro.a(isr_RX.o)
                0x00002b08                isr_RX_Enable
 .text.isr_RX_Disable
                0x00002b20       0x18 .\CortexM3\ARM_GCC_541\Debug\Saturimetro.a(isr_RX.o)
                0x00002b20                isr_RX_Disable
 .text          0x00002b38       0x20 .\CortexM3\ARM_GCC_541\Debug\Saturimetro.a(CyBootAsmGnu.o)
                0x00002b38                CyDelayCycles
                0x00002b48                CyEnterCriticalSection
                0x00002b50                CyExitCriticalSection
 .text          0x00002b58      0x370 c:/program files (x86)/cypress/psoc creator/4.4/psoc creator/import/gnu/arm/5.4.1/bin/../lib/gcc/arm-none-eabi/5.4.1/armv7-m\libgcc.a(_arm_addsubdf3.o)
                0x00002b58                __aeabi_drsub
                0x00002b60                __aeabi_dsub
                0x00002b60                __subdf3
                0x00002b64                __aeabi_dadd
                0x00002b64                __adddf3
                0x00002ddc                __floatunsidf
                0x00002ddc                __aeabi_ui2d
                0x00002dfc                __floatsidf
                0x00002dfc                __aeabi_i2d
                0x00002e20                __aeabi_f2d
                0x00002e20                __extendsfdf2
                0x00002e5c                __floatundidf
                0x00002e5c                __aeabi_ul2d
                0x00002e6c                __floatdidf
                0x00002e6c                __aeabi_l2d
 .text          0x00002ec8      0x424 c:/program files (x86)/cypress/psoc creator/4.4/psoc creator/import/gnu/arm/5.4.1/bin/../lib/gcc/arm-none-eabi/5.4.1/armv7-m\libgcc.a(_arm_muldivdf3.o)
                0x00002ec8                __aeabi_dmul
                0x00002ec8                __muldf3
                0x0000311c                __divdf3
                0x0000311c                __aeabi_ddiv
 .text          0x000032ec       0x50 c:/program files (x86)/cypress/psoc creator/4.4/psoc creator/import/gnu/arm/5.4.1/bin/../lib/gcc/arm-none-eabi/5.4.1/armv7-m\libgcc.a(_arm_fixdfsi.o)
                0x000032ec                __aeabi_d2iz
                0x000032ec                __fixdfsi
 .text.__errno  0x0000333c        0xc c:/program files (x86)/cypress/psoc creator/4.4/psoc creator/import/gnu/arm/5.4.1/bin/../lib/gcc/arm-none-eabi/5.4.1/../../../../arm-none-eabi/lib/armv7-m\libg_nano.a(lib_a-errno.o)
                0x0000333c                __errno
 .text.__libc_init_array
                0x00003348       0x4c c:/program files (x86)/cypress/psoc creator/4.4/psoc creator/import/gnu/arm/5.4.1/bin/../lib/gcc/arm-none-eabi/5.4.1/../../../../arm-none-eabi/lib/armv7-m\libg_nano.a(lib_a-init.o)
                0x00003348                __libc_init_array
 .text.memcpy   0x00003394       0x16 c:/program files (x86)/cypress/psoc creator/4.4/psoc creator/import/gnu/arm/5.4.1/bin/../lib/gcc/arm-none-eabi/5.4.1/../../../../arm-none-eabi/lib/armv7-m\libg_nano.a(lib_a-memcpy-stub.o)
                0x00003394                memcpy
 .text.memset   0x000033aa       0x10 c:/program files (x86)/cypress/psoc creator/4.4/psoc creator/import/gnu/arm/5.4.1/bin/../lib/gcc/arm-none-eabi/5.4.1/../../../../arm-none-eabi/lib/armv7-m\libg_nano.a(lib_a-memset.o)
                0x000033aa                memset
 .text.__cvt    0x000033ba       0xc0 c:/program files (x86)/cypress/psoc creator/4.4/psoc creator/import/gnu/arm/5.4.1/bin/../lib/gcc/arm-none-eabi/5.4.1/../../../../arm-none-eabi/lib/armv7-m\libg_nano.a(lib_a-nano-vfprintf_float.o)
                0x000033ba                __cvt
 .text.__exponent
                0x0000347a       0x62 c:/program files (x86)/cypress/psoc creator/4.4/psoc creator/import/gnu/arm/5.4.1/bin/../lib/gcc/arm-none-eabi/5.4.1/../../../../arm-none-eabi/lib/armv7-m\libg_nano.a(lib_a-nano-vfprintf_float.o)
                0x0000347a                __exponent
 .text._printf_float
                0x000034dc      0x488 c:/program files (x86)/cypress/psoc creator/4.4/psoc creator/import/gnu/arm/5.4.1/bin/../lib/gcc/arm-none-eabi/5.4.1/../../../../arm-none-eabi/lib/armv7-m\libg_nano.a(lib_a-nano-vfprintf_float.o)
                0x000034dc                _printf_float
 .text._printf_common
                0x00003964       0xec c:/program files (x86)/cypress/psoc creator/4.4/psoc creator/import/gnu/arm/5.4.1/bin/../lib/gcc/arm-none-eabi/5.4.1/../../../../arm-none-eabi/lib/armv7-m\libg_nano.a(lib_a-nano-vfprintf_i.o)
                0x00003964                _printf_common
 .text._printf_i
                0x00003a50      0x24c c:/program files (x86)/cypress/psoc creator/4.4/psoc creator/import/gnu/arm/5.4.1/bin/../lib/gcc/arm-none-eabi/5.4.1/../../../../arm-none-eabi/lib/armv7-m\libg_nano.a(lib_a-nano-vfprintf_i.o)
                0x00003a50                _printf_i
 .text.sprintf  0x00003c9c       0x48 c:/program files (x86)/cypress/psoc creator/4.4/psoc creator/import/gnu/arm/5.4.1/bin/../lib/gcc/arm-none-eabi/5.4.1/../../../../arm-none-eabi/lib/armv7-m\libg_nano.a(lib_a-sprintf.o)
                0x00003c9c                siprintf
                0x00003c9c                sprintf
 .text          0x00003ce4       0x10 c:/program files (x86)/cypress/psoc creator/4.4/psoc creator/import/gnu/arm/5.4.1/bin/../lib/gcc/arm-none-eabi/5.4.1/../../../../arm-none-eabi/lib/armv7-m\libg_nano.a(lib_a-strlen.o)
                0x00003ce4                strlen
 .text.quorem   0x00003cf4      0x116 c:/program files (x86)/cypress/psoc creator/4.4/psoc creator/import/gnu/arm/5.4.1/bin/../lib/gcc/arm-none-eabi/5.4.1/../../../../arm-none-eabi/lib/armv7-m\libg_nano.a(lib_a-dtoa.o)
 *fill*         0x00003e0a        0x6 
 .text._dtoa_r  0x00003e10      0xb30 c:/program files (x86)/cypress/psoc creator/4.4/psoc creator/import/gnu/arm/5.4.1/bin/../lib/gcc/arm-none-eabi/5.4.1/../../../../arm-none-eabi/lib/armv7-m\libg_nano.a(lib_a-dtoa.o)
                0x00003e10                _dtoa_r
 .text._localeconv_r
                0x00004940        0x8 c:/program files (x86)/cypress/psoc creator/4.4/psoc creator/import/gnu/arm/5.4.1/bin/../lib/gcc/arm-none-eabi/5.4.1/../../../../arm-none-eabi/lib/armv7-m\libg_nano.a(lib_a-locale.o)
                0x00004940                _localeconv_r
 .text.malloc   0x00004948       0x10 c:/program files (x86)/cypress/psoc creator/4.4/psoc creator/import/gnu/arm/5.4.1/bin/../lib/gcc/arm-none-eabi/5.4.1/../../../../arm-none-eabi/lib/armv7-m\libg_nano.a(lib_a-malloc.o)
                0x00004948                malloc
 .text.memchr   0x00004958       0x1c c:/program files (x86)/cypress/psoc creator/4.4/psoc creator/import/gnu/arm/5.4.1/bin/../lib/gcc/arm-none-eabi/5.4.1/../../../../arm-none-eabi/lib/armv7-m\libg_nano.a(lib_a-memchr-stub.o)
                0x00004958                memchr
 .text._Balloc  0x00004974       0x6a c:/program files (x86)/cypress/psoc creator/4.4/psoc creator/import/gnu/arm/5.4.1/bin/../lib/gcc/arm-none-eabi/5.4.1/../../../../arm-none-eabi/lib/armv7-m\libg_nano.a(lib_a-mprec.o)
                0x00004974                _Balloc
 .text._Bfree   0x000049de       0x2e c:/program files (x86)/cypress/psoc creator/4.4/psoc creator/import/gnu/arm/5.4.1/bin/../lib/gcc/arm-none-eabi/5.4.1/../../../../arm-none-eabi/lib/armv7-m\libg_nano.a(lib_a-mprec.o)
                0x000049de                _Bfree
 .text.__multadd
                0x00004a0c       0x76 c:/program files (x86)/cypress/psoc creator/4.4/psoc creator/import/gnu/arm/5.4.1/bin/../lib/gcc/arm-none-eabi/5.4.1/../../../../arm-none-eabi/lib/armv7-m\libg_nano.a(lib_a-mprec.o)
                0x00004a0c                __multadd
 .text.__hi0bits
                0x00004a82       0x40 c:/program files (x86)/cypress/psoc creator/4.4/psoc creator/import/gnu/arm/5.4.1/bin/../lib/gcc/arm-none-eabi/5.4.1/../../../../arm-none-eabi/lib/armv7-m\libg_nano.a(lib_a-mprec.o)
                0x00004a82                __hi0bits
 .text.__lo0bits
                0x00004ac2       0x5a c:/program files (x86)/cypress/psoc creator/4.4/psoc creator/import/gnu/arm/5.4.1/bin/../lib/gcc/arm-none-eabi/5.4.1/../../../../arm-none-eabi/lib/armv7-m\libg_nano.a(lib_a-mprec.o)
                0x00004ac2                __lo0bits
 .text.__i2b    0x00004b1c       0x12 c:/program files (x86)/cypress/psoc creator/4.4/psoc creator/import/gnu/arm/5.4.1/bin/../lib/gcc/arm-none-eabi/5.4.1/../../../../arm-none-eabi/lib/armv7-m\libg_nano.a(lib_a-mprec.o)
                0x00004b1c                __i2b
 .text.__multiply
                0x00004b2e      0x120 c:/program files (x86)/cypress/psoc creator/4.4/psoc creator/import/gnu/arm/5.4.1/bin/../lib/gcc/arm-none-eabi/5.4.1/../../../../arm-none-eabi/lib/armv7-m\libg_nano.a(lib_a-mprec.o)
                0x00004b2e                __multiply
 *fill*         0x00004c4e        0x2 
 .text.__pow5mult
                0x00004c50       0x9c c:/program files (x86)/cypress/psoc creator/4.4/psoc creator/import/gnu/arm/5.4.1/bin/../lib/gcc/arm-none-eabi/5.4.1/../../../../arm-none-eabi/lib/armv7-m\libg_nano.a(lib_a-mprec.o)
                0x00004c50                __pow5mult
 .text.__lshift
                0x00004cec       0xa2 c:/program files (x86)/cypress/psoc creator/4.4/psoc creator/import/gnu/arm/5.4.1/bin/../lib/gcc/arm-none-eabi/5.4.1/../../../../arm-none-eabi/lib/armv7-m\libg_nano.a(lib_a-mprec.o)
                0x00004cec                __lshift
 .text.__mcmp   0x00004d8e       0x38 c:/program files (x86)/cypress/psoc creator/4.4/psoc creator/import/gnu/arm/5.4.1/bin/../lib/gcc/arm-none-eabi/5.4.1/../../../../arm-none-eabi/lib/armv7-m\libg_nano.a(lib_a-mprec.o)
                0x00004d8e                __mcmp
 .text.__mdiff  0x00004dc6       0xbe c:/program files (x86)/cypress/psoc creator/4.4/psoc creator/import/gnu/arm/5.4.1/bin/../lib/gcc/arm-none-eabi/5.4.1/../../../../arm-none-eabi/lib/armv7-m\libg_nano.a(lib_a-mprec.o)
                0x00004dc6                __mdiff
 .text.__d2b    0x00004e84       0x9c c:/program files (x86)/cypress/psoc creator/4.4/psoc creator/import/gnu/arm/5.4.1/bin/../lib/gcc/arm-none-eabi/5.4.1/../../../../arm-none-eabi/lib/armv7-m\libg_nano.a(lib_a-mprec.o)
                0x00004e84                __d2b
 .text._calloc_r
                0x00004f20       0x1c c:/program files (x86)/cypress/psoc creator/4.4/psoc creator/import/gnu/arm/5.4.1/bin/../lib/gcc/arm-none-eabi/5.4.1/../../../../arm-none-eabi/lib/armv7-m\libg_nano.a(lib_a-nano-callocr.o)
                0x00004f20                _calloc_r
 .text._free_r  0x00004f3c       0x98 c:/program files (x86)/cypress/psoc creator/4.4/psoc creator/import/gnu/arm/5.4.1/bin/../lib/gcc/arm-none-eabi/5.4.1/../../../../arm-none-eabi/lib/armv7-m\libg_nano.a(lib_a-nano-freer.o)
                0x00004f3c                _free_r
 .text._malloc_r
                0x00004fd4       0xbc c:/program files (x86)/cypress/psoc creator/4.4/psoc creator/import/gnu/arm/5.4.1/bin/../lib/gcc/arm-none-eabi/5.4.1/../../../../arm-none-eabi/lib/armv7-m\libg_nano.a(lib_a-nano-mallocr.o)
                0x00004fd4                _malloc_r
 .text.__ssputs_r
                0x00005090       0xb2 c:/program files (x86)/cypress/psoc creator/4.4/psoc creator/import/gnu/arm/5.4.1/bin/../lib/gcc/arm-none-eabi/5.4.1/../../../../arm-none-eabi/lib/armv7-m\libg_nano.a(lib_a-nano-svfprintf.o)
                0x00005090                __ssputs_r
 *fill*         0x00005142        0x2 
 .text._svfprintf_r
                0x00005144      0x1e8 c:/program files (x86)/cypress/psoc creator/4.4/psoc creator/import/gnu/arm/5.4.1/bin/../lib/gcc/arm-none-eabi/5.4.1/../../../../arm-none-eabi/lib/armv7-m\libg_nano.a(lib_a-nano-svfprintf.o)
                0x00005144                _svfiprintf_r
                0x00005144                _svfprintf_r
 .text._sbrk_r  0x0000532c       0x20 c:/program files (x86)/cypress/psoc creator/4.4/psoc creator/import/gnu/arm/5.4.1/bin/../lib/gcc/arm-none-eabi/5.4.1/../../../../arm-none-eabi/lib/armv7-m\libg_nano.a(lib_a-sbrkr.o)
                0x0000532c                _sbrk_r
 .text.memmove  0x0000534c       0x36 c:/program files (x86)/cypress/psoc creator/4.4/psoc creator/import/gnu/arm/5.4.1/bin/../lib/gcc/arm-none-eabi/5.4.1/../../../../arm-none-eabi/lib/armv7-m\libg_nano.a(lib_a-memmove.o)
                0x0000534c                memmove
 .text.__malloc_lock
                0x00005382        0x2 c:/program files (x86)/cypress/psoc creator/4.4/psoc creator/import/gnu/arm/5.4.1/bin/../lib/gcc/arm-none-eabi/5.4.1/../../../../arm-none-eabi/lib/armv7-m\libg_nano.a(lib_a-mlock.o)
                0x00005382                __malloc_lock
 .text.__malloc_unlock
                0x00005384        0x2 c:/program files (x86)/cypress/psoc creator/4.4/psoc creator/import/gnu/arm/5.4.1/bin/../lib/gcc/arm-none-eabi/5.4.1/../../../../arm-none-eabi/lib/armv7-m\libg_nano.a(lib_a-mlock.o)
                0x00005384                __malloc_unlock
 .text._realloc_r
                0x00005386       0x4c c:/program files (x86)/cypress/psoc creator/4.4/psoc creator/import/gnu/arm/5.4.1/bin/../lib/gcc/arm-none-eabi/5.4.1/../../../../arm-none-eabi/lib/armv7-m\libg_nano.a(lib_a-nano-reallocr.o)
                0x00005386                _realloc_r
 .text._malloc_usable_size_r
                0x000053d2       0x14 c:/program files (x86)/cypress/psoc creator/4.4/psoc creator/import/gnu/arm/5.4.1/bin/../lib/gcc/arm-none-eabi/5.4.1/../../../../arm-none-eabi/lib/armv7-m\libg_nano.a(lib_a-nano-msizer.o)
                0x000053d2                _malloc_usable_size_r
 *fill*         0x000053e6        0x2 
 .text          0x000053e8      0x110 c:/program files (x86)/cypress/psoc creator/4.4/psoc creator/import/gnu/arm/5.4.1/bin/../lib/gcc/arm-none-eabi/5.4.1/armv7-m\libgcc.a(_arm_cmpdf2.o)
                0x000053e8                __gtdf2
                0x000053e8                __gedf2
                0x000053f0                __ltdf2
                0x000053f0                __ledf2
                0x000053f8                __nedf2
                0x000053f8                __eqdf2
                0x000053f8                __cmpdf2
                0x00005474                __aeabi_cdrcmple
                0x00005484                __aeabi_cdcmpeq
                0x00005484                __aeabi_cdcmple
                0x00005494                __aeabi_dcmpeq
                0x000054a8                __aeabi_dcmplt
                0x000054bc                __aeabi_dcmple
                0x000054d0                __aeabi_dcmpge
                0x000054e4                __aeabi_dcmpgt
 .text          0x000054f8       0x2c c:/program files (x86)/cypress/psoc creator/4.4/psoc creator/import/gnu/arm/5.4.1/bin/../lib/gcc/arm-none-eabi/5.4.1/armv7-m\libgcc.a(_arm_unorddf2.o)
                0x000054f8                __unorddf2
                0x000054f8                __aeabi_dcmpun
 *(.plt)
 *(.gnu.warning)
 *(.glue_7t)
 .glue_7t       0x00005524        0x0 linker stubs
 *(.glue_7)
 .glue_7        0x00005524        0x0 linker stubs
 *(.vfp11_veneer)
 .vfp11_veneer  0x00005524        0x0 linker stubs
 *(.bootloader)
 *(.ARM.extab* .gnu.linkonce.armextab.*)
 *(.gcc_except_table)

.v4_bx          0x00005524        0x0
 .v4_bx         0x00005524        0x0 linker stubs

.iplt           0x00005524        0x0
 .iplt          0x00005524        0x0 c:/program files (x86)/cypress/psoc creator/4.4/psoc creator/import/gnu/arm/5.4.1/bin/../lib/gcc/arm-none-eabi/5.4.1/armv7-m/crtbegin.o

.eh_frame_hdr
 *(.eh_frame_hdr)

.eh_frame       0x00005524        0x4
 *(.eh_frame)
 .eh_frame      0x00005524        0x0 c:/program files (x86)/cypress/psoc creator/4.4/psoc creator/import/gnu/arm/5.4.1/bin/../lib/gcc/arm-none-eabi/5.4.1/armv7-m/crtbegin.o
 .eh_frame      0x00005524        0x4 c:/program files (x86)/cypress/psoc creator/4.4/psoc creator/import/gnu/arm/5.4.1/bin/../lib/gcc/arm-none-eabi/5.4.1/armv7-m/crtend.o
                [!provide]                PROVIDE (__exidx_start, .)

.ARM.exidx
 *(.ARM.exidx* .gnu.linkonce.armexidx.*)
                0x00005528                __exidx_end = .

.rodata         0x00005528      0x210
 *(.rodata .rodata.* .gnu.linkonce.r.*)
 .rodata        0x00005528       0x25 .\CortexM3\ARM_GCC_541\Debug\main.o
 *fill*         0x0000554d        0x3 
 .rodata        0x00005550       0x50 .\CortexM3\ARM_GCC_541\Debug\cyfitter_cfg.o
 .rodata.str1.1
                0x000055a0        0x2 c:/program files (x86)/cypress/psoc creator/4.4/psoc creator/import/gnu/arm/5.4.1/bin/../lib/gcc/arm-none-eabi/5.4.1/../../../../arm-none-eabi/lib/armv7-m\libg_nano.a(lib_a-impure.o)
 .rodata.str1.1
                0x000055a2       0x12 c:/program files (x86)/cypress/psoc creator/4.4/psoc creator/import/gnu/arm/5.4.1/bin/../lib/gcc/arm-none-eabi/5.4.1/../../../../arm-none-eabi/lib/armv7-m\libg_nano.a(lib_a-nano-vfprintf_float.o)
 .rodata.str1.1
                0x000055b4       0x22 c:/program files (x86)/cypress/psoc creator/4.4/psoc creator/import/gnu/arm/5.4.1/bin/../lib/gcc/arm-none-eabi/5.4.1/../../../../arm-none-eabi/lib/armv7-m\libg_nano.a(lib_a-nano-vfprintf_i.o)
 .rodata.str1.1
                0x000055d6        0xd c:/program files (x86)/cypress/psoc creator/4.4/psoc creator/import/gnu/arm/5.4.1/bin/../lib/gcc/arm-none-eabi/5.4.1/../../../../arm-none-eabi/lib/armv7-m\libg_nano.a(lib_a-dtoa.o)
                                  0xf (size before relaxing)
 .rodata.str1.1
                0x000055e3        0x8 c:/program files (x86)/cypress/psoc creator/4.4/psoc creator/import/gnu/arm/5.4.1/bin/../lib/gcc/arm-none-eabi/5.4.1/../../../../arm-none-eabi/lib/armv7-m\libg_nano.a(lib_a-locale.o)
                                  0xb (size before relaxing)
 *fill*         0x000055eb        0x5 
 .rodata.__mprec_tens
                0x000055f0       0xc8 c:/program files (x86)/cypress/psoc creator/4.4/psoc creator/import/gnu/arm/5.4.1/bin/../lib/gcc/arm-none-eabi/5.4.1/../../../../arm-none-eabi/lib/armv7-m\libg_nano.a(lib_a-mprec.o)
                0x000055f0                __mprec_tens
 .rodata.p05.5408
                0x000056b8        0xc c:/program files (x86)/cypress/psoc creator/4.4/psoc creator/import/gnu/arm/5.4.1/bin/../lib/gcc/arm-none-eabi/5.4.1/../../../../arm-none-eabi/lib/armv7-m\libg_nano.a(lib_a-mprec.o)
 *fill*         0x000056c4        0x4 
 .rodata.__mprec_bigtens
                0x000056c8       0x28 c:/program files (x86)/cypress/psoc creator/4.4/psoc creator/import/gnu/arm/5.4.1/bin/../lib/gcc/arm-none-eabi/5.4.1/../../../../arm-none-eabi/lib/armv7-m\libg_nano.a(lib_a-mprec.o)
                0x000056c8                __mprec_bigtens
 .rodata.str1.1
                0x000056f0       0x11 c:/program files (x86)/cypress/psoc creator/4.4/psoc creator/import/gnu/arm/5.4.1/bin/../lib/gcc/arm-none-eabi/5.4.1/../../../../arm-none-eabi/lib/armv7-m\libg_nano.a(lib_a-nano-svfprintf.o)
                0x00005704                . = ALIGN (0x4)
 *fill*         0x00005701        0x3 
 *(.init)
 .init          0x00005704        0x4 c:/program files (x86)/cypress/psoc creator/4.4/psoc creator/import/gnu/arm/5.4.1/bin/../lib/gcc/arm-none-eabi/5.4.1/armv7-m/crti.o
                0x00005704                _init
 .init          0x00005708        0x8 c:/program files (x86)/cypress/psoc creator/4.4/psoc creator/import/gnu/arm/5.4.1/bin/../lib/gcc/arm-none-eabi/5.4.1/armv7-m/crtn.o
                0x00005710                . = ALIGN (0x4)
                0x00005710                __preinit_array_start = .
 *(.preinit_array)
                0x00005710                __preinit_array_end = .
                0x00005710                . = ALIGN (0x4)
                0x00005710                __init_array_start = .
 *(SORT(.init_array.*))
 *(.init_array)
 .init_array    0x00005710        0x4 c:/program files (x86)/cypress/psoc creator/4.4/psoc creator/import/gnu/arm/5.4.1/bin/../lib/gcc/arm-none-eabi/5.4.1/armv7-m/crtbegin.o
 .init_array    0x00005714        0x4 .\CortexM3\ARM_GCC_541\Debug\Cm3Start.o
                0x00005718                __init_array_end = .
                0x00005718                . = ALIGN (0x4)
 *(.fini)
 .fini          0x00005718        0x4 c:/program files (x86)/cypress/psoc creator/4.4/psoc creator/import/gnu/arm/5.4.1/bin/../lib/gcc/arm-none-eabi/5.4.1/armv7-m/crti.o
                0x00005718                _fini
 .fini          0x0000571c        0x8 c:/program files (x86)/cypress/psoc creator/4.4/psoc creator/import/gnu/arm/5.4.1/bin/../lib/gcc/arm-none-eabi/5.4.1/armv7-m/crtn.o
                0x00005724                . = ALIGN (0x4)
                0x00005724                __fini_array_start = .
 *(.fini_array)
 .fini_array    0x00005724        0x4 c:/program files (x86)/cypress/psoc creator/4.4/psoc creator/import/gnu/arm/5.4.1/bin/../lib/gcc/arm-none-eabi/5.4.1/armv7-m/crtbegin.o
 *(SORT(.fini_array.*))
                0x00005728                __fini_array_end = .
                0x00005728                . = ALIGN (0x4)
 *crtbegin.o(.ctors)
 *(EXCLUDE_FILE(*crtend.o) .ctors)
 *(SORT(.ctors.*))
 *crtend.o(.ctors)
                0x00005728                . = ALIGN (0x4)
 *crtbegin.o(.dtors)
 *(EXCLUDE_FILE(*crtend.o) .dtors)
 *(SORT(.dtors.*))
 *crtend.o(.dtors)
                0x00005728                . = ALIGN (0x4)
                0x00005728                __cy_regions = .
                0x00005728        0x4 LONG 0x5738 __cy_region_init_ram
                0x0000572c        0x4 LONG 0x1fff80c8 __cy_region_start_data
                0x00005730        0x4 LONG 0xb8 __cy_region_init_size_ram
                0x00005734        0x4 LONG 0x820 __cy_region_zero_size_ram
                0x00005738                __cy_regions_end = .
                0x00005738                . = ALIGN (0x8)
                0x00005738                _etext = .

.cy_checksum_exclude
                0x00005738        0x0
 *(.cy_checksum_exclude)

.ramvectors     0x1fff8000       0xc0
                0x1fff8000                __cy_region_start_ram = .
 *(.ramvectors)
 .ramvectors    0x1fff8000       0xc0 .\CortexM3\ARM_GCC_541\Debug\Cm3Start.o
                0x1fff8000                CyRamVectors

.noinit         0x1fff80c0        0x5
 *(.noinit)
 .noinit        0x1fff80c0        0x4 .\CortexM3\ARM_GCC_541\Debug\Cm3Start.o
 .noinit        0x1fff80c4        0x1 .\CortexM3\ARM_GCC_541\Debug\Saturimetro.a(CyLib.o)
                0x1fff80c4                CyResetStatus

.data           0x1fff80c8       0xb8 load address 0x00005738
                0x1fff80c8                __cy_region_start_data = .
 *(.jcr)
 .jcr           0x1fff80c8        0x0 c:/program files (x86)/cypress/psoc creator/4.4/psoc creator/import/gnu/arm/5.4.1/bin/../lib/gcc/arm-none-eabi/5.4.1/armv7-m/crtbegin.o
 .jcr           0x1fff80c8        0x4 c:/program files (x86)/cypress/psoc creator/4.4/psoc creator/import/gnu/arm/5.4.1/bin/../lib/gcc/arm-none-eabi/5.4.1/armv7-m/crtend.o
 *(.got.plt)
 *(.got)
 *(.shdata)
 *(.data .data.* .gnu.linkonce.d.*)
 .data          0x1fff80cc        0x1 .\CortexM3\ARM_GCC_541\Debug\main.o
                0x1fff80cc                flag_start
 *fill*         0x1fff80cd        0x3 
 .data          0x1fff80d0        0x4 .\CortexM3\ARM_GCC_541\Debug\Cm3Start.o
 .data          0x1fff80d4       0x10 .\CortexM3\ARM_GCC_541\Debug\Saturimetro.a(CyLib.o)
                0x1fff80d4                cydelay_freq_hz
                0x1fff80d8                cydelay_freq_khz
                0x1fff80dc                cydelay_freq_mhz
                0x1fff80e0                cydelay_32k_ms
 .data.impure_data
                0x1fff80e4       0x60 c:/program files (x86)/cypress/psoc creator/4.4/psoc creator/import/gnu/arm/5.4.1/bin/../lib/gcc/arm-none-eabi/5.4.1/../../../../arm-none-eabi/lib/armv7-m\libg_nano.a(lib_a-impure.o)
 .data._impure_ptr
                0x1fff8144        0x4 c:/program files (x86)/cypress/psoc creator/4.4/psoc creator/import/gnu/arm/5.4.1/bin/../lib/gcc/arm-none-eabi/5.4.1/../../../../arm-none-eabi/lib/armv7-m\libg_nano.a(lib_a-impure.o)
                0x1fff8144                _impure_ptr
 .data.lconv    0x1fff8148       0x38 c:/program files (x86)/cypress/psoc creator/4.4/psoc creator/import/gnu/arm/5.4.1/bin/../lib/gcc/arm-none-eabi/5.4.1/../../../../arm-none-eabi/lib/armv7-m\libg_nano.a(lib_a-locale.o)
                0x1fff8180                . = ALIGN (0x8)
 *(.ram)
                0x1fff8180                _edata = .

.igot.plt       0x1fff8180        0x0 load address 0x000057f0
 .igot.plt      0x1fff8180        0x0 c:/program files (x86)/cypress/psoc creator/4.4/psoc creator/import/gnu/arm/5.4.1/bin/../lib/gcc/arm-none-eabi/5.4.1/armv7-m/crtbegin.o

.bss            0x1fff8180      0x820 load address 0x000057f0
                0x1fff8180                PROVIDE (__bss_start__, .)
 *(.shbss)
 *(.bss .bss.* .gnu.linkonce.b.*)
 .bss           0x1fff8180       0x1c c:/program files (x86)/cypress/psoc creator/4.4/psoc creator/import/gnu/arm/5.4.1/bin/../lib/gcc/arm-none-eabi/5.4.1/armv7-m/crtbegin.o
 .bss           0x1fff819c        0x9 .\CortexM3\ARM_GCC_541\Debug\main.o
                0x1fff819c                flag_temp
                0x1fff819d                flag_1s
                0x1fff81a0                gotInterrupt
                0x1fff81a4                j
 .bss           0x1fff81a5        0x1 .\CortexM3\ARM_GCC_541\Debug\Saturimetro.a(I2C_Master.o)
                0x1fff81a5                I2C_Master_initVar
 .bss           0x1fff81a6        0x2 .\CortexM3\ARM_GCC_541\Debug\Saturimetro.a(UART_Debug.o)
                0x1fff81a6                UART_Debug_initVar
 .bss.__malloc_sbrk_start
                0x1fff81a8        0x4 c:/program files (x86)/cypress/psoc creator/4.4/psoc creator/import/gnu/arm/5.4.1/bin/../lib/gcc/arm-none-eabi/5.4.1/../../../../arm-none-eabi/lib/armv7-m\libg_nano.a(lib_a-nano-mallocr.o)
                0x1fff81a8                __malloc_sbrk_start
 .bss.__malloc_free_list
                0x1fff81ac        0x4 c:/program files (x86)/cypress/psoc creator/4.4/psoc creator/import/gnu/arm/5.4.1/bin/../lib/gcc/arm-none-eabi/5.4.1/../../../../arm-none-eabi/lib/armv7-m\libg_nano.a(lib_a-nano-mallocr.o)
                0x1fff81ac                __malloc_free_list
 *(COMMON)
 COMMON         0x1fff81b0      0x7d5 .\CortexM3\ARM_GCC_541\Debug\main.o
                0x1fff81b0                Pulse_amp
                0x1fff81b2                Samples
                0x1fff81b4                an_x
                0x1fff84d4                Average
                0x1fff84d6                Pulse_width
                0x1fff84d8                data
                0x1fff865c                flag_ADC
                0x1fff8660                an_y
                0x1fff8980                ADC_range
                0x1fff8982                flag_PA
                0x1fff8983                flag_SR
                0x1fff8984                flag_PW
 COMMON         0x1fff8985        0x1 .\CortexM3\ARM_GCC_541\Debug\isr.o
                0x1fff8985                x
 COMMON         0x1fff8986        0x1 .\CortexM3\ARM_GCC_541\Debug\Saturimetro.a(I2C_Master.o)
                0x1fff8986                I2C_Master_state
 *fill*         0x1fff8987        0x1 
 COMMON         0x1fff8988        0xf .\CortexM3\ARM_GCC_541\Debug\Saturimetro.a(I2C_Master_MASTER.o)
                0x1fff8988                I2C_Master_mstrRdBufIndex
                0x1fff8989                I2C_Master_mstrWrBufIndex
                0x1fff898a                I2C_Master_mstrWrBufSize
                0x1fff898c                I2C_Master_mstrWrBufPtr
                0x1fff8990                I2C_Master_mstrRdBufPtr
                0x1fff8994                I2C_Master_mstrControl
                0x1fff8995                I2C_Master_mstrStatus
                0x1fff8996                I2C_Master_mstrRdBufSize
 *fill*         0x1fff8997        0x1 
 COMMON         0x1fff8998        0x4 c:/program files (x86)/cypress/psoc creator/4.4/psoc creator/import/gnu/arm/5.4.1/bin/../lib/gcc/arm-none-eabi/5.4.1/../../../../arm-none-eabi/lib/armv7-m\libg_nano.a(lib_a-reent.o)
                0x1fff8998                errno
                0x1fff89a0                . = ALIGN (0x8)
 *fill*         0x1fff899c        0x4 
 *(.ram.b)
                0x1fff89a0                _end = .
                0x1fff89a0                __end = .
                0x1fff89a0                PROVIDE (end, .)
                0x1fff89a0                PROVIDE (__bss_end__, .)
                0x00005738                __cy_region_init_ram = LOADADDR (.data)
                0x000000b8                __cy_region_init_size_ram = (_edata - ADDR (.data))
                0x00000820                __cy_region_zero_size_ram = (_end - _edata)

.heap           0x1fff89a0       0x80 load address 0x000057f0
                0x1fff89a0                . = _end
                0x1fff8a20                . = (. + 0x80)
 *fill*         0x1fff89a0       0x80 
                0x1fff8a20                __cy_heap_limit = .

.stack          0x20007800      0x800
                0x20007800                __cy_stack_limit = .
                0x20008000                . = (. + 0x800)
 *fill*         0x20007800      0x800 
                0x00000001                ASSERT ((__cy_stack_limit >= __cy_heap_limit), region RAM overflowed with stack)
                0x00000000                cy_checksum_exclude_size = (CY_APPL_LOADABLE == 0x1)?SIZEOF (.cy_checksum_exclude):0x0
                0x00000001                ASSERT ((cy_checksum_exclude_size <= CY_CHECKSUM_EXCLUDE_SIZE), CY_BOOT: Section .cy_checksum_exclude size exceedes specified limit.)

.cyloadermeta
 *(.cyloadermeta)

.cyloadablemeta
 *(.cyloadablemeta)

.cyconfigecc    0x80000000      0x3b8
 *(.cyconfigecc)
 .cyconfigecc   0x80000000      0x3b8 .\CortexM3\ARM_GCC_541\Debug\cymetadata.o
                0x80000000                cy_meta_configecc

.cycustnvl      0x90000000        0x4
 *(.cycustnvl)
 .cycustnvl     0x90000000        0x4 .\CortexM3\ARM_GCC_541\Debug\cymetadata.o
                0x90000000                cy_meta_custnvl

.cywolatch      0x90100000        0x4
 *(.cywolatch)
 .cywolatch     0x90100000        0x4 .\CortexM3\ARM_GCC_541\Debug\cymetadata.o
                0x90100000                cy_meta_wonvl

.cyeeprom       0x90200000        0x0
 *(.cyeeprom)
                0x00000001                ASSERT ((. <= ((0x90200000 + ee_offset) + ee_size)), .cyeeprom data will not fit in EEPROM)

.cyflashprotect
                0x90400000      0x100
 *(.cyflashprotect)
 .cyflashprotect
                0x90400000      0x100 .\CortexM3\ARM_GCC_541\Debug\cymetadata.o
                0x90400000                cy_meta_flashprotect

.cymeta         0x90500000        0xc
 *(.cymeta)
 .cymeta        0x90500000        0xc .\CortexM3\ARM_GCC_541\Debug\cymetadata.o
                0x90500000                cy_metadata

.rel.dyn        0x000057f0        0x0 load address 0x9050000c
 .rel.iplt      0x000057f0        0x0 c:/program files (x86)/cypress/psoc creator/4.4/psoc creator/import/gnu/arm/5.4.1/bin/../lib/gcc/arm-none-eabi/5.4.1/armv7-m/crtbegin.o

.stab
 *(.stab)

.stabstr
 *(.stabstr)

.debug
 *(.debug)

.line
 *(.line)

.debug_srcinfo
 *(.debug_srcinfo)

.debug_sfnames
 *(.debug_sfnames)

.debug_aranges  0x00000000      0xc60
 *(.debug_aranges)
 .debug_aranges
                0x00000000       0x28 .\CortexM3\ARM_GCC_541\Debug\main.o
 .debug_aranges
                0x00000028       0x78 .\CortexM3\ARM_GCC_541\Debug\I2C_Interface.o
 .debug_aranges
                0x000000a0      0x1b8 .\CortexM3\ARM_GCC_541\Debug\MAX30101.o
 .debug_aranges
                0x00000258       0x48 .\CortexM3\ARM_GCC_541\Debug\SpO2.o
 .debug_aranges
                0x000002a0       0x20 .\CortexM3\ARM_GCC_541\Debug\isr.o
 .debug_aranges
                0x000002c0       0x38 .\CortexM3\ARM_GCC_541\Debug\HeartRate.o
 .debug_aranges
                0x000002f8       0x18 .\CortexM3\ARM_GCC_541\Debug\millis.o
 .debug_aranges
                0x00000310       0x98 .\CortexM3\ARM_GCC_541\Debug\CyPm.o
 .debug_aranges
                0x000003a8       0x20 .\CortexM3\ARM_GCC_541\Debug\USER.o
 .debug_aranges
                0x000003c8       0x20 .\CortexM3\ARM_GCC_541\Debug\setting_parameters.o
 .debug_aranges
                0x000003e8       0x60 .\CortexM3\ARM_GCC_541\Debug\cyfitter_cfg.o
 .debug_aranges
                0x00000448       0x18 .\CortexM3\ARM_GCC_541\Debug\cymetadata.o
 .debug_aranges
                0x00000460       0x48 .\CortexM3\ARM_GCC_541\Debug\Cm3Start.o
 .debug_aranges
                0x000004a8       0x38 .\CortexM3\ARM_GCC_541\Debug\Saturimetro.a(I2C_Master.o)
 .debug_aranges
                0x000004e0       0x20 .\CortexM3\ARM_GCC_541\Debug\Saturimetro.a(I2C_Master_INT.o)
 .debug_aranges
                0x00000500       0x38 .\CortexM3\ARM_GCC_541\Debug\Saturimetro.a(I2C_Master_PM.o)
 .debug_aranges
                0x00000538       0x80 .\CortexM3\ARM_GCC_541\Debug\Saturimetro.a(I2C_Master_MASTER.o)
 .debug_aranges
                0x000005b8       0xf0 .\CortexM3\ARM_GCC_541\Debug\Saturimetro.a(UART_Debug.o)
 .debug_aranges
                0x000006a8       0x38 .\CortexM3\ARM_GCC_541\Debug\Saturimetro.a(Connection_LED.o)
 .debug_aranges
                0x000006e0       0x80 .\CortexM3\ARM_GCC_541\Debug\Saturimetro.a(isr_MAX30101.o)
 .debug_aranges
                0x00000760       0x48 .\CortexM3\ARM_GCC_541\Debug\Saturimetro.a(MAX30101_INT.o)
 .debug_aranges
                0x000007a8       0x70 .\CortexM3\ARM_GCC_541\Debug\Saturimetro.a(UART_Debug_IntClock.o)
 .debug_aranges
                0x00000818       0x88 .\CortexM3\ARM_GCC_541\Debug\Saturimetro.a(CyFlash.o)
 .debug_aranges
                0x000008a0      0x2a0 .\CortexM3\ARM_GCC_541\Debug\Saturimetro.a(CyLib.o)
 .debug_aranges
                0x00000b40       0x80 .\CortexM3\ARM_GCC_541\Debug\Saturimetro.a(CySpc.o)
 .debug_aranges
                0x00000bc0       0x80 .\CortexM3\ARM_GCC_541\Debug\Saturimetro.a(isr_RX.o)
 .debug_aranges
                0x00000c40       0x20 .\CortexM3\ARM_GCC_541\Debug\Saturimetro.a(CyBootAsmGnu.o)

.debug_pubnames
 *(.debug_pubnames)

.debug_info     0x00000000     0x614e
 *(.debug_info .gnu.linkonce.wi.*)
 .debug_info    0x00000000      0x460 .\CortexM3\ARM_GCC_541\Debug\main.o
 .debug_info    0x00000460      0x3ee .\CortexM3\ARM_GCC_541\Debug\I2C_Interface.o
 .debug_info    0x0000084e      0xcd5 .\CortexM3\ARM_GCC_541\Debug\MAX30101.o
 .debug_info    0x00001523      0x50f .\CortexM3\ARM_GCC_541\Debug\SpO2.o
 .debug_info    0x00001a32      0x11e .\CortexM3\ARM_GCC_541\Debug\isr.o
 .debug_info    0x00001b50      0x39e .\CortexM3\ARM_GCC_541\Debug\HeartRate.o
 .debug_info    0x00001eee       0xae .\CortexM3\ARM_GCC_541\Debug\millis.o
 .debug_info    0x00001f9c      0x57a .\CortexM3\ARM_GCC_541\Debug\CyPm.o
 .debug_info    0x00002516      0x256 .\CortexM3\ARM_GCC_541\Debug\USER.o
 .debug_info    0x0000276c      0x26c .\CortexM3\ARM_GCC_541\Debug\setting_parameters.o
 .debug_info    0x000029d8      0x452 .\CortexM3\ARM_GCC_541\Debug\cyfitter_cfg.o
 .debug_info    0x00002e2a      0x135 .\CortexM3\ARM_GCC_541\Debug\cymetadata.o
 .debug_info    0x00002f5f      0x32b .\CortexM3\ARM_GCC_541\Debug\Cm3Start.o
 .debug_info    0x0000328a      0x201 .\CortexM3\ARM_GCC_541\Debug\Saturimetro.a(I2C_Master.o)
 .debug_info    0x0000348b      0x156 .\CortexM3\ARM_GCC_541\Debug\Saturimetro.a(I2C_Master_INT.o)
 .debug_info    0x000035e1      0x19a .\CortexM3\ARM_GCC_541\Debug\Saturimetro.a(I2C_Master_PM.o)
 .debug_info    0x0000377b      0x3f8 .\CortexM3\ARM_GCC_541\Debug\Saturimetro.a(I2C_Master_MASTER.o)
 .debug_info    0x00003b73      0x50a .\CortexM3\ARM_GCC_541\Debug\Saturimetro.a(UART_Debug.o)
 .debug_info    0x0000407d      0x11e .\CortexM3\ARM_GCC_541\Debug\Saturimetro.a(Connection_LED.o)
 .debug_info    0x0000419b      0x241 .\CortexM3\ARM_GCC_541\Debug\Saturimetro.a(isr_MAX30101.o)
 .debug_info    0x000043dc      0x171 .\CortexM3\ARM_GCC_541\Debug\Saturimetro.a(MAX30101_INT.o)
 .debug_info    0x0000454d      0x25d .\CortexM3\ARM_GCC_541\Debug\Saturimetro.a(UART_Debug_IntClock.o)
 .debug_info    0x000047aa      0x3b9 .\CortexM3\ARM_GCC_541\Debug\Saturimetro.a(CyFlash.o)
 .debug_info    0x00004b63      0xe51 .\CortexM3\ARM_GCC_541\Debug\Saturimetro.a(CyLib.o)
 .debug_info    0x000059b4      0x4c0 .\CortexM3\ARM_GCC_541\Debug\Saturimetro.a(CySpc.o)
 .debug_info    0x00005e74      0x241 .\CortexM3\ARM_GCC_541\Debug\Saturimetro.a(isr_RX.o)
 .debug_info    0x000060b5       0x99 .\CortexM3\ARM_GCC_541\Debug\Saturimetro.a(CyBootAsmGnu.o)

.debug_abbrev   0x00000000     0x1ce5
 *(.debug_abbrev)
 .debug_abbrev  0x00000000      0x141 .\CortexM3\ARM_GCC_541\Debug\main.o
 .debug_abbrev  0x00000141       0xc6 .\CortexM3\ARM_GCC_541\Debug\I2C_Interface.o
 .debug_abbrev  0x00000207      0x1c2 .\CortexM3\ARM_GCC_541\Debug\MAX30101.o
 .debug_abbrev  0x000003c9       0xfa .\CortexM3\ARM_GCC_541\Debug\SpO2.o
 .debug_abbrev  0x000004c3       0x96 .\CortexM3\ARM_GCC_541\Debug\isr.o
 .debug_abbrev  0x00000559      0x137 .\CortexM3\ARM_GCC_541\Debug\HeartRate.o
 .debug_abbrev  0x00000690       0x4b .\CortexM3\ARM_GCC_541\Debug\millis.o
 .debug_abbrev  0x000006db      0x161 .\CortexM3\ARM_GCC_541\Debug\CyPm.o
 .debug_abbrev  0x0000083c       0xf3 .\CortexM3\ARM_GCC_541\Debug\USER.o
 .debug_abbrev  0x0000092f       0xe4 .\CortexM3\ARM_GCC_541\Debug\setting_parameters.o
 .debug_abbrev  0x00000a13      0x1b7 .\CortexM3\ARM_GCC_541\Debug\cyfitter_cfg.o
 .debug_abbrev  0x00000bca       0x66 .\CortexM3\ARM_GCC_541\Debug\cymetadata.o
 .debug_abbrev  0x00000c30      0x1d6 .\CortexM3\ARM_GCC_541\Debug\Cm3Start.o
 .debug_abbrev  0x00000e06       0xe2 .\CortexM3\ARM_GCC_541\Debug\Saturimetro.a(I2C_Master.o)
 .debug_abbrev  0x00000ee8       0x81 .\CortexM3\ARM_GCC_541\Debug\Saturimetro.a(I2C_Master_INT.o)
 .debug_abbrev  0x00000f69       0xf8 .\CortexM3\ARM_GCC_541\Debug\Saturimetro.a(I2C_Master_PM.o)
 .debug_abbrev  0x00001061      0x11e .\CortexM3\ARM_GCC_541\Debug\Saturimetro.a(I2C_Master_MASTER.o)
 .debug_abbrev  0x0000117f      0x163 .\CortexM3\ARM_GCC_541\Debug\Saturimetro.a(UART_Debug.o)
 .debug_abbrev  0x000012e2       0x90 .\CortexM3\ARM_GCC_541\Debug\Saturimetro.a(Connection_LED.o)
 .debug_abbrev  0x00001372      0x172 .\CortexM3\ARM_GCC_541\Debug\Saturimetro.a(isr_MAX30101.o)
 .debug_abbrev  0x000014e4       0x90 .\CortexM3\ARM_GCC_541\Debug\Saturimetro.a(MAX30101_INT.o)
 .debug_abbrev  0x00001574      0x11d .\CortexM3\ARM_GCC_541\Debug\Saturimetro.a(UART_Debug_IntClock.o)
 .debug_abbrev  0x00001691      0x14b .\CortexM3\ARM_GCC_541\Debug\Saturimetro.a(CyFlash.o)
 .debug_abbrev  0x000017dc      0x217 .\CortexM3\ARM_GCC_541\Debug\Saturimetro.a(CyLib.o)
 .debug_abbrev  0x000019f3      0x16c .\CortexM3\ARM_GCC_541\Debug\Saturimetro.a(CySpc.o)
 .debug_abbrev  0x00001b5f      0x172 .\CortexM3\ARM_GCC_541\Debug\Saturimetro.a(isr_RX.o)
 .debug_abbrev  0x00001cd1       0x14 .\CortexM3\ARM_GCC_541\Debug\Saturimetro.a(CyBootAsmGnu.o)

.debug_line     0x00000000     0x39a7
 *(.debug_line)
 .debug_line    0x00000000      0x266 .\CortexM3\ARM_GCC_541\Debug\main.o
 .debug_line    0x00000266      0x25c .\CortexM3\ARM_GCC_541\Debug\I2C_Interface.o
 .debug_line    0x000004c2      0x59a .\CortexM3\ARM_GCC_541\Debug\MAX30101.o
 .debug_line    0x00000a5c      0x39a .\CortexM3\ARM_GCC_541\Debug\SpO2.o
 .debug_line    0x00000df6      0x168 .\CortexM3\ARM_GCC_541\Debug\isr.o
 .debug_line    0x00000f5e      0x1e2 .\CortexM3\ARM_GCC_541\Debug\HeartRate.o
 .debug_line    0x00001140      0x13f .\CortexM3\ARM_GCC_541\Debug\millis.o
 .debug_line    0x0000127f      0x38e .\CortexM3\ARM_GCC_541\Debug\CyPm.o
 .debug_line    0x0000160d      0x1ea .\CortexM3\ARM_GCC_541\Debug\USER.o
 .debug_line    0x000017f7      0x1ad .\CortexM3\ARM_GCC_541\Debug\setting_parameters.o
 .debug_line    0x000019a4      0x21a .\CortexM3\ARM_GCC_541\Debug\cyfitter_cfg.o
 .debug_line    0x00001bbe      0x141 .\CortexM3\ARM_GCC_541\Debug\cymetadata.o
 .debug_line    0x00001cff      0x1dc .\CortexM3\ARM_GCC_541\Debug\Cm3Start.o
 .debug_line    0x00001edb       0xea .\CortexM3\ARM_GCC_541\Debug\Saturimetro.a(I2C_Master.o)
 .debug_line    0x00001fc5      0x149 .\CortexM3\ARM_GCC_541\Debug\Saturimetro.a(I2C_Master_INT.o)
 .debug_line    0x0000210e       0xc9 .\CortexM3\ARM_GCC_541\Debug\Saturimetro.a(I2C_Master_PM.o)
 .debug_line    0x000021d7      0x1f6 .\CortexM3\ARM_GCC_541\Debug\Saturimetro.a(I2C_Master_MASTER.o)
 .debug_line    0x000023cd      0x2e8 .\CortexM3\ARM_GCC_541\Debug\Saturimetro.a(UART_Debug.o)
 .debug_line    0x000026b5       0x9e .\CortexM3\ARM_GCC_541\Debug\Saturimetro.a(Connection_LED.o)
 .debug_line    0x00002753      0x157 .\CortexM3\ARM_GCC_541\Debug\Saturimetro.a(isr_MAX30101.o)
 .debug_line    0x000028aa       0xc1 .\CortexM3\ARM_GCC_541\Debug\Saturimetro.a(MAX30101_INT.o)
 .debug_line    0x0000296b      0x1b2 .\CortexM3\ARM_GCC_541\Debug\Saturimetro.a(UART_Debug_IntClock.o)
 .debug_line    0x00002b1d      0x22f .\CortexM3\ARM_GCC_541\Debug\Saturimetro.a(CyFlash.o)
 .debug_line    0x00002d4c      0x883 .\CortexM3\ARM_GCC_541\Debug\Saturimetro.a(CyLib.o)
 .debug_line    0x000035cf      0x231 .\CortexM3\ARM_GCC_541\Debug\Saturimetro.a(CySpc.o)
 .debug_line    0x00003800      0x141 .\CortexM3\ARM_GCC_541\Debug\Saturimetro.a(isr_RX.o)
 .debug_line    0x00003941       0x66 .\CortexM3\ARM_GCC_541\Debug\Saturimetro.a(CyBootAsmGnu.o)

.debug_frame    0x00000000     0x37b8
 *(.debug_frame)
 .debug_frame   0x00000000       0x54 .\CortexM3\ARM_GCC_541\Debug\main.o
 .debug_frame   0x00000054      0x1d0 .\CortexM3\ARM_GCC_541\Debug\I2C_Interface.o
 .debug_frame   0x00000224      0x778 .\CortexM3\ARM_GCC_541\Debug\MAX30101.o
 .debug_frame   0x0000099c      0x108 .\CortexM3\ARM_GCC_541\Debug\SpO2.o
 .debug_frame   0x00000aa4       0x2c .\CortexM3\ARM_GCC_541\Debug\isr.o
 .debug_frame   0x00000ad0       0xb0 .\CortexM3\ARM_GCC_541\Debug\HeartRate.o
 .debug_frame   0x00000b80      0x234 .\CortexM3\ARM_GCC_541\Debug\CyPm.o
 .debug_frame   0x00000db4       0x3c .\CortexM3\ARM_GCC_541\Debug\USER.o
 .debug_frame   0x00000df0       0x3c .\CortexM3\ARM_GCC_541\Debug\setting_parameters.o
 .debug_frame   0x00000e2c      0x16c .\CortexM3\ARM_GCC_541\Debug\cyfitter_cfg.o
 .debug_frame   0x00000f98       0xd8 .\CortexM3\ARM_GCC_541\Debug\Cm3Start.o
 .debug_frame   0x00001070       0x98 .\CortexM3\ARM_GCC_541\Debug\Saturimetro.a(I2C_Master.o)
 .debug_frame   0x00001108       0x38 .\CortexM3\ARM_GCC_541\Debug\Saturimetro.a(I2C_Master_INT.o)
 .debug_frame   0x00001140       0x94 .\CortexM3\ARM_GCC_541\Debug\Saturimetro.a(I2C_Master_PM.o)
 .debug_frame   0x000011d4      0x208 .\CortexM3\ARM_GCC_541\Debug\Saturimetro.a(I2C_Master_MASTER.o)
 .debug_frame   0x000013dc      0x42c .\CortexM3\ARM_GCC_541\Debug\Saturimetro.a(UART_Debug.o)
 .debug_frame   0x00001808       0xa8 .\CortexM3\ARM_GCC_541\Debug\Saturimetro.a(Connection_LED.o)
 .debug_frame   0x000018b0      0x1e8 .\CortexM3\ARM_GCC_541\Debug\Saturimetro.a(isr_MAX30101.o)
 .debug_frame   0x00001a98       0xf4 .\CortexM3\ARM_GCC_541\Debug\Saturimetro.a(MAX30101_INT.o)
 .debug_frame   0x00001b8c      0x1b4 .\CortexM3\ARM_GCC_541\Debug\Saturimetro.a(UART_Debug_IntClock.o)
 .debug_frame   0x00001d40      0x238 .\CortexM3\ARM_GCC_541\Debug\Saturimetro.a(CyFlash.o)
 .debug_frame   0x00001f78      0xc0c .\CortexM3\ARM_GCC_541\Debug\Saturimetro.a(CyLib.o)
 .debug_frame   0x00002b84      0x228 .\CortexM3\ARM_GCC_541\Debug\Saturimetro.a(CySpc.o)
 .debug_frame   0x00002dac      0x1e8 .\CortexM3\ARM_GCC_541\Debug\Saturimetro.a(isr_RX.o)
 .debug_frame   0x00002f94       0x20 c:/program files (x86)/cypress/psoc creator/4.4/psoc creator/import/gnu/arm/5.4.1/bin/../lib/gcc/arm-none-eabi/5.4.1/../../../../arm-none-eabi/lib/armv7-m\libg_nano.a(lib_a-errno.o)
 .debug_frame   0x00002fb4       0x28 c:/program files (x86)/cypress/psoc creator/4.4/psoc creator/import/gnu/arm/5.4.1/bin/../lib/gcc/arm-none-eabi/5.4.1/../../../../arm-none-eabi/lib/armv7-m\libg_nano.a(lib_a-exit.o)
 .debug_frame   0x00002fdc       0x2c c:/program files (x86)/cypress/psoc creator/4.4/psoc creator/import/gnu/arm/5.4.1/bin/../lib/gcc/arm-none-eabi/5.4.1/../../../../arm-none-eabi/lib/armv7-m\libg_nano.a(lib_a-init.o)
 .debug_frame   0x00003008       0x28 c:/program files (x86)/cypress/psoc creator/4.4/psoc creator/import/gnu/arm/5.4.1/bin/../lib/gcc/arm-none-eabi/5.4.1/../../../../arm-none-eabi/lib/armv7-m\libg_nano.a(lib_a-memcpy-stub.o)
 .debug_frame   0x00003030       0x20 c:/program files (x86)/cypress/psoc creator/4.4/psoc creator/import/gnu/arm/5.4.1/bin/../lib/gcc/arm-none-eabi/5.4.1/../../../../arm-none-eabi/lib/armv7-m\libg_nano.a(lib_a-memset.o)
 .debug_frame   0x00003050       0x8c c:/program files (x86)/cypress/psoc creator/4.4/psoc creator/import/gnu/arm/5.4.1/bin/../lib/gcc/arm-none-eabi/5.4.1/../../../../arm-none-eabi/lib/armv7-m\libg_nano.a(lib_a-nano-vfprintf_float.o)
 .debug_frame   0x000030dc       0x60 c:/program files (x86)/cypress/psoc creator/4.4/psoc creator/import/gnu/arm/5.4.1/bin/../lib/gcc/arm-none-eabi/5.4.1/../../../../arm-none-eabi/lib/armv7-m\libg_nano.a(lib_a-nano-vfprintf_i.o)
 .debug_frame   0x0000313c       0x70 c:/program files (x86)/cypress/psoc creator/4.4/psoc creator/import/gnu/arm/5.4.1/bin/../lib/gcc/arm-none-eabi/5.4.1/../../../../arm-none-eabi/lib/armv7-m\libg_nano.a(lib_a-sprintf.o)
 .debug_frame   0x000031ac       0x6c c:/program files (x86)/cypress/psoc creator/4.4/psoc creator/import/gnu/arm/5.4.1/bin/../lib/gcc/arm-none-eabi/5.4.1/../../../../arm-none-eabi/lib/armv7-m\libg_nano.a(lib_a-dtoa.o)
 .debug_frame   0x00003218       0x98 c:/program files (x86)/cypress/psoc creator/4.4/psoc creator/import/gnu/arm/5.4.1/bin/../lib/gcc/arm-none-eabi/5.4.1/../../../../arm-none-eabi/lib/armv7-m\libg_nano.a(lib_a-locale.o)
 .debug_frame   0x000032b0       0x30 c:/program files (x86)/cypress/psoc creator/4.4/psoc creator/import/gnu/arm/5.4.1/bin/../lib/gcc/arm-none-eabi/5.4.1/../../../../arm-none-eabi/lib/armv7-m\libg_nano.a(lib_a-malloc.o)
 .debug_frame   0x000032e0       0x28 c:/program files (x86)/cypress/psoc creator/4.4/psoc creator/import/gnu/arm/5.4.1/bin/../lib/gcc/arm-none-eabi/5.4.1/../../../../arm-none-eabi/lib/armv7-m\libg_nano.a(lib_a-memchr-stub.o)
 .debug_frame   0x00003308      0x234 c:/program files (x86)/cypress/psoc creator/4.4/psoc creator/import/gnu/arm/5.4.1/bin/../lib/gcc/arm-none-eabi/5.4.1/../../../../arm-none-eabi/lib/armv7-m\libg_nano.a(lib_a-mprec.o)
 .debug_frame   0x0000353c       0x2c c:/program files (x86)/cypress/psoc creator/4.4/psoc creator/import/gnu/arm/5.4.1/bin/../lib/gcc/arm-none-eabi/5.4.1/../../../../arm-none-eabi/lib/armv7-m\libg_nano.a(lib_a-nano-callocr.o)
 .debug_frame   0x00003568       0x38 c:/program files (x86)/cypress/psoc creator/4.4/psoc creator/import/gnu/arm/5.4.1/bin/../lib/gcc/arm-none-eabi/5.4.1/../../../../arm-none-eabi/lib/armv7-m\libg_nano.a(lib_a-nano-freer.o)
 .debug_frame   0x000035a0       0x2c c:/program files (x86)/cypress/psoc creator/4.4/psoc creator/import/gnu/arm/5.4.1/bin/../lib/gcc/arm-none-eabi/5.4.1/../../../../arm-none-eabi/lib/armv7-m\libg_nano.a(lib_a-nano-mallocr.o)
 .debug_frame   0x000035cc       0x90 c:/program files (x86)/cypress/psoc creator/4.4/psoc creator/import/gnu/arm/5.4.1/bin/../lib/gcc/arm-none-eabi/5.4.1/../../../../arm-none-eabi/lib/armv7-m\libg_nano.a(lib_a-nano-svfprintf.o)
 .debug_frame   0x0000365c       0x2c c:/program files (x86)/cypress/psoc creator/4.4/psoc creator/import/gnu/arm/5.4.1/bin/../lib/gcc/arm-none-eabi/5.4.1/../../../../arm-none-eabi/lib/armv7-m\libg_nano.a(lib_a-sbrkr.o)
 .debug_frame   0x00003688       0x20 c:/program files (x86)/cypress/psoc creator/4.4/psoc creator/import/gnu/arm/5.4.1/bin/../lib/gcc/arm-none-eabi/5.4.1/../../../../arm-none-eabi/lib/armv7-m\libg_nano.a(lib_a-strcmp.o)
 .debug_frame   0x000036a8       0x28 c:/program files (x86)/cypress/psoc creator/4.4/psoc creator/import/gnu/arm/5.4.1/bin/../lib/gcc/arm-none-eabi/5.4.1/../../../../arm-none-eabi/lib/armv7-m\libg_nano.a(lib_a-memmove.o)
 .debug_frame   0x000036d0       0x30 c:/program files (x86)/cypress/psoc creator/4.4/psoc creator/import/gnu/arm/5.4.1/bin/../lib/gcc/arm-none-eabi/5.4.1/../../../../arm-none-eabi/lib/armv7-m\libg_nano.a(lib_a-mlock.o)
 .debug_frame   0x00003700       0x3c c:/program files (x86)/cypress/psoc creator/4.4/psoc creator/import/gnu/arm/5.4.1/bin/../lib/gcc/arm-none-eabi/5.4.1/../../../../arm-none-eabi/lib/armv7-m\libg_nano.a(lib_a-nano-reallocr.o)
 .debug_frame   0x0000373c       0x5c c:/program files (x86)/cypress/psoc creator/4.4/psoc creator/import/gnu/arm/5.4.1/bin/../lib/gcc/arm-none-eabi/5.4.1/../../../../arm-none-eabi/lib/armv7-m\libg_nano.a(lib_a-reent.o)
 .debug_frame   0x00003798       0x20 c:/program files (x86)/cypress/psoc creator/4.4/psoc creator/import/gnu/arm/5.4.1/bin/../lib/gcc/arm-none-eabi/5.4.1/../../../../arm-none-eabi/lib/armv7-m\libg_nano.a(lib_a-nano-msizer.o)

.debug_str      0x00000000     0x2b85
 *(.debug_str)
 .debug_str     0x00000000      0x2b8 .\CortexM3\ARM_GCC_541\Debug\main.o
                                0x332 (size before relaxing)
 .debug_str     0x000002b8      0x1b6 .\CortexM3\ARM_GCC_541\Debug\I2C_Interface.o
                                0x362 (size before relaxing)
 .debug_str     0x0000046e      0x55e .\CortexM3\ARM_GCC_541\Debug\MAX30101.o
                                0x7cc (size before relaxing)
 .debug_str     0x000009cc      0x247 .\CortexM3\ARM_GCC_541\Debug\SpO2.o
                                0x41f (size before relaxing)
 .debug_str     0x00000c13       0x1c .\CortexM3\ARM_GCC_541\Debug\isr.o
                                0x1cb (size before relaxing)
 .debug_str     0x00000c2f      0x118 .\CortexM3\ARM_GCC_541\Debug\HeartRate.o
                                0x332 (size before relaxing)
 .debug_str     0x00000d47        0x9 .\CortexM3\ARM_GCC_541\Debug\millis.o
                                0x1ac (size before relaxing)
 .debug_str     0x00000d50      0x3af .\CortexM3\ARM_GCC_541\Debug\CyPm.o
                                0x54c (size before relaxing)
 .debug_str     0x000010ff        0xc .\CortexM3\ARM_GCC_541\Debug\USER.o
                                0x260 (size before relaxing)
 .debug_str     0x0000110b       0x34 .\CortexM3\ARM_GCC_541\Debug\setting_parameters.o
                                0x27e (size before relaxing)
 .debug_str     0x0000113f      0x184 .\CortexM3\ARM_GCC_541\Debug\cyfitter_cfg.o
                                0x341 (size before relaxing)
 .debug_str     0x000012c3       0x75 .\CortexM3\ARM_GCC_541\Debug\cymetadata.o
                                0x1ed (size before relaxing)
 .debug_str     0x00001338      0x123 .\CortexM3\ARM_GCC_541\Debug\Cm3Start.o
                                0x2e0 (size before relaxing)
 .debug_str     0x0000145b      0x13b .\CortexM3\ARM_GCC_541\Debug\Saturimetro.a(I2C_Master.o)
                                0x2e3 (size before relaxing)
 .debug_str     0x00001596       0xb7 .\CortexM3\ARM_GCC_541\Debug\Saturimetro.a(I2C_Master_INT.o)
                                0x2ae (size before relaxing)
 .debug_str     0x0000164d       0x79 .\CortexM3\ARM_GCC_541\Debug\Saturimetro.a(I2C_Master_PM.o)
                                0x276 (size before relaxing)
 .debug_str     0x000016c6      0x1d2 .\CortexM3\ARM_GCC_541\Debug\Saturimetro.a(I2C_Master_MASTER.o)
                                0x44e (size before relaxing)
 .debug_str     0x00001898      0x32e .\CortexM3\ARM_GCC_541\Debug\Saturimetro.a(UART_Debug.o)
                                0x4d8 (size before relaxing)
 .debug_str     0x00001bc6       0x93 .\CortexM3\ARM_GCC_541\Debug\Saturimetro.a(Connection_LED.o)
                                0x218 (size before relaxing)
 .debug_str     0x00001c59      0x160 .\CortexM3\ARM_GCC_541\Debug\Saturimetro.a(isr_MAX30101.o)
                                0x311 (size before relaxing)
 .debug_str     0x00001db9       0xc1 .\CortexM3\ARM_GCC_541\Debug\Saturimetro.a(MAX30101_INT.o)
                                0x258 (size before relaxing)
 .debug_str     0x00001e7a      0x1f2 .\CortexM3\ARM_GCC_541\Debug\Saturimetro.a(UART_Debug_IntClock.o)
                                0x387 (size before relaxing)
 .debug_str     0x0000206c      0x154 .\CortexM3\ARM_GCC_541\Debug\Saturimetro.a(CyFlash.o)
                                0x310 (size before relaxing)
 .debug_str     0x000021c0      0x7a4 .\CortexM3\ARM_GCC_541\Debug\Saturimetro.a(CyLib.o)
                                0x9f3 (size before relaxing)
 .debug_str     0x00002964      0x12d .\CortexM3\ARM_GCC_541\Debug\Saturimetro.a(CySpc.o)
                                0x30a (size before relaxing)
 .debug_str     0x00002a91       0xf4 .\CortexM3\ARM_GCC_541\Debug\Saturimetro.a(isr_RX.o)
                                0x2bd (size before relaxing)

.debug_loc
 *(.debug_loc)

.debug_macinfo
 *(.debug_macinfo)

.debug_ranges   0x00000000      0xa90
 *(.debug_ranges)
 .debug_ranges  0x00000000       0x18 .\CortexM3\ARM_GCC_541\Debug\main.o
 .debug_ranges  0x00000018       0x68 .\CortexM3\ARM_GCC_541\Debug\I2C_Interface.o
 .debug_ranges  0x00000080      0x1a8 .\CortexM3\ARM_GCC_541\Debug\MAX30101.o
 .debug_ranges  0x00000228       0x38 .\CortexM3\ARM_GCC_541\Debug\SpO2.o
 .debug_ranges  0x00000260       0x10 .\CortexM3\ARM_GCC_541\Debug\isr.o
 .debug_ranges  0x00000270       0x28 .\CortexM3\ARM_GCC_541\Debug\HeartRate.o
 .debug_ranges  0x00000298       0x88 .\CortexM3\ARM_GCC_541\Debug\CyPm.o
 .debug_ranges  0x00000320       0x10 .\CortexM3\ARM_GCC_541\Debug\USER.o
 .debug_ranges  0x00000330       0x10 .\CortexM3\ARM_GCC_541\Debug\setting_parameters.o
 .debug_ranges  0x00000340       0x50 .\CortexM3\ARM_GCC_541\Debug\cyfitter_cfg.o
 .debug_ranges  0x00000390       0x38 .\CortexM3\ARM_GCC_541\Debug\Cm3Start.o
 .debug_ranges  0x000003c8       0x28 .\CortexM3\ARM_GCC_541\Debug\Saturimetro.a(I2C_Master.o)
 .debug_ranges  0x000003f0       0x10 .\CortexM3\ARM_GCC_541\Debug\Saturimetro.a(I2C_Master_INT.o)
 .debug_ranges  0x00000400       0x28 .\CortexM3\ARM_GCC_541\Debug\Saturimetro.a(I2C_Master_PM.o)
 .debug_ranges  0x00000428       0x70 .\CortexM3\ARM_GCC_541\Debug\Saturimetro.a(I2C_Master_MASTER.o)
 .debug_ranges  0x00000498       0xe0 .\CortexM3\ARM_GCC_541\Debug\Saturimetro.a(UART_Debug.o)
 .debug_ranges  0x00000578       0x28 .\CortexM3\ARM_GCC_541\Debug\Saturimetro.a(Connection_LED.o)
 .debug_ranges  0x000005a0       0x70 .\CortexM3\ARM_GCC_541\Debug\Saturimetro.a(isr_MAX30101.o)
 .debug_ranges  0x00000610       0x38 .\CortexM3\ARM_GCC_541\Debug\Saturimetro.a(MAX30101_INT.o)
 .debug_ranges  0x00000648       0x60 .\CortexM3\ARM_GCC_541\Debug\Saturimetro.a(UART_Debug_IntClock.o)
 .debug_ranges  0x000006a8       0x78 .\CortexM3\ARM_GCC_541\Debug\Saturimetro.a(CyFlash.o)
 .debug_ranges  0x00000720      0x290 .\CortexM3\ARM_GCC_541\Debug\Saturimetro.a(CyLib.o)
 .debug_ranges  0x000009b0       0x70 .\CortexM3\ARM_GCC_541\Debug\Saturimetro.a(CySpc.o)
 .debug_ranges  0x00000a20       0x70 .\CortexM3\ARM_GCC_541\Debug\Saturimetro.a(isr_RX.o)

.comment        0x00000000       0x6e
 .comment       0x00000000       0x6e .\CortexM3\ARM_GCC_541\Debug\main.o
                                 0x6f (size before relaxing)
 .comment       0x0000006e       0x6f .\CortexM3\ARM_GCC_541\Debug\I2C_Interface.o
 .comment       0x0000006e       0x6f .\CortexM3\ARM_GCC_541\Debug\MAX30101.o
 .comment       0x0000006e       0x6f .\CortexM3\ARM_GCC_541\Debug\SpO2.o
 .comment       0x0000006e       0x6f .\CortexM3\ARM_GCC_541\Debug\isr.o
 .comment       0x0000006e       0x6f .\CortexM3\ARM_GCC_541\Debug\HeartRate.o
 .comment       0x0000006e       0x6f .\CortexM3\ARM_GCC_541\Debug\millis.o
 .comment       0x0000006e       0x6f .\CortexM3\ARM_GCC_541\Debug\CyPm.o
 .comment       0x0000006e       0x6f .\CortexM3\ARM_GCC_541\Debug\USER.o
 .comment       0x0000006e       0x6f .\CortexM3\ARM_GCC_541\Debug\setting_parameters.o
 .comment       0x0000006e       0x6f .\CortexM3\ARM_GCC_541\Debug\cyfitter_cfg.o
 .comment       0x0000006e       0x6f .\CortexM3\ARM_GCC_541\Debug\cymetadata.o
 .comment       0x0000006e       0x6f .\CortexM3\ARM_GCC_541\Debug\Cm3Start.o
 .comment       0x0000006e       0x6f .\CortexM3\ARM_GCC_541\Debug\Saturimetro.a(I2C_Master.o)
 .comment       0x0000006e       0x6f .\CortexM3\ARM_GCC_541\Debug\Saturimetro.a(I2C_Master_INT.o)
 .comment       0x0000006e       0x6f .\CortexM3\ARM_GCC_541\Debug\Saturimetro.a(I2C_Master_PM.o)
 .comment       0x0000006e       0x6f .\CortexM3\ARM_GCC_541\Debug\Saturimetro.a(I2C_Master_MASTER.o)
 .comment       0x0000006e       0x6f .\CortexM3\ARM_GCC_541\Debug\Saturimetro.a(UART_Debug.o)
 .comment       0x0000006e       0x6f .\CortexM3\ARM_GCC_541\Debug\Saturimetro.a(Connection_LED.o)
 .comment       0x0000006e       0x6f .\CortexM3\ARM_GCC_541\Debug\Saturimetro.a(isr_MAX30101.o)
 .comment       0x0000006e       0x6f .\CortexM3\ARM_GCC_541\Debug\Saturimetro.a(MAX30101_INT.o)
 .comment       0x0000006e       0x6f .\CortexM3\ARM_GCC_541\Debug\Saturimetro.a(UART_Debug_IntClock.o)
 .comment       0x0000006e       0x6f .\CortexM3\ARM_GCC_541\Debug\Saturimetro.a(CyFlash.o)
 .comment       0x0000006e       0x6f .\CortexM3\ARM_GCC_541\Debug\Saturimetro.a(CyLib.o)
 .comment       0x0000006e       0x6f .\CortexM3\ARM_GCC_541\Debug\Saturimetro.a(CySpc.o)
 .comment       0x0000006e       0x6f .\CortexM3\ARM_GCC_541\Debug\Saturimetro.a(isr_RX.o)

.debug_weaknames
 *(.debug_weaknames)

.debug_funcnames
 *(.debug_funcnames)

.debug_typenames
 *(.debug_typenames)

.debug_varnames
 *(.debug_varnames)

.note.gnu.arm.ident
 *(.note.gnu.arm.ident)

.ARM.attributes
                0x00000000       0x29
 *(.ARM.attributes)
 .ARM.attributes
                0x00000000       0x1d c:/program files (x86)/cypress/psoc creator/4.4/psoc creator/import/gnu/arm/5.4.1/bin/../lib/gcc/arm-none-eabi/5.4.1/armv7-m/crti.o
 .ARM.attributes
                0x0000001d       0x2d c:/program files (x86)/cypress/psoc creator/4.4/psoc creator/import/gnu/arm/5.4.1/bin/../lib/gcc/arm-none-eabi/5.4.1/armv7-m/crtbegin.o
 .ARM.attributes
                0x0000004a       0x1b c:/program files (x86)/cypress/psoc creator/4.4/psoc creator/import/gnu/arm/5.4.1/bin/../lib/gcc/arm-none-eabi/5.4.1/../../../../arm-none-eabi/lib/armv7-m/crt0.o
 .ARM.attributes
                0x00000065       0x33 .\CortexM3\ARM_GCC_541\Debug\main.o
 .ARM.attributes
                0x00000098       0x33 .\CortexM3\ARM_GCC_541\Debug\I2C_Interface.o
 .ARM.attributes
                0x000000cb       0x33 .\CortexM3\ARM_GCC_541\Debug\MAX30101.o
 .ARM.attributes
                0x000000fe       0x33 .\CortexM3\ARM_GCC_541\Debug\SpO2.o
 .ARM.attributes
                0x00000131       0x33 .\CortexM3\ARM_GCC_541\Debug\isr.o
 .ARM.attributes
                0x00000164       0x33 .\CortexM3\ARM_GCC_541\Debug\HeartRate.o
 .ARM.attributes
                0x00000197       0x33 .\CortexM3\ARM_GCC_541\Debug\millis.o
 .ARM.attributes
                0x000001ca       0x33 .\CortexM3\ARM_GCC_541\Debug\CyPm.o
 .ARM.attributes
                0x000001fd       0x33 .\CortexM3\ARM_GCC_541\Debug\USER.o
 .ARM.attributes
                0x00000230       0x33 .\CortexM3\ARM_GCC_541\Debug\setting_parameters.o
 .ARM.attributes
                0x00000263       0x33 .\CortexM3\ARM_GCC_541\Debug\cyfitter_cfg.o
 .ARM.attributes
                0x00000296       0x33 .\CortexM3\ARM_GCC_541\Debug\cymetadata.o
 .ARM.attributes
                0x000002c9       0x33 .\CortexM3\ARM_GCC_541\Debug\Cm3Start.o
 .ARM.attributes
                0x000002fc       0x33 .\CortexM3\ARM_GCC_541\Debug\Saturimetro.a(I2C_Master.o)
 .ARM.attributes
                0x0000032f       0x33 .\CortexM3\ARM_GCC_541\Debug\Saturimetro.a(I2C_Master_INT.o)
 .ARM.attributes
                0x00000362       0x33 .\CortexM3\ARM_GCC_541\Debug\Saturimetro.a(I2C_Master_PM.o)
 .ARM.attributes
                0x00000395       0x33 .\CortexM3\ARM_GCC_541\Debug\Saturimetro.a(I2C_Master_MASTER.o)
 .ARM.attributes
                0x000003c8       0x33 .\CortexM3\ARM_GCC_541\Debug\Saturimetro.a(UART_Debug.o)
 .ARM.attributes
                0x000003fb       0x33 .\CortexM3\ARM_GCC_541\Debug\Saturimetro.a(Connection_LED.o)
 .ARM.attributes
                0x0000042e       0x33 .\CortexM3\ARM_GCC_541\Debug\Saturimetro.a(isr_MAX30101.o)
 .ARM.attributes
                0x00000461       0x33 .\CortexM3\ARM_GCC_541\Debug\Saturimetro.a(MAX30101_INT.o)
 .ARM.attributes
                0x00000494       0x33 .\CortexM3\ARM_GCC_541\Debug\Saturimetro.a(UART_Debug_IntClock.o)
 .ARM.attributes
                0x000004c7       0x33 .\CortexM3\ARM_GCC_541\Debug\Saturimetro.a(CyFlash.o)
 .ARM.attributes
                0x000004fa       0x33 .\CortexM3\ARM_GCC_541\Debug\Saturimetro.a(CyLib.o)
 .ARM.attributes
                0x0000052d       0x33 .\CortexM3\ARM_GCC_541\Debug\Saturimetro.a(CySpc.o)
 .ARM.attributes
                0x00000560       0x33 .\CortexM3\ARM_GCC_541\Debug\Saturimetro.a(isr_RX.o)
 .ARM.attributes
                0x00000593       0x21 .\CortexM3\ARM_GCC_541\Debug\Saturimetro.a(CyBootAsmGnu.o)
 .ARM.attributes
                0x000005b4       0x1d c:/program files (x86)/cypress/psoc creator/4.4/psoc creator/import/gnu/arm/5.4.1/bin/../lib/gcc/arm-none-eabi/5.4.1/armv7-m\libgcc.a(_arm_addsubdf3.o)
 .ARM.attributes
                0x000005d1       0x1d c:/program files (x86)/cypress/psoc creator/4.4/psoc creator/import/gnu/arm/5.4.1/bin/../lib/gcc/arm-none-eabi/5.4.1/armv7-m\libgcc.a(_arm_muldivdf3.o)
 .ARM.attributes
                0x000005ee       0x1d c:/program files (x86)/cypress/psoc creator/4.4/psoc creator/import/gnu/arm/5.4.1/bin/../lib/gcc/arm-none-eabi/5.4.1/armv7-m\libgcc.a(_arm_fixdfsi.o)
 .ARM.attributes
                0x0000060b       0x1d c:/program files (x86)/cypress/psoc creator/4.4/psoc creator/import/gnu/arm/5.4.1/bin/../lib/gcc/arm-none-eabi/5.4.1/armv7-m\libgcc.a(_arm_truncdfsf2.o)
 .ARM.attributes
                0x00000628       0x1d c:/program files (x86)/cypress/psoc creator/4.4/psoc creator/import/gnu/arm/5.4.1/bin/../lib/gcc/arm-none-eabi/5.4.1/armv7-m\libgcc.a(_arm_addsubsf3.o)
 .ARM.attributes
                0x00000645       0x2d c:/program files (x86)/cypress/psoc creator/4.4/psoc creator/import/gnu/arm/5.4.1/bin/../lib/gcc/arm-none-eabi/5.4.1/../../../../arm-none-eabi/lib/armv7-m\libg_nano.a(lib_a-errno.o)
 .ARM.attributes
                0x00000672       0x2d c:/program files (x86)/cypress/psoc creator/4.4/psoc creator/import/gnu/arm/5.4.1/bin/../lib/gcc/arm-none-eabi/5.4.1/../../../../arm-none-eabi/lib/armv7-m\libg_nano.a(lib_a-exit.o)
 .ARM.attributes
                0x0000069f       0x2d c:/program files (x86)/cypress/psoc creator/4.4/psoc creator/import/gnu/arm/5.4.1/bin/../lib/gcc/arm-none-eabi/5.4.1/../../../../arm-none-eabi/lib/armv7-m\libg_nano.a(lib_a-impure.o)
 .ARM.attributes
                0x000006cc       0x2d c:/program files (x86)/cypress/psoc creator/4.4/psoc creator/import/gnu/arm/5.4.1/bin/../lib/gcc/arm-none-eabi/5.4.1/../../../../arm-none-eabi/lib/armv7-m\libg_nano.a(lib_a-init.o)
 .ARM.attributes
                0x000006f9       0x2d c:/program files (x86)/cypress/psoc creator/4.4/psoc creator/import/gnu/arm/5.4.1/bin/../lib/gcc/arm-none-eabi/5.4.1/../../../../arm-none-eabi/lib/armv7-m\libg_nano.a(lib_a-memcpy-stub.o)
 .ARM.attributes
                0x00000726       0x2d c:/program files (x86)/cypress/psoc creator/4.4/psoc creator/import/gnu/arm/5.4.1/bin/../lib/gcc/arm-none-eabi/5.4.1/../../../../arm-none-eabi/lib/armv7-m\libg_nano.a(lib_a-memset.o)
 .ARM.attributes
                0x00000753       0x2d c:/program files (x86)/cypress/psoc creator/4.4/psoc creator/import/gnu/arm/5.4.1/bin/../lib/gcc/arm-none-eabi/5.4.1/../../../../arm-none-eabi/lib/armv7-m\libg_nano.a(lib_a-nano-vfprintf_float.o)
 .ARM.attributes
                0x00000780       0x2d c:/program files (x86)/cypress/psoc creator/4.4/psoc creator/import/gnu/arm/5.4.1/bin/../lib/gcc/arm-none-eabi/5.4.1/../../../../arm-none-eabi/lib/armv7-m\libg_nano.a(lib_a-nano-vfprintf_i.o)
 .ARM.attributes
                0x000007ad       0x2d c:/program files (x86)/cypress/psoc creator/4.4/psoc creator/import/gnu/arm/5.4.1/bin/../lib/gcc/arm-none-eabi/5.4.1/../../../../arm-none-eabi/lib/armv7-m\libg_nano.a(lib_a-sprintf.o)
 .ARM.attributes
                0x000007da       0x17 c:/program files (x86)/cypress/psoc creator/4.4/psoc creator/import/gnu/arm/5.4.1/bin/../lib/gcc/arm-none-eabi/5.4.1/../../../../arm-none-eabi/lib/armv7-m\libg_nano.a(lib_a-strlen.o)
 .ARM.attributes
                0x000007f1       0x2d c:/program files (x86)/cypress/psoc creator/4.4/psoc creator/import/gnu/arm/5.4.1/bin/../lib/gcc/arm-none-eabi/5.4.1/../../../../arm-none-eabi/lib/armv7-m\libg_nano.a(lib_a-dtoa.o)
 .ARM.attributes
                0x0000081e       0x2d c:/program files (x86)/cypress/psoc creator/4.4/psoc creator/import/gnu/arm/5.4.1/bin/../lib/gcc/arm-none-eabi/5.4.1/../../../../arm-none-eabi/lib/armv7-m\libg_nano.a(lib_a-locale.o)
 .ARM.attributes
                0x0000084b       0x2d c:/program files (x86)/cypress/psoc creator/4.4/psoc creator/import/gnu/arm/5.4.1/bin/../lib/gcc/arm-none-eabi/5.4.1/../../../../arm-none-eabi/lib/armv7-m\libg_nano.a(lib_a-malloc.o)
 .ARM.attributes
                0x00000878       0x2d c:/program files (x86)/cypress/psoc creator/4.4/psoc creator/import/gnu/arm/5.4.1/bin/../lib/gcc/arm-none-eabi/5.4.1/../../../../arm-none-eabi/lib/armv7-m\libg_nano.a(lib_a-memchr-stub.o)
 .ARM.attributes
                0x000008a5       0x2d c:/program files (x86)/cypress/psoc creator/4.4/psoc creator/import/gnu/arm/5.4.1/bin/../lib/gcc/arm-none-eabi/5.4.1/../../../../arm-none-eabi/lib/armv7-m\libg_nano.a(lib_a-mprec.o)
 .ARM.attributes
                0x000008d2       0x2d c:/program files (x86)/cypress/psoc creator/4.4/psoc creator/import/gnu/arm/5.4.1/bin/../lib/gcc/arm-none-eabi/5.4.1/../../../../arm-none-eabi/lib/armv7-m\libg_nano.a(lib_a-nano-callocr.o)
 .ARM.attributes
                0x000008ff       0x2d c:/program files (x86)/cypress/psoc creator/4.4/psoc creator/import/gnu/arm/5.4.1/bin/../lib/gcc/arm-none-eabi/5.4.1/../../../../arm-none-eabi/lib/armv7-m\libg_nano.a(lib_a-nano-freer.o)
 .ARM.attributes
                0x0000092c       0x2d c:/program files (x86)/cypress/psoc creator/4.4/psoc creator/import/gnu/arm/5.4.1/bin/../lib/gcc/arm-none-eabi/5.4.1/../../../../arm-none-eabi/lib/armv7-m\libg_nano.a(lib_a-nano-mallocr.o)
 .ARM.attributes
                0x00000959       0x2d c:/program files (x86)/cypress/psoc creator/4.4/psoc creator/import/gnu/arm/5.4.1/bin/../lib/gcc/arm-none-eabi/5.4.1/../../../../arm-none-eabi/lib/armv7-m\libg_nano.a(lib_a-nano-svfprintf.o)
 .ARM.attributes
                0x00000986       0x2d c:/program files (x86)/cypress/psoc creator/4.4/psoc creator/import/gnu/arm/5.4.1/bin/../lib/gcc/arm-none-eabi/5.4.1/../../../../arm-none-eabi/lib/armv7-m\libg_nano.a(lib_a-sbrkr.o)
 .ARM.attributes
                0x000009b3       0x1b c:/program files (x86)/cypress/psoc creator/4.4/psoc creator/import/gnu/arm/5.4.1/bin/../lib/gcc/arm-none-eabi/5.4.1/../../../../arm-none-eabi/lib/armv7-m\libg_nano.a(lib_a-strcmp.o)
 .ARM.attributes
                0x000009ce       0x2d c:/program files (x86)/cypress/psoc creator/4.4/psoc creator/import/gnu/arm/5.4.1/bin/../lib/gcc/arm-none-eabi/5.4.1/../../../../arm-none-eabi/lib/armv7-m\libg_nano.a(lib_a-memmove.o)
 .ARM.attributes
                0x000009fb       0x2d c:/program files (x86)/cypress/psoc creator/4.4/psoc creator/import/gnu/arm/5.4.1/bin/../lib/gcc/arm-none-eabi/5.4.1/../../../../arm-none-eabi/lib/armv7-m\libg_nano.a(lib_a-mlock.o)
 .ARM.attributes
                0x00000a28       0x2d c:/program files (x86)/cypress/psoc creator/4.4/psoc creator/import/gnu/arm/5.4.1/bin/../lib/gcc/arm-none-eabi/5.4.1/../../../../arm-none-eabi/lib/armv7-m\libg_nano.a(lib_a-nano-reallocr.o)
 .ARM.attributes
                0x00000a55       0x2d c:/program files (x86)/cypress/psoc creator/4.4/psoc creator/import/gnu/arm/5.4.1/bin/../lib/gcc/arm-none-eabi/5.4.1/../../../../arm-none-eabi/lib/armv7-m\libg_nano.a(lib_a-reent.o)
 .ARM.attributes
                0x00000a82       0x2d c:/program files (x86)/cypress/psoc creator/4.4/psoc creator/import/gnu/arm/5.4.1/bin/../lib/gcc/arm-none-eabi/5.4.1/../../../../arm-none-eabi/lib/armv7-m\libg_nano.a(lib_a-nano-msizer.o)
 .ARM.attributes
                0x00000aaf       0x1d c:/program files (x86)/cypress/psoc creator/4.4/psoc creator/import/gnu/arm/5.4.1/bin/../lib/gcc/arm-none-eabi/5.4.1/armv7-m\libgcc.a(_arm_cmpdf2.o)
 .ARM.attributes
                0x00000acc       0x1d c:/program files (x86)/cypress/psoc creator/4.4/psoc creator/import/gnu/arm/5.4.1/bin/../lib/gcc/arm-none-eabi/5.4.1/armv7-m\libgcc.a(_arm_unorddf2.o)
 .ARM.attributes
                0x00000ae9       0x2d c:/program files (x86)/cypress/psoc creator/4.4/psoc creator/import/gnu/arm/5.4.1/bin/../lib/gcc/arm-none-eabi/5.4.1/armv7-m/crtend.o
 .ARM.attributes
                0x00000b16       0x1d c:/program files (x86)/cypress/psoc creator/4.4/psoc creator/import/gnu/arm/5.4.1/bin/../lib/gcc/arm-none-eabi/5.4.1/armv7-m/crtn.o

/DISCARD/
 *(.note.GNU-stack)
OUTPUT(C:\Users\Perro\Desktop\AY2122_II_Project-1\Project_LTEBS\Saturimetro.cydsn\CortexM3\ARM_GCC_541\Debug\Saturimetro.elf elf32-littlearm)
